Component: Arm Compiler for Embedded 6.19 Tool: armlink [5e73cb00]

==============================================================================

Section Cross References

    startup_stm32f407xx.o(STACK) refers (Special) to heapauxi.o(.text) for __use_two_region_memory
    startup_stm32f407xx.o(HEAP) refers (Special) to heapauxi.o(.text) for __use_two_region_memory
    startup_stm32f407xx.o(RESET) refers (Special) to heapauxi.o(.text) for __use_two_region_memory
    startup_stm32f407xx.o(RESET) refers to startup_stm32f407xx.o(STACK) for __initial_sp
    startup_stm32f407xx.o(RESET) refers to startup_stm32f407xx.o(.text) for Reset_Handler
    startup_stm32f407xx.o(RESET) refers to stm32f4xx_it.o(.text.NMI_Handler) for NMI_Handler
    startup_stm32f407xx.o(RESET) refers to stm32f4xx_it.o(.text.HardFault_Handler) for HardFault_Handler
    startup_stm32f407xx.o(RESET) refers to stm32f4xx_it.o(.text.MemManage_Handler) for MemManage_Handler
    startup_stm32f407xx.o(RESET) refers to stm32f4xx_it.o(.text.BusFault_Handler) for BusFault_Handler
    startup_stm32f407xx.o(RESET) refers to stm32f4xx_it.o(.text.UsageFault_Handler) for UsageFault_Handler
    startup_stm32f407xx.o(RESET) refers to stm32f4xx_it.o(.text.SVC_Handler) for SVC_Handler
    startup_stm32f407xx.o(RESET) refers to stm32f4xx_it.o(.text.DebugMon_Handler) for DebugMon_Handler
    startup_stm32f407xx.o(RESET) refers to stm32f4xx_it.o(.text.PendSV_Handler) for PendSV_Handler
    startup_stm32f407xx.o(RESET) refers to stm32f4xx_it.o(.text.SysTick_Handler) for SysTick_Handler
    startup_stm32f407xx.o(RESET) refers to stm32f4xx_it.o(.text.TIM4_IRQHandler) for TIM4_IRQHandler
    startup_stm32f407xx.o(.text) refers (Special) to heapauxi.o(.text) for __use_two_region_memory
    startup_stm32f407xx.o(.text) refers to system_stm32f4xx.o(.text.SystemInit) for SystemInit
    startup_stm32f407xx.o(.text) refers to __main.o(!!!main) for __main
    startup_stm32f407xx.o(.text) refers to startup_stm32f407xx.o(HEAP) for Heap_Mem
    startup_stm32f407xx.o(.text) refers to startup_stm32f407xx.o(STACK) for Stack_Mem
    main.o(.text.main) refers to stm32f4xx_hal.o(.text.HAL_Init) for HAL_Init
    main.o(.text.main) refers to main.o(.text.SystemClock_Config) for SystemClock_Config
    main.o(.text.main) refers to gpio.o(.text.MX_GPIO_Init) for MX_GPIO_Init
    main.o(.text.main) refers to i2c.o(.text.MX_I2C3_Init) for MX_I2C3_Init
    main.o(.text.main) refers to usart.o(.text.MX_USART1_UART_Init) for MX_USART1_UART_Init
    main.o(.text.main) refers to usart.o(.text.MX_USART2_UART_Init) for MX_USART2_UART_Init
    main.o(.text.main) refers to i2c.o(.text.MX_I2C2_Init) for MX_I2C2_Init
    main.o(.text.main) refers to tim.o(.text.MX_TIM2_Init) for MX_TIM2_Init
    main.o(.text.main) refers to tim.o(.text.MX_TIM3_Init) for MX_TIM3_Init
    main.o(.text.main) refers to tim.o(.text.MX_TIM5_Init) for MX_TIM5_Init
    main.o(.text.main) refers to tim.o(.text.MX_TIM4_Init) for MX_TIM4_Init
    main.o(.text.main) refers to tim.o(.text.MX_TIM6_Init) for MX_TIM6_Init
    main.o(.text.main) refers to tim.o(.bss.htim4) for htim4
    main.o(.text.main) refers to stm32f4xx_hal_tim.o(.text.HAL_TIM_Base_Start_IT) for HAL_TIM_Base_Start_IT
    main.o(.text.main) refers to tim.o(.bss.htim6) for htim6
    main.o(.text.main) refers to tim.o(.bss.htim2) for htim2
    main.o(.text.main) refers to stm32f4xx_hal_tim.o(.text.HAL_TIM_PWM_Start) for HAL_TIM_PWM_Start
    main.o(.text.main) refers to tim.o(.bss.htim3) for htim3
    main.o(.text.main) refers to tim.o(.bss.htim5) for htim5
    main.o(.text.main) refers to usart.o(.bss.huart1) for huart1
    main.o(.text.main) refers to main.o(.bss.Motor1) for Motor1
    main.o(.text.main) refers to zdtstepmotor.o(.text.Step_ZDT_Init) for Step_ZDT_Init
    main.o(.text.main) refers to main.o(.bss.Motor2) for Motor2
    main.o(.text.main) refers to main.o(.bss.Motor3) for Motor3
    main.o(.text.main) refers to main.o(.bss.Motor4) for Motor4
    main.o(.text.main) refers to commander.o(.text.motion_StateManager_Init) for motion_StateManager_Init
    main.o(.text.main) refers to steering gear control.o(.text.Yuntai_set_Angle) for Yuntai_set_Angle
    main.o(.text.main) refers to steering gear control.o(.text.Pump_Close) for Pump_Close
    main.o(.text.main) refers to steering gear control.o(.text.Solenoid_Close) for Solenoid_Close
    main.o(.text.main) refers to hardware_iic.o(.text.Sensor_All_Update) for Sensor_All_Update
    main.o(.text.main) refers to stm32f4xx_hal.o(.text.HAL_Delay) for HAL_Delay
    main.o(.text.main) refers to commander.o(.text.motion_StateManager_Execute) for motion_StateManager_Execute
    main.o(.ARM.exidx.text.main) refers to main.o(.text.main) for [Anonymous Symbol]
    main.o(.text.SystemClock_Config) refers to stm32f4xx_hal_rcc.o(.text.HAL_RCC_OscConfig) for HAL_RCC_OscConfig
    main.o(.text.SystemClock_Config) refers to stm32f4xx_hal_rcc.o(.text.HAL_RCC_ClockConfig) for HAL_RCC_ClockConfig
[...]
    [Anonymous Symbol]                       0x08000c1c   Section        0  commander.o(.text.Delivery_beginA1_StateFunc)
    [Anonymous Symbol]                       0x08000c80   Section        0  commander.o(.text.Delivery_beginA2_StateFunc)
    [Anonymous Symbol]                       0x08000c88   Section        0  commander.o(.text.Delivery_beginA3_StateFunc)
    [Anonymous Symbol]                       0x08000c90   Section        0  commander.o(.text.Delivery_endA1_StateFunc)
    [Anonymous Symbol]                       0x08000d08   Section        0  commander.o(.text.Delivery_endA2_StateFunc)
    [Anonymous Symbol]                       0x08000d80   Section        0  commander.o(.text.Delivery_endA3_StateFunc)
    [Anonymous Symbol]                       0x08000df8   Section        0  main.o(.text.Error_Handler)
    [Anonymous Symbol]                       0x08000e00   Section        0  motor.o(.text.Get_Black_Line_Position)
    [Anonymous Symbol]                       0x08000fb0   Section        0  stm32f4xx_hal.o(.text.HAL_Delay)
    [Anonymous Symbol]                       0x08000fd8   Section        0  stm32f4xx_hal_gpio.o(.text.HAL_GPIO_Init)
    [Anonymous Symbol]                       0x08001180   Section        0  stm32f4xx_hal_gpio.o(.text.HAL_GPIO_WritePin)
    [Anonymous Symbol]                       0x0800118c   Section        0  stm32f4xx_hal.o(.text.HAL_GetTick)
    [Anonymous Symbol]                       0x08001198   Section        0  stm32f4xx_hal_i2c.o(.text.HAL_I2C_Init)
    [Anonymous Symbol]                       0x08001310   Section        0  stm32f4xx_hal_i2c.o(.text.HAL_I2C_Mem_Read)
    [Anonymous Symbol]                       0x0800156c   Section        0  i2c.o(.text.HAL_I2C_MspInit)
    [Anonymous Symbol]                       0x08001684   Section        0  stm32f4xx_hal.o(.text.HAL_IncTick)
    [Anonymous Symbol]                       0x080016a0   Section        0  stm32f4xx_hal.o(.text.HAL_Init)
    [Anonymous Symbol]                       0x080016d8   Section        0  stm32f4xx_hal.o(.text.HAL_InitTick)
    [Anonymous Symbol]                       0x08001720   Section        0  stm32f4xx_hal_msp.o(.text.HAL_MspInit)
    [Anonymous Symbol]                       0x08001758   Section        0  stm32f4xx_hal_cortex.o(.text.HAL_NVIC_EnableIRQ)
    [Anonymous Symbol]                       0x08001780   Section        0  stm32f4xx_hal_cortex.o(.text.HAL_NVIC_SetPriority)
    [Anonymous Symbol]                       0x080017d8   Section        0  stm32f4xx_hal_cortex.o(.text.HAL_NVIC_SetPriorityGrouping)
    [Anonymous Symbol]                       0x080017f8   Section        0  stm32f4xx_hal_rcc.o(.text.HAL_RCC_ClockConfig)
    [Anonymous Symbol]                       0x08001958   Section        0  stm32f4xx_hal_rcc.o(.text.HAL_RCC_GetPCLK1Freq)
    [Anonymous Symbol]                       0x08001980   Section        0  stm32f4xx_hal_rcc.o(.text.HAL_RCC_GetPCLK2Freq)
    [Anonymous Symbol]                       0x080019a8   Section        0  stm32f4xx_hal_rcc.o(.text.HAL_RCC_GetSysClockFreq)
    [Anonymous Symbol]                       0x08001a14   Section        0  stm32f4xx_hal_rcc.o(.text.HAL_RCC_OscConfig)
    [Anonymous Symbol]                       0x08001d88   Section        0  stm32f4xx_hal_cortex.o(.text.HAL_SYSTICK_Config)
    [Anonymous Symbol]                       0x08001db4   Section        0  stm32f4xx_hal_tim_ex.o(.text.HAL_TIMEx_BreakCallback)
    [Anonymous Symbol]                       0x08001db8   Section        0  stm32f4xx_hal_tim_ex.o(.text.HAL_TIMEx_CommutCallback)
    [Anonymous Symbol]                       0x08001dbc   Section        0  stm32f4xx_hal_tim_ex.o(.text.HAL_TIMEx_MasterConfigSynchronization)
    [Anonymous Symbol]                       0x08001e74   Section        0  stm32f4xx_hal_tim.o(.text.HAL_TIM_Base_Init)
    [Anonymous Symbol]                       0x08001ed0   Section        0  tim.o(.text.HAL_TIM_Base_MspInit)
    [Anonymous Symbol]                       0x08001fb0   Section        0  stm32f4xx_hal_tim.o(.text.HAL_TIM_Base_Start_IT)
    [Anonymous Symbol]                       0x0800205c   Section        0  stm32f4xx_hal_tim.o(.text.HAL_TIM_ConfigClockSource)
    [Anonymous Symbol]                       0x080021f8   Section        0  stm32f4xx_hal_tim.o(.text.HAL_TIM_IC_CaptureCallback)
    [Anonymous Symbol]                       0x080021fc   Section        0  stm32f4xx_hal_tim.o(.text.HAL_TIM_IRQHandler)
    [Anonymous Symbol]                       0x0800234c   Section        0  stm32f4xx_hal_tim.o(.text.HAL_TIM_OC_DelayElapsedCallback)
    [Anonymous Symbol]                       0x08002350   Section        0  stm32f4xx_hal_tim.o(.text.HAL_TIM_PWM_ConfigChannel)
    [Anonymous Symbol]                       0x08002574   Section        0  stm32f4xx_hal_tim.o(.text.HAL_TIM_PWM_Init)
    [Anonymous Symbol]                       0x080025d0   Section        0  stm32f4xx_hal_tim.o(.text.HAL_TIM_PWM_MspInit)
    [Anonymous Symbol]                       0x080025d4   Section        0  stm32f4xx_hal_tim.o(.text.HAL_TIM_PWM_PulseFinishedCallback)
    [Anonymous Symbol]                       0x080025d8   Section        0  stm32f4xx_hal_tim.o(.text.HAL_TIM_PWM_Start)
    [Anonymous Symbol]                       0x080026ec   Section        0  stm32f4xx_hal_tim.o(.text.HAL_TIM_PeriodElapsedCallback)
    [Anonymous Symbol]                       0x080026f0   Section        0  stm32f4xx_hal_tim.o(.text.HAL_TIM_TriggerCallback)
    [Anonymous Symbol]                       0x080026f4   Section        0  stm32f4xx_hal_uart.o(.text.HAL_UART_Init)
    [Anonymous Symbol]                       0x08002754   Section        0  usart.o(.text.HAL_UART_MspInit)
    [Anonymous Symbol]                       0x08002814   Section        0  stm32f4xx_hal_uart.o(.text.HAL_UART_Transmit)
    [Anonymous Symbol]                       0x0800298c   Section        0  stm32f4xx_it.o(.text.HardFault_Handler)
    I2C_RequestMemoryRead                    0x08002991   Thumb Code   280  stm32f4xx_hal_i2c.o(.text.I2C_RequestMemoryRead)
    [Anonymous Symbol]                       0x08002990   Section        0  stm32f4xx_hal_i2c.o(.text.I2C_RequestMemoryRead)
    I2C_WaitOnFlagUntilTimeout               0x08002aa9   Thumb Code   466  stm32f4xx_hal_i2c.o(.text.I2C_WaitOnFlagUntilTimeout)
    [Anonymous Symbol]                       0x08002aa8   Section        0  stm32f4xx_hal_i2c.o(.text.I2C_WaitOnFlagUntilTimeout)
    I2C_WaitOnMasterAddressFlagUntilTimeout  0x08002c7d   Thumb Code   224  stm32f4xx_hal_i2c.o(.text.I2C_WaitOnMasterAddressFlagUntilTimeout)
    [Anonymous Symbol]                       0x08002c7c   Section        0  stm32f4xx_hal_i2c.o(.text.I2C_WaitOnMasterAddressFlagUntilTimeout)
    I2C_WaitOnRXNEFlagUntilTimeout           0x08002d5d   Thumb Code   144  stm32f4xx_hal_i2c.o(.text.I2C_WaitOnRXNEFlagUntilTimeout)
    [Anonymous Symbol]                       0x08002d5c   Section        0  stm32f4xx_hal_i2c.o(.text.I2C_WaitOnRXNEFlagUntilTimeout)
    I2C_WaitOnTXEFlagUntilTimeout            0x08002ded   Thumb Code   190  stm32f4xx_hal_i2c.o(.text.I2C_WaitOnTXEFlagUntilTimeout)
    [Anonymous Symbol]                       0x08002dec   Section        0  stm32f4xx_hal_i2c.o(.text.I2C_WaitOnTXEFlagUntilTimeout)
    [Anonymous Symbol]                       0x08002eac   Section        0  motor.o(.text.LineTracking)
    [Anonymous Symbol]                       0x08002f78   Section        0  gpio.o(.text.MX_GPIO_Init)
    [Anonymous Symbol]                       0x08003018   Section        0  i2c.o(.text.MX_I2C2_Init)
    [Anonymous Symbol]                       0x08003058   Section        0  i2c.o(.text.MX_I2C3_Init)
    [Anonymous Symbol]                       0x08003098   Section        0  tim.o(.text.MX_TIM2_Init)
    [Anonymous Symbol]                       0x080031fc   Section        0  tim.o(.text.MX_TIM3_Init)
    [Anonymous Symbol]                       0x0800335c   Section        0  tim.o(.text.MX_TIM4_Init)
    [Anonymous Symbol]                       0x080033d0   Section        0  tim.o(.text.MX_TIM5_Init)
    [Anonymous Symbol]                       0x08003530   Section        0  tim.o(.text.MX_TIM6_Init)
    [Anonymous Symbol]                       0x08003580   Section        0  usart.o(.text.MX_USART1_UART_Init)
    [Anonymous Symbol]                       0x080035bc   Section        0  usart.o(.text.MX_USART2_UART_Init)
    [Anonymous Symbol]                       0x080035f8   Section        0  stm32f4xx_it.o(.text.MemManage_Handler)
    [Anonymous Symbol]                       0x080035fc   Section        0  motor.o(.text.Motorangle)
    [Anonymous Symbol]                       0x0800367c   Section        0  motor.o(.text.Move_Backward_Position)
    [Anonymous Symbol]                       0x080036e8   Section        0  motor.o(.text.Move_Forward_Position)
    [Anonymous Symbol]                       0x08003754   Section        0  motor.o(.text.Move_Left_Position)
    [Anonymous Symbol]                       0x080037c8   Section        0  motor.o(.text.Move_Right_Position)
    [Anonymous Symbol]                       0x0800383c   Section        0  stm32f4xx_it.o(.text.NMI_Handler)
    [Anonymous Symbol]                       0x08003840   Section        0  stm32f4xx_it.o(.text.PendSV_Handler)
    [Anonymous Symbol]                       0x08003844   Section        0  steering gear control.o(.text.Pump_Close)
    [Anonymous Symbol]                       0x08003858   Section        0  steering gear control.o(.text.Pump_Open)
    [Anonymous Symbol]                       0x0800386c   Section        0  hardware_iic.o(.text.Read_RGB_HSL)
    [Anonymous Symbol]                       0x080038b4   Section        0  stm32f4xx_it.o(.text.SVC_Handler)
    [Anonymous Symbol]                       0x080038b8   Section        0  hardware_iic.o(.text.Sensor_All_Update)
    [Anonymous Symbol]                       0x08003970   Section        0  steering gear control.o(.text.Sigancatch)
    [Anonymous Symbol]                       0x080039d8   Section        0  steering gear control.o(.text.Siganmove)
    [Anonymous Symbol]                       0x08003a40   Section        0  steering gear control.o(.text.Solenoid_Close)
    [Anonymous Symbol]                       0x08003a54   Section        0  steering gear control.o(.text.Solenoid_Open)
    [Anonymous Symbol]                       0x08003a68   Section        0  zdtstepmotor.o(.text.Step_ZDT_Init)
    [Anonymous Symbol]                       0x08003a80   Section        0  motor.o(.text.Stop)
    [Anonymous Symbol]                       0x08003ad8   Section        0  stm32f4xx_it.o(.text.SysTick_Handler)
    [Anonymous Symbol]                       0x08003adc   Section        0  main.o(.text.SystemClock_Config)
    [Anonymous Symbol]                       0x08003b88   Section        0  system_stm32f4xx.o(.text.SystemInit)
    [Anonymous Symbol]                       0x08003b9c   Section        0  stm32f4xx_it.o(.text.TIM4_IRQHandler)
    [Anonymous Symbol]                       0x08003c54   Section        0  stm32f4xx_hal_tim.o(.text.TIM_Base_SetConfig)
    UART_SetConfig                           0x08003d99   Thumb Code   238  stm32f4xx_hal_uart.o(.text.UART_SetConfig)
    [Anonymous Symbol]                       0x08003d98   Section        0  stm32f4xx_hal_uart.o(.text.UART_SetConfig)
    [Anonymous Symbol]                       0x08003e88   Section        0  stm32f4xx_it.o(.text.UsageFault_Handler)
    [Anonymous Symbol]                       0x08003e8c   Section        0  steering gear control.o(.text.Yuntai_set_Angle)
    [Anonymous Symbol]                       0x08003eb4   Section        0  fsm.o(.text.fsm_Add_Transition)
    [Anonymous Symbol]                       0x08003ed8   Section        0  fsm.o(.text.fsm_Create)
    [Anonymous Symbol]                       0x08003eec   Section        0  fsm.o(.text.fsm_Create_And_Add_State)
    [Anonymous Symbol]                       0x08003f2c   Section        0  fsm.o(.text.fsm_Execute)
    [Anonymous Symbol]                       0x08003f70   Section        0  fsm.o(.text.fsm_Set_Initial_State)
    [Anonymous Symbol]                       0x08003f74   Section        0  main.o(.text.main)
    [Anonymous Symbol]                       0x08004088   Section        0  commander.o(.text.motion_StateManager_Execute)
    [Anonymous Symbol]                       0x08004098   Section        0  commander.o(.text.motion_StateManager_Init)
    [Anonymous Symbol]                       0x08004350   Section        0  zdtstepmotor.o(.text.set_speed_pos_target)
    [Anonymous Symbol]                       0x08004470   Section        0  zdtstepmotor.o(.text.set_speed_target)
    $v0                                      0x0800454c   Number         0  ddiv.o(x$fpl$ddiv)
    x$fpl$ddiv                               0x0800454c   Section      692  ddiv.o(x$fpl$ddiv)
    ddiv_entry                               0x08004553   Thumb Code     0  ddiv.o(x$fpl$ddiv)
    $v0                                      0x08004800   Number         0  dfix.o(x$fpl$dfix)
    x$fpl$dfix                               0x08004800   Section       94  dfix.o(x$fpl$dfix)
    $v0                                      0x08004860   Number         0  dfixu.o(x$fpl$dfixu)
    x$fpl$dfixu                              0x08004860   Section       90  dfixu.o(x$fpl$dfixu)
    $v0                                      0x080048bc   Number         0  dmul.o(x$fpl$dmul)
    x$fpl$dmul                               0x080048bc   Section      340  dmul.o(x$fpl$dmul)
    $v0                                      0x08004a10   Number         0  dnaninf.o(x$fpl$dnaninf)
    x$fpl$dnaninf                            0x08004a10   Section      156  dnaninf.o(x$fpl$dnaninf)
    $v0                                      0x08004aac   Number         0  dretinf.o(x$fpl$dretinf)
    x$fpl$dretinf                            0x08004aac   Section       12  dretinf.o(x$fpl$dretinf)
    $v0                                      0x08004ab8   Number         0  f2d.o(x$fpl$f2d)
    x$fpl$f2d                                0x08004ab8   Section       86  f2d.o(x$fpl$f2d)
    $v0                                      0x08004b0e   Number         0  fnaninf.o(x$fpl$fnaninf)
    x$fpl$fnaninf                            0x08004b0e   Section      140  fnaninf.o(x$fpl$fnaninf)
    $v0                                      0x08004b9a   Number         0  fpinit.o(x$fpl$fpinit)
    x$fpl$fpinit                             0x08004b9a   Section       26  fpinit.o(x$fpl$fpinit)
    x$fpl$usenofp                            0x08004bb4   Section        0  usenofp.o(x$fpl$usenofp)
    .L.str.3                                 0x08004bcc   Data          15  commander.o(.rodata.str1.1)
    [Anonymous Symbol]                       0x08004bcc   Section        0  commander.o(.rodata.str1.1)
    .L.str.2                                 0x08004bdb   Data          17  commander.o(.rodata.str1.1)
    .L_MergedGlobals                         0x20000000   Data           8  stm32f4xx_hal.o(.data..L_MergedGlobals)
    [Anonymous Symbol]                       0x20000000   Section        0  stm32f4xx_hal.o(.data..L_MergedGlobals)
    .bss                                     0x20000010   Section       96  libspace.o(.bss)
    .L_MergedGlobals                         0x20000070   Data          20  stm32f4xx_it.o(.bss..L_MergedGlobals)
    [Anonymous Symbol]                       0x20000070   Section        0  stm32f4xx_it.o(.bss..L_MergedGlobals)
    .L_MergedGlobals                         0x20000084   Data          23  hardware_iic.o(.bss..L_MergedGlobals)
    [Anonymous Symbol]                       0x20000084   Section        0  hardware_iic.o(.bss..L_MergedGlobals)
    .L_MergedGlobals                         0x2000009c   Data          68  commander.o(.bss..L_MergedGlobals)
    [Anonymous Symbol]                       0x2000009c   Section        0  commander.o(.bss..L_MergedGlobals)
    Begin                                    0x200000a8   Data           4  commander.o(.bss..L_MergedGlobals)
    CarryA                                   0x200000ac   Data           4  commander.o(.bss..L_MergedGlobals)
    Delivery_beginA1                         0x200000b0   Data           4  commander.o(.bss..L_MergedGlobals)
    Delivery_endA1                           0x200000b4   Data           4  commander.o(.bss..L_MergedGlobals)
    Back_beginA1                             0x200000b8   Data           4  commander.o(.bss..L_MergedGlobals)
    Back_endA1                               0x200000bc   Data           4  commander.o(.bss..L_MergedGlobals)
    Delivery_beginA2                         0x200000c0   Data           4  commander.o(.bss..L_MergedGlobals)
    Delivery_endA2                           0x200000c4   Data           4  commander.o(.bss..L_MergedGlobals)
    Back_beginA2                             0x200000c8   Data           4  commander.o(.bss..L_MergedGlobals)
    Back_endA2                               0x200000cc   Data           4  commander.o(.bss..L_MergedGlobals)
    Delivery_beginA3                         0x200000d0   Data           4  commander.o(.bss..L_MergedGlobals)
    Delivery_endA3                           0x200000d4   Data           4  commander.o(.bss..L_MergedGlobals)
    Back_beginA3                             0x200000d8   Data           4  commander.o(.bss..L_MergedGlobals)
    Back_endA3                               0x200000dc   Data           4  commander.o(.bss..L_MergedGlobals)
    Heap_Mem                                 0x200004f0   Data         512  startup_stm32f407xx.o(HEAP)
    HEAP                                     0x200004f0   Section      512  startup_stm32f407xx.o(HEAP)
    Stack_Mem                                0x200006f0   Data        1024  startup_stm32f407xx.o(STACK)
    STACK                                    0x200006f0   Section     1024  startup_stm32f407xx.o(STACK)
    __initial_sp                             0x20000af0   Data           0  startup_stm32f407xx.o(STACK)

    Global Symbols

    Symbol Name                              Value     Ov Type        Size  Object(Section)

    BuildAttributes$$THM_ISAv4$E$P$D$K$B$S$7EM$VFPi3$EXTD16$VFPS$VFMA$PE$A:L22UL41UL21$X:L11$S22US41US21$IEEE1$IW$~IW$USESV6$~STKCKD$USESV7$~SHL$OTIME$ROPI$EBA8$UX$STANDARDLIB$REQ8$PRES8$EABIv2 0x00000000   Number         0  anon$$obj.o ABSOLUTE
    __ARM_exceptions_init                     - Undefined Weak Reference
    __alloca_initialize                       - Undefined Weak Reference
    __arm_preinit_                            - Undefined Weak Reference
    __arm_relocate_pie_                       - Undefined Weak Reference
    __cpp_initialize__aeabi_                  - Undefined Weak Reference
    __cxa_finalize                            - Undefined Weak Reference
    __rt_locale                               - Undefined Weak Reference
    __sigvec_lookup                           - Undefined Weak Reference
    __user_heap_extent                        - Undefined Weak Reference
    _atexit_init                              - Undefined Weak Reference
    _call_atexit_fns                          - Undefined Weak Reference
    _clock_init                               - Undefined Weak Reference
    _fp_trap_init                             - Undefined Weak Reference
    _fp_trap_shutdown                         - Undefined Weak Reference
    _get_lc_collate                           - Undefined Weak Reference
    _get_lc_ctype                             - Undefined Weak Reference
    _get_lc_monetary                          - Undefined Weak Reference
    _get_lc_numeric                           - Undefined Weak Reference
    _get_lc_time                              - Undefined Weak Reference
    _getenv_init                              - Undefined Weak Reference
    _handle_redirection                       - Undefined Weak Reference
    _initio                                   - Undefined Weak Reference
    _mutex_acquire                            - Undefined Weak Reference
    _mutex_free                               - Undefined Weak Reference
    _mutex_release                            - Undefined Weak Reference
    _rand_init                                - Undefined Weak Reference
    _signal_finish                            - Undefined Weak Reference
    _signal_init                              - Undefined Weak Reference
    _terminateio                              - Undefined Weak Reference
    __Vectors_Size                           0x00000188   Number         0  startup_stm32f407xx.o ABSOLUTE
    __Vectors                                0x08000000   Data           4  startup_stm32f407xx.o(RESET)
    __Vectors_End                            0x08000188   Data           0  startup_stm32f407xx.o(RESET)
    __main                                   0x08000189   Thumb Code     8  __main.o(!!!main)
    __scatterload                            0x08000191   Thumb Code     0  __scatter.o(!!!scatter)
    __scatterload_rt2                        0x08000191   Thumb Code    44  __scatter.o(!!!scatter)
    __scatterload_rt2_thumb_only             0x08000191   Thumb Code     0  __scatter.o(!!!scatter)
    __scatterload_null                       0x0800019f   Thumb Code     0  __scatter.o(!!!scatter)
    __scatterload_copy                       0x080001c5   Thumb Code    26  __scatter_copy.o(!!handler_copy)
    __scatterload_zeroinit                   0x080001e1   Thumb Code    28  __scatter_zi.o(!!handler_zi)
    __rt_lib_init                            0x080001fd   Thumb Code     0  libinit.o(.ARM.Collect$$libinit$$00000000)
    __rt_lib_init_fp_1                       0x080001ff   Thumb Code     0  libinit2.o(.ARM.Collect$$libinit$$00000001)
    __rt_lib_init_heap_2                     0x08000203   Thumb Code     0  libinit2.o(.ARM.Collect$$libinit$$00000007)
    __rt_lib_init_preinit_1                  0x08000203   Thumb Code     0  libinit2.o(.ARM.Collect$$libinit$$00000006)
    __rt_lib_init_relocate_pie_1             0x08000203   Thumb Code     0  libinit2.o(.ARM.Collect$$libinit$$00000004)
    __rt_lib_init_alloca_1                   0x0800020b   Thumb Code     0  libinit2.o(.ARM.Collect$$libinit$$00000030)
    __rt_lib_init_argv_1                     0x0800020b   Thumb Code     0  libinit2.o(.ARM.Collect$$libinit$$0000002E)
    __rt_lib_init_atexit_1                   0x0800020b   Thumb Code     0  libinit2.o(.ARM.Collect$$libinit$$0000001D)
    __rt_lib_init_clock_1                    0x0800020b   Thumb Code     0  libinit2.o(.ARM.Collect$$libinit$$00000023)
    __rt_lib_init_cpp_1                      0x0800020b   Thumb Code     0  libinit2.o(.ARM.Collect$$libinit$$00000034)
    __rt_lib_init_exceptions_1               0x0800020b   Thumb Code     0  libinit2.o(.ARM.Collect$$libinit$$00000032)
    __rt_lib_init_fp_trap_1                  0x0800020b   Thumb Code     0  libinit2.o(.ARM.Collect$$libinit$$00000021)
    __rt_lib_init_getenv_1                   0x0800020b   Thumb Code     0  libinit2.o(.ARM.Collect$$libinit$$00000025)
    __rt_lib_init_heap_1                     0x0800020b   Thumb Code     0  libinit2.o(.ARM.Collect$$libinit$$0000000C)
    __rt_lib_init_lc_collate_1               0x0800020b   Thumb Code     0  libinit2.o(.ARM.Collect$$libinit$$00000013)
    __rt_lib_init_lc_ctype_1                 0x0800020b   Thumb Code     0  libinit2.o(.ARM.Collect$$libinit$$00000015)
    __rt_lib_init_lc_monetary_1              0x0800020b   Thumb Code     0  libinit2.o(.ARM.Collect$$libinit$$00000017)
    __rt_lib_init_lc_numeric_1               0x0800020b   Thumb Code     0  libinit2.o(.ARM.Collect$$libinit$$00000019)
    __rt_lib_init_lc_time_1                  0x0800020b   Thumb Code     0  libinit2.o(.ARM.Collect$$libinit$$0000001B)
    __rt_lib_init_rand_1                     0x0800020b   Thumb Code     0  libinit2.o(.ARM.Collect$$libinit$$00000010)
    __rt_lib_init_return                     0x0800020b   Thumb Code     0  libinit2.o(.ARM.Collect$$libinit$$00000035)
    __rt_lib_init_signal_1                   0x0800020b   Thumb Code     0  libinit2.o(.ARM.Collect$$libinit$$0000001F)
    __rt_lib_init_stdio_1                    0x0800020b   Thumb Code     0  libinit2.o(.ARM.Collect$$libinit$$00000027)
    __rt_lib_init_user_alloc_1               0x0800020b   Thumb Code     0  libinit2.o(.ARM.Collect$$libinit$$0000000E)
    __rt_lib_shutdown                        0x0800020d   Thumb Code     0  libshutdown.o(.ARM.Collect$$libshutdown$$00000000)
    __rt_lib_shutdown_cpp_1                  0x0800020f   Thumb Code     0  libshutdown2.o(.ARM.Collect$$libshutdown$$00000002)
    __rt_lib_shutdown_fp_trap_1              0x0800020f   Thumb Code     0  libshutdown2.o(.ARM.Collect$$libshutdown$$00000007)
    __rt_lib_shutdown_heap_1                 0x0800020f   Thumb Code     0  libshutdown2.o(.ARM.Collect$$libshutdown$$0000000F)
    __rt_lib_shutdown_return                 0x0800020f   Thumb Code     0  libshutdown2.o(.ARM.Collect$$libshutdown$$00000010)
    __rt_lib_shutdown_signal_1               0x0800020f   Thumb Code     0  libshutdown2.o(.ARM.Collect$$libshutdown$$0000000A)
    __rt_lib_shutdown_stdio_1                0x0800020f   Thumb Code     0  libshutdown2.o(.ARM.Collect$$libshutdown$$00000004)
    __rt_lib_shutdown_user_alloc_1           0x0800020f   Thumb Code     0  libshutdown2.o(.ARM.Collect$$libshutdown$$0000000C)
    __rt_entry                               0x08000211   Thumb Code     0  __rtentry.o(.ARM.Collect$$rtentry$$00000000)
    __rt_entry_presh_1                       0x08000211   Thumb Code     0  __rtentry2.o(.ARM.Collect$$rtentry$$00000002)
    __rt_entry_sh                            0x08000211   Thumb Code     0  __rtentry4.o(.ARM.Collect$$rtentry$$00000004)
    __rt_entry_li                            0x08000217   Thumb Code     0  __rtentry2.o(.ARM.Collect$$rtentry$$0000000A)
    __rt_entry_postsh_1                      0x08000217   Thumb Code     0  __rtentry2.o(.ARM.Collect$$rtentry$$00000009)
    __rt_entry_main                          0x0800021b   Thumb Code     0  __rtentry2.o(.ARM.Collect$$rtentry$$0000000D)
    __rt_entry_postli_1                      0x0800021b   Thumb Code     0  __rtentry2.o(.ARM.Collect$$rtentry$$0000000C)
    __rt_exit                                0x08000223   Thumb Code     0  rtexit.o(.ARM.Collect$$rtexit$$00000000)
    __rt_exit_ls                             0x08000225   Thumb Code     0  rtexit2.o(.ARM.Collect$$rtexit$$00000003)
    __rt_exit_prels_1                        0x08000225   Thumb Code     0  rtexit2.o(.ARM.Collect$$rtexit$$00000002)
    __rt_exit_exit                           0x08000229   Thumb Code     0  rtexit2.o(.ARM.Collect$$rtexit$$00000004)
    Reset_Handler                            0x08000231   Thumb Code     8  startup_stm32f407xx.o(.text)
    ADC_IRQHandler                           0x0800024b   Thumb Code     0  startup_stm32f407xx.o(.text)
    CAN1_RX0_IRQHandler                      0x0800024b   Thumb Code     0  startup_stm32f407xx.o(.text)
    CAN1_RX1_IRQHandler                      0x0800024b   Thumb Code     0  startup_stm32f407xx.o(.text)
    CAN1_SCE_IRQHandler                      0x0800024b   Thumb Code     0  startup_stm32f407xx.o(.text)
    CAN1_TX_IRQHandler                       0x0800024b   Thumb Code     0  startup_stm32f407xx.o(.text)
    CAN2_RX0_IRQHandler                      0x0800024b   Thumb Code     0  startup_stm32f407xx.o(.text)
    CAN2_RX1_IRQHandler                      0x0800024b   Thumb Code     0  startup_stm32f407xx.o(.text)
    CAN2_SCE_IRQHandler                      0x0800024b   Thumb Code     0  startup_stm32f407xx.o(.text)
    CAN2_TX_IRQHandler                       0x0800024b   Thumb Code     0  startup_stm32f407xx.o(.text)
    DCMI_IRQHandler                          0x0800024b   Thumb Code     0  startup_stm32f407xx.o(.text)
    DMA1_Stream0_IRQHandler                  0x0800024b   Thumb Code     0  startup_stm32f407xx.o(.text)
    DMA1_Stream1_IRQHandler                  0x0800024b   Thumb Code     0  startup_stm32f407xx.o(.text)
    DMA1_Stream2_IRQHandler                  0x0800024b   Thumb Code     0  startup_stm32f407xx.o(.text)
    DMA1_Stream3_IRQHandler                  0x0800024b   Thumb Code     0  startup_stm32f407xx.o(.text)
    DMA1_Stream4_IRQHandler                  0x0800024b   Thumb Code     0  startup_stm32f407xx.o(.text)
    DMA1_Stream5_IRQHandler                  0x0800024b   Thumb Code     0  startup_stm32f407xx.o(.text)
    DMA1_Stream6_IRQHandler                  0x0800024b   Thumb Code     0  startup_stm32f407xx.o(.text)
    DMA1_Stream7_IRQHandler                  0x0800024b   Thumb Code     0  startup_stm32f407xx.o(.text)
    DMA2_Stream0_IRQHandler                  0x0800024b   Thumb Code     0  startup_stm32f407xx.o(.text)
    DMA2_Stream1_IRQHandler                  0x0800024b   Thumb Code     0  startup_stm32f407xx.o(.text)
    DMA2_Stream2_IRQHandler                  0x0800024b   Thumb Code     0  startup_stm32f407xx.o(.text)
    DMA2_Stream3_IRQHandler                  0x0800024b   Thumb Code     0  startup_stm32f407xx.o(.text)
    DMA2_Stream4_IRQHandler                  0x0800024b   Thumb Code     0  startup_stm32f407xx.o(.text)
    DMA2_Stream5_IRQHandler                  0x0800024b   Thumb Code     0  startup_stm32f407xx.o(.text)
    DMA2_Stream6_IRQHandler                  0x0800024b   Thumb Code     0  startup_stm32f407xx.o(.text)
    DMA2_Stream7_IRQHandler                  0x0800024b   Thumb Code     0  startup_stm32f407xx.o(.text)
    ETH_IRQHandler                           0x0800024b   Thumb Code     0  startup_stm32f407xx.o(.text)
    ETH_WKUP_IRQHandler                      0x0800024b   Thumb Code     0  startup_stm32f407xx.o(.text)
    EXTI0_IRQHandler                         0x0800024b   Thumb Code     0  startup_stm32f407xx.o(.text)
    EXTI15_10_IRQHandler                     0x0800024b   Thumb Code     0  startup_stm32f407xx.o(.text)
    EXTI1_IRQHandler                         0x0800024b   Thumb Code     0  startup_stm32f407xx.o(.text)
    EXTI2_IRQHandler                         0x0800024b   Thumb Code     0  startup_stm32f407xx.o(.text)
    EXTI3_IRQHandler                         0x0800024b   Thumb Code     0  startup_stm32f407xx.o(.text)
    EXTI4_IRQHandler                         0x0800024b   Thumb Code     0  startup_stm32f407xx.o(.text)
    EXTI9_5_IRQHandler                       0x0800024b   Thumb Code     0  startup_stm32f407xx.o(.text)
    FLASH_IRQHandler                         0x0800024b   Thumb Code     0  startup_stm32f407xx.o(.text)
    FMC_IRQHandler                           0x0800024b   Thumb Code     0  startup_stm32f407xx.o(.text)
    FPU_IRQHandler                           0x0800024b   Thumb Code     0  startup_stm32f407xx.o(.text)
    HASH_RNG_IRQHandler                      0x0800024b   Thumb Code     0  startup_stm32f407xx.o(.text)
    I2C1_ER_IRQHandler                       0x0800024b   Thumb Code     0  startup_stm32f407xx.o(.text)
    I2C1_EV_IRQHandler                       0x0800024b   Thumb Code     0  startup_stm32f407xx.o(.text)
    I2C2_ER_IRQHandler                       0x0800024b   Thumb Code     0  startup_stm32f407xx.o(.text)
    I2C2_EV_IRQHandler                       0x0800024b   Thumb Code     0  startup_stm32f407xx.o(.text)
    I2C3_ER_IRQHandler                       0x0800024b   Thumb Code     0  startup_stm32f407xx.o(.text)
    I2C3_EV_IRQHandler                       0x0800024b   Thumb Code     0  startup_stm32f407xx.o(.text)
    OTG_FS_IRQHandler                        0x0800024b   Thumb Code     0  startup_stm32f407xx.o(.text)
    OTG_FS_WKUP_IRQHandler                   0x0800024b   Thumb Code     0  startup_stm32f407xx.o(.text)
    OTG_HS_EP1_IN_IRQHandler                 0x0800024b   Thumb Code     0  startup_stm32f407xx.o(.text)
    OTG_HS_EP1_OUT_IRQHandler                0x0800024b   Thumb Code     0  startup_stm32f407xx.o(.text)
    OTG_HS_IRQHandler                        0x0800024b   Thumb Code     0  startup_stm32f407xx.o(.text)
    OTG_HS_WKUP_IRQHandler                   0x0800024b   Thumb Code     0  startup_stm32f407xx.o(.text)
    PVD_IRQHandler                           0x0800024b   Thumb Code     0  startup_stm32f407xx.o(.text)
    RCC_IRQHandler                           0x0800024b   Thumb Code     0  startup_stm32f407xx.o(.text)
    RTC_Alarm_IRQHandler                     0x0800024b   Thumb Code     0  startup_stm32f407xx.o(.text)
    RTC_WKUP_IRQHandler                      0x0800024b   Thumb Code     0  startup_stm32f407xx.o(.text)
    SDIO_IRQHandler                          0x0800024b   Thumb Code     0  startup_stm32f407xx.o(.text)
    SPI1_IRQHandler                          0x0800024b   Thumb Code     0  startup_stm32f407xx.o(.text)
    SPI2_IRQHandler                          0x0800024b   Thumb Code     0  startup_stm32f407xx.o(.text)
    SPI3_IRQHandler                          0x0800024b   Thumb Code     0  startup_stm32f407xx.o(.text)
    TAMP_STAMP_IRQHandler                    0x0800024b   Thumb Code     0  startup_stm32f407xx.o(.text)
    TIM1_BRK_TIM9_IRQHandler                 0x0800024b   Thumb Code     0  startup_stm32f407xx.o(.text)
    TIM1_CC_IRQHandler                       0x0800024b   Thumb Code     0  startup_stm32f407xx.o(.text)
    TIM1_TRG_COM_TIM11_IRQHandler            0x0800024b   Thumb Code     0  startup_stm32f407xx.o(.text)
    TIM1_UP_TIM10_IRQHandler                 0x0800024b   Thumb Code     0  startup_stm32f407xx.o(.text)
    TIM2_IRQHandler                          0x0800024b   Thumb Code     0  startup_stm32f407xx.o(.text)
    TIM3_IRQHandler                          0x0800024b   Thumb Code     0  startup_stm32f407xx.o(.text)
    TIM5_IRQHandler                          0x0800024b   Thumb Code     0  startup_stm32f407xx.o(.text)
    TIM6_DAC_IRQHandler                      0x0800024b   Thumb Code     0  startup_stm32f407xx.o(.text)
    TIM7_IRQHandler                          0x0800024b   Thumb Code     0  startup_stm32f407xx.o(.text)
    TIM8_BRK_TIM12_IRQHandler                0x0800024b   Thumb Code     0  startup_stm32f407xx.o(.text)
    TIM8_CC_IRQHandler                       0x0800024b   Thumb Code     0  startup_stm32f407xx.o(.text)
    TIM8_TRG_COM_TIM14_IRQHandler            0x0800024b   Thumb Code     0  startup_stm32f407xx.o(.text)
    TIM8_UP_TIM13_IRQHandler                 0x0800024b   Thumb Code     0  startup_stm32f407xx.o(.text)
    UART4_IRQHandler                         0x0800024b   Thumb Code     0  startup_stm32f407xx.o(.text)
    UART5_IRQHandler                         0x0800024b   Thumb Code     0  startup_stm32f407xx.o(.text)
    USART1_IRQHandler                        0x0800024b   Thumb Code     0  startup_stm32f407xx.o(.text)
    USART2_IRQHandler                        0x0800024b   Thumb Code     0  startup_stm32f407xx.o(.text)
    USART3_IRQHandler                        0x0800024b   Thumb Code     0  startup_stm32f407xx.o(.text)
    USART6_IRQHandler                        0x0800024b   Thumb Code     0  startup_stm32f407xx.o(.text)
    WWDG_IRQHandler                          0x0800024b   Thumb Code     0  startup_stm32f407xx.o(.text)
    __user_initial_stackheap                 0x0800024d   Thumb Code     0  startup_stm32f407xx.o(.text)
    malloc                                   0x08000271   Thumb Code    94  h1_alloc.o(.text)
    realloc                                  0x080002cf   Thumb Code   196  h1_realloc.o(.text)
    __aeabi_uldivmod                         0x08000393   Thumb Code     0  lludivv7m.o(.text)
    _ll_udiv                                 0x08000393   Thumb Code   240  lludivv7m.o(.text)
    __use_two_region_memory                  0x08000483   Thumb Code     2  heapauxi.o(.text)
    __rt_heap_escrow                         0x08000485   Thumb Code     2  heapauxi.o(.text)
    __rt_heap_expand                         0x08000487   Thumb Code     2  heapauxi.o(.text)
    __rt_heap_descriptor                     0x08000489   Thumb Code     8  rt_heap_descriptor_intlibspace.o(.text)
    __use_no_heap                            0x08000491   Thumb Code     2  hguard.o(.text)
    __heap$guard                             0x08000493   Thumb Code     2  hguard.o(.text)
    _terminate_user_alloc                    0x08000495   Thumb Code     2  init_alloc.o(.text)
    _init_user_alloc                         0x08000497   Thumb Code     2  init_alloc.o(.text)
    __Heap_Full                              0x08000499   Thumb Code    34  init_alloc.o(.text)
    __Heap_Broken                            0x080004bb   Thumb Code     6  init_alloc.o(.text)
    _init_alloc                              0x080004c1   Thumb Code    94  init_alloc.o(.text)
    __Heap_Initialize                        0x0800051f   Thumb Code    10  h1_init.o(.text)
    __Heap_DescSize                          0x08000529   Thumb Code     4  h1_init.o(.text)
    free                                     0x0800052d   Thumb Code    78  h1_free.o(.text)
    __aeabi_memcpy4                          0x0800057b   Thumb Code     0  rt_memcpy_w.o(.text)
    __aeabi_memcpy8                          0x0800057b   Thumb Code     0  rt_memcpy_w.o(.text)
    __rt_memcpy_w                            0x0800057b   Thumb Code   100  rt_memcpy_w.o(.text)
    _memcpy_lastbytes_aligned                0x080005c3   Thumb Code     0  rt_memcpy_w.o(.text)
    __user_libspace                          0x080005e1   Thumb Code     8  libspace.o(.text)
    __user_perproc_libspace                  0x080005e1   Thumb Code     0  libspace.o(.text)
    __user_perthread_libspace                0x080005e1   Thumb Code     0  libspace.o(.text)
    __Heap_ProvideMemory                     0x080005e9   Thumb Code    52  h1_extend.o(.text)
    _maybe_terminate_alloc                   0x080005e9   Thumb Code     0  maybetermalloc1.o(.text)
    __rt_SIGRTMEM                            0x0800061d   Thumb Code    14  defsig_rtmem_outer.o(.text)
    __I$use$semihosting                      0x0800062b   Thumb Code     0  use_no_semi.o(.text)
    __use_no_semihosting_swi                 0x0800062b   Thumb Code     2  use_no_semi.o(.text)
    __semihosting_library_function           0x0800062d   Thumb Code     0  indicate_semi.o(.text)
    __user_setup_stackheap                   0x0800062d   Thumb Code    74  sys_stackheap_outer.o(.text)
    exit                                     0x08000677   Thumb Code    18  exit.o(.text)
    __sig_exit                               0x08000689   Thumb Code    10  defsig_exit.o(.text)
    __rt_SIGRTMEM_inner                      0x08000695   Thumb Code    22  defsig_rtmem_inner.o(.text)
    _sys_exit                                0x080006e5   Thumb Code     8  sys_exit.o(.text)
    __default_signal_display                 0x080006f1   Thumb Code    50  defsig_general.o(.text)
    _ttywrch                                 0x08000723   Thumb Code    14  sys_wrch.o(.text)
    Back_beginA1_StateFunc                   0x08000731   Thumb Code   148  commander.o(.text.Back_beginA1_StateFunc)
    Back_beginA2_StateFunc                   0x080007c5   Thumb Code   180  commander.o(.text.Back_beginA2_StateFunc)
    Back_beginA3_StateFunc                   0x08000879   Thumb Code   144  commander.o(.text.Back_beginA3_StateFunc)
    Back_endA1_StateFunc                     0x08000909   Thumb Code   164  commander.o(.text.Back_endA1_StateFunc)
    Back_endA2_StateFunc                     0x080009ad   Thumb Code   164  commander.o(.text.Back_endA2_StateFunc)
    Back_endA3_StateFunc                     0x08000a51   Thumb Code   164  commander.o(.text.Back_endA3_StateFunc)
    Begin_StateFunc                          0x08000af5   Thumb Code     6  commander.o(.text.Begin_StateFunc)
    BusFault_Handler                         0x08000afd   Thumb Code     2  stm32f4xx_it.o(.text.BusFault_Handler)
    CarryA_StateFunc                         0x08000b01   Thumb Code    96  commander.o(.text.CarryA_StateFunc)
    ConditionA1                              0x08000b61   Thumb Code    22  commander.o(.text.ConditionA1)
    ConditionA2                              0x08000b79   Thumb Code    40  commander.o(.text.ConditionA2)
    ConditionA3                              0x08000ba1   Thumb Code    38  commander.o(.text.ConditionA3)
    ConditionA4                              0x08000bc9   Thumb Code    40  commander.o(.text.ConditionA4)
    ConditionA5                              0x08000bf1   Thumb Code    40  commander.o(.text.ConditionA5)
    DebugMon_Handler                         0x08000c19   Thumb Code     2  stm32f4xx_it.o(.text.DebugMon_Handler)
    Delivery_beginA1_StateFunc               0x08000c1d   Thumb Code   100  commander.o(.text.Delivery_beginA1_StateFunc)
    Delivery_beginA2_StateFunc               0x08000c81   Thumb Code     6  commander.o(.text.Delivery_beginA2_StateFunc)
    Delivery_beginA3_StateFunc               0x08000c89   Thumb Code     6  commander.o(.text.Delivery_beginA3_StateFunc)
    Delivery_endA1_StateFunc                 0x08000c91   Thumb Code   120  commander.o(.text.Delivery_endA1_StateFunc)
    Delivery_endA2_StateFunc                 0x08000d09   Thumb Code   120  commander.o(.text.Delivery_endA2_StateFunc)
    Delivery_endA3_StateFunc                 0x08000d81   Thumb Code   120  commander.o(.text.Delivery_endA3_StateFunc)
    Error_Handler                            0x08000df9   Thumb Code     6  main.o(.text.Error_Handler)
    Get_Black_Line_Position                  0x08000e01   Thumb Code   432  motor.o(.text.Get_Black_Line_Position)
    HAL_Delay                                0x08000fb1   Thumb Code    40  stm32f4xx_hal.o(.text.HAL_Delay)
    HAL_GPIO_Init                            0x08000fd9   Thumb Code   422  stm32f4xx_hal_gpio.o(.text.HAL_GPIO_Init)
    HAL_GPIO_WritePin                        0x08001181   Thumb Code    10  stm32f4xx_hal_gpio.o(.text.HAL_GPIO_WritePin)
    HAL_GetTick                              0x0800118d   Thumb Code    12  stm32f4xx_hal.o(.text.HAL_GetTick)
    HAL_I2C_Init                             0x08001199   Thumb Code   374  stm32f4xx_hal_i2c.o(.text.HAL_I2C_Init)
    HAL_I2C_Mem_Read                         0x08001311   Thumb Code   604  stm32f4xx_hal_i2c.o(.text.HAL_I2C_Mem_Read)
    HAL_I2C_MspInit                          0x0800156d   Thumb Code   280  i2c.o(.text.HAL_I2C_MspInit)
    HAL_IncTick                              0x08001685   Thumb Code    26  stm32f4xx_hal.o(.text.HAL_IncTick)
    HAL_Init                                 0x080016a1   Thumb Code    54  stm32f4xx_hal.o(.text.HAL_Init)
    HAL_InitTick                             0x080016d9   Thumb Code    72  stm32f4xx_hal.o(.text.HAL_InitTick)
    HAL_MspInit                              0x08001721   Thumb Code    56  stm32f4xx_hal_msp.o(.text.HAL_MspInit)
    HAL_NVIC_EnableIRQ                       0x08001759   Thumb Code    38  stm32f4xx_hal_cortex.o(.text.HAL_NVIC_EnableIRQ)
    HAL_NVIC_SetPriority                     0x08001781   Thumb Code    86  stm32f4xx_hal_cortex.o(.text.HAL_NVIC_SetPriority)
    HAL_NVIC_SetPriorityGrouping             0x080017d9   Thumb Code    32  stm32f4xx_hal_cortex.o(.text.HAL_NVIC_SetPriorityGrouping)
    HAL_RCC_ClockConfig                      0x080017f9   Thumb Code   352  stm32f4xx_hal_rcc.o(.text.HAL_RCC_ClockConfig)
    HAL_RCC_GetPCLK1Freq                     0x08001959   Thumb Code    38  stm32f4xx_hal_rcc.o(.text.HAL_RCC_GetPCLK1Freq)
    HAL_RCC_GetPCLK2Freq                     0x08001981   Thumb Code    38  stm32f4xx_hal_rcc.o(.text.HAL_RCC_GetPCLK2Freq)
    HAL_RCC_GetSysClockFreq                  0x080019a9   Thumb Code   106  stm32f4xx_hal_rcc.o(.text.HAL_RCC_GetSysClockFreq)
    HAL_RCC_OscConfig                        0x08001a15   Thumb Code   884  stm32f4xx_hal_rcc.o(.text.HAL_RCC_OscConfig)
    HAL_SYSTICK_Config                       0x08001d89   Thumb Code    44  stm32f4xx_hal_cortex.o(.text.HAL_SYSTICK_Config)
    HAL_TIMEx_BreakCallback                  0x08001db5   Thumb Code     2  stm32f4xx_hal_tim_ex.o(.text.HAL_TIMEx_BreakCallback)
    HAL_TIMEx_CommutCallback                 0x08001db9   Thumb Code     2  stm32f4xx_hal_tim_ex.o(.text.HAL_TIMEx_CommutCallback)
    HAL_TIMEx_MasterConfigSynchronization    0x08001dbd   Thumb Code   182  stm32f4xx_hal_tim_ex.o(.text.HAL_TIMEx_MasterConfigSynchronization)
    HAL_TIM_Base_Init                        0x08001e75   Thumb Code    90  stm32f4xx_hal_tim.o(.text.HAL_TIM_Base_Init)
    HAL_TIM_Base_MspInit                     0x08001ed1   Thumb Code   222  tim.o(.text.HAL_TIM_Base_MspInit)
    HAL_TIM_Base_Start_IT                    0x08001fb1   Thumb Code   170  stm32f4xx_hal_tim.o(.text.HAL_TIM_Base_Start_IT)
    HAL_TIM_ConfigClockSource                0x0800205d   Thumb Code   412  stm32f4xx_hal_tim.o(.text.HAL_TIM_ConfigClockSource)
    HAL_TIM_IC_CaptureCallback               0x080021f9   Thumb Code     2  stm32f4xx_hal_tim.o(.text.HAL_TIM_IC_CaptureCallback)
    HAL_TIM_IRQHandler                       0x080021fd   Thumb Code   334  stm32f4xx_hal_tim.o(.text.HAL_TIM_IRQHandler)
    HAL_TIM_OC_DelayElapsedCallback          0x0800234d   Thumb Code     2  stm32f4xx_hal_tim.o(.text.HAL_TIM_OC_DelayElapsedCallback)
    HAL_TIM_PWM_ConfigChannel                0x08002351   Thumb Code   546  stm32f4xx_hal_tim.o(.text.HAL_TIM_PWM_ConfigChannel)
    HAL_TIM_PWM_Init                         0x08002575   Thumb Code    90  stm32f4xx_hal_tim.o(.text.HAL_TIM_PWM_Init)
    HAL_TIM_PWM_MspInit                      0x080025d1   Thumb Code     2  stm32f4xx_hal_tim.o(.text.HAL_TIM_PWM_MspInit)
    HAL_TIM_PWM_PulseFinishedCallback        0x080025d5   Thumb Code     2  stm32f4xx_hal_tim.o(.text.HAL_TIM_PWM_PulseFinishedCallback)
    HAL_TIM_PWM_Start                        0x080025d9   Thumb Code   274  stm32f4xx_hal_tim.o(.text.HAL_TIM_PWM_Start)
    HAL_TIM_PeriodElapsedCallback            0x080026ed   Thumb Code     2  stm32f4xx_hal_tim.o(.text.HAL_TIM_PeriodElapsedCallback)
    HAL_TIM_TriggerCallback                  0x080026f1   Thumb Code     2  stm32f4xx_hal_tim.o(.text.HAL_TIM_TriggerCallback)
    HAL_UART_Init                            0x080026f5   Thumb Code    96  stm32f4xx_hal_uart.o(.text.HAL_UART_Init)
    HAL_UART_MspInit                         0x08002755   Thumb Code   192  usart.o(.text.HAL_UART_MspInit)
    HAL_UART_Transmit                        0x08002815   Thumb Code   376  stm32f4xx_hal_uart.o(.text.HAL_UART_Transmit)
    HardFault_Handler                        0x0800298d   Thumb Code     2  stm32f4xx_it.o(.text.HardFault_Handler)
    LineTracking                             0x08002ead   Thumb Code   204  motor.o(.text.LineTracking)
    MX_GPIO_Init                             0x08002f79   Thumb Code   158  gpio.o(.text.MX_GPIO_Init)
    MX_I2C2_Init                             0x08003019   Thumb Code    62  i2c.o(.text.MX_I2C2_Init)
    MX_I2C3_Init                             0x08003059   Thumb Code    62  i2c.o(.text.MX_I2C3_Init)
    MX_TIM2_Init                             0x08003099   Thumb Code   356  tim.o(.text.MX_TIM2_Init)
    MX_TIM3_Init                             0x080031fd   Thumb Code   350  tim.o(.text.MX_TIM3_Init)
    MX_TIM4_Init                             0x0800335d   Thumb Code   114  tim.o(.text.MX_TIM4_Init)
    MX_TIM5_Init                             0x080033d1   Thumb Code   350  tim.o(.text.MX_TIM5_Init)
    MX_TIM6_Init                             0x08003531   Thumb Code    80  tim.o(.text.MX_TIM6_Init)
    MX_USART1_UART_Init                      0x08003581   Thumb Code    60  usart.o(.text.MX_USART1_UART_Init)
    MX_USART2_UART_Init                      0x080035bd   Thumb Code    60  usart.o(.text.MX_USART2_UART_Init)
    MemManage_Handler                        0x080035f9   Thumb Code     2  stm32f4xx_it.o(.text.MemManage_Handler)
    Motorangle                               0x080035fd   Thumb Code   128  motor.o(.text.Motorangle)
    Move_Backward_Position                   0x0800367d   Thumb Code   108  motor.o(.text.Move_Backward_Position)
    Move_Forward_Position                    0x080036e9   Thumb Code   108  motor.o(.text.Move_Forward_Position)
    Move_Left_Position                       0x08003755   Thumb Code   116  motor.o(.text.Move_Left_Position)
    Move_Right_Position                      0x080037c9   Thumb Code   116  motor.o(.text.Move_Right_Position)
    NMI_Handler                              0x0800383d   Thumb Code     2  stm32f4xx_it.o(.text.NMI_Handler)
    PendSV_Handler                           0x08003841   Thumb Code     2  stm32f4xx_it.o(.text.PendSV_Handler)
    Pump_Close                               0x08003845   Thumb Code    18  steering gear control.o(.text.Pump_Close)
    Pump_Open                                0x08003859   Thumb Code    18  steering gear control.o(.text.Pump_Open)
    Read_RGB_HSL                             0x0800386d   Thumb Code    70  hardware_iic.o(.text.Read_RGB_HSL)
    SVC_Handler                              0x080038b5   Thumb Code     2  stm32f4xx_it.o(.text.SVC_Handler)
    Sensor_All_Update                        0x080038b9   Thumb Code   184  hardware_iic.o(.text.Sensor_All_Update)
    Sigancatch                               0x08003971   Thumb Code    98  steering gear control.o(.text.Sigancatch)
    Siganmove                                0x080039d9   Thumb Code   104  steering gear control.o(.text.Siganmove)
    Solenoid_Close                           0x08003a41   Thumb Code    18  steering gear control.o(.text.Solenoid_Close)
    Solenoid_Open                            0x08003a55   Thumb Code    18  steering gear control.o(.text.Solenoid_Open)
    Step_ZDT_Init                            0x08003a69   Thumb Code    22  zdtstepmotor.o(.text.Step_ZDT_Init)
    Stop                                     0x08003a81   Thumb Code    88  motor.o(.text.Stop)
    SysTick_Handler                          0x08003ad9   Thumb Code     4  stm32f4xx_it.o(.text.SysTick_Handler)
    SystemClock_Config                       0x08003add   Thumb Code   172  main.o(.text.SystemClock_Config)
    SystemInit                               0x08003b89   Thumb Code    18  system_stm32f4xx.o(.text.SystemInit)
    TIM4_IRQHandler                          0x08003b9d   Thumb Code   182  stm32f4xx_it.o(.text.TIM4_IRQHandler)
    TIM_Base_SetConfig                       0x08003c55   Thumb Code   322  stm32f4xx_hal_tim.o(.text.TIM_Base_SetConfig)
    UsageFault_Handler                       0x08003e89   Thumb Code     2  stm32f4xx_it.o(.text.UsageFault_Handler)
    Yuntai_set_Angle                         0x08003e8d   Thumb Code    40  steering gear control.o(.text.Yuntai_set_Angle)
    fsm_Add_Transition                       0x08003eb5   Thumb Code    36  fsm.o(.text.fsm_Add_Transition)
    fsm_Create                               0x08003ed9   Thumb Code    18  fsm.o(.text.fsm_Create)
    fsm_Create_And_Add_State                 0x08003eed   Thumb Code    64  fsm.o(.text.fsm_Create_And_Add_State)
    fsm_Execute                              0x08003f2d   Thumb Code    66  fsm.o(.text.fsm_Execute)
    fsm_Set_Initial_State                    0x08003f71   Thumb Code     4  fsm.o(.text.fsm_Set_Initial_State)
    main                                     0x08003f75   Thumb Code   276  main.o(.text.main)
    motion_StateManager_Execute              0x08004089   Thumb Code    16  commander.o(.text.motion_StateManager_Execute)
    motion_StateManager_Init                 0x08004099   Thumb Code   520  commander.o(.text.motion_StateManager_Init)
    set_speed_pos_target                     0x08004351   Thumb Code   284  zdtstepmotor.o(.text.set_speed_pos_target)
    set_speed_target                         0x08004471   Thumb Code   220  zdtstepmotor.o(.text.set_speed_target)
    __aeabi_ddiv                             0x0800454d   Thumb Code     0  ddiv.o(x$fpl$ddiv)
    _ddiv                                    0x0800454d   Thumb Code   556  ddiv.o(x$fpl$ddiv)
    __aeabi_d2iz                             0x08004801   Thumb Code     0  dfix.o(x$fpl$dfix)
    _dfix                                    0x08004801   Thumb Code    94  dfix.o(x$fpl$dfix)
    __aeabi_d2uiz                            0x08004861   Thumb Code     0  dfixu.o(x$fpl$dfixu)
    _dfixu                                   0x08004861   Thumb Code    90  dfixu.o(x$fpl$dfixu)
    __aeabi_dmul                             0x080048bd   Thumb Code     0  dmul.o(x$fpl$dmul)
    _dmul                                    0x080048bd   Thumb Code   332  dmul.o(x$fpl$dmul)
    __fpl_dnaninf                            0x08004a11   Thumb Code   156  dnaninf.o(x$fpl$dnaninf)
    __fpl_dretinf                            0x08004aad   Thumb Code    12  dretinf.o(x$fpl$dretinf)
    __aeabi_f2d                              0x08004ab9   Thumb Code     0  f2d.o(x$fpl$f2d)
    _f2d                                     0x08004ab9   Thumb Code    86  f2d.o(x$fpl$f2d)
    __fpl_fnaninf                            0x08004b0f   Thumb Code   140  fnaninf.o(x$fpl$fnaninf)
    _fp_init                                 0x08004b9b   Thumb Code    26  fpinit.o(x$fpl$fpinit)
    __fplib_config_fpu_vfp                   0x08004bb3   Thumb Code     0  fpinit.o(x$fpl$fpinit)
    __fplib_config_pureend_doubles           0x08004bb3   Thumb Code     0  fpinit.o(x$fpl$fpinit)
    AHBPrescTable                            0x08004bb4   Data          16  system_stm32f4xx.o(.rodata.AHBPrescTable)
    __I$use$fp                               0x08004bb4   Number         0  usenofp.o(x$fpl$usenofp)
    APBPrescTable                            0x08004bc4   Data           8  system_stm32f4xx.o(.rodata.APBPrescTable)
    Region$$Table$$Base                      0x08004bec   Number         0  anon$$obj.o(Region$$Table)
    Region$$Table$$Limit                     0x08004c0c   Number         0  anon$$obj.o(Region$$Table)
    uwTickFreq                               0x20000000   Data           1  stm32f4xx_hal.o(.data..L_MergedGlobals)
    uwTickPrio                               0x20000004   Data           4  stm32f4xx_hal.o(.data..L_MergedGlobals)
    Sigan_Motor_Speed                        0x20000008   Data           4  stm32f4xx_it.o(.data.Sigan_Motor_Speed)
    SystemCoreClock                          0x2000000c   Data           4  system_stm32f4xx.o(.data.SystemCoreClock)
    __libspace_start                         0x20000010   Data          96  libspace.o(.bss)
    Sigan_Motor_State                        0x20000070   Data           4  stm32f4xx_it.o(.bss..L_MergedGlobals)
    __temporary_stack_top$libspace           0x20000070   Data           0  libspace.o(.bss)
    Sigan_Motor_Temp_Count                   0x20000074   Data           4  stm32f4xx_it.o(.bss..L_MergedGlobals)
    SiganActive                              0x20000078   Data           4  stm32f4xx_it.o(.bss..L_MergedGlobals)
    SiganDir                                 0x2000007c   Data           4  stm32f4xx_it.o(.bss..L_MergedGlobals)
    Siganbusy                                0x20000080   Data           4  stm32f4xx_it.o(.bss..L_MergedGlobals)
    color_flag                               0x20000084   Data           1  hardware_iic.o(.bss..L_MergedGlobals)
    RGBwithHSL                               0x20000085   Data           6  hardware_iic.o(.bss..L_MergedGlobals)
    gray_front                               0x2000008b   Data           8  hardware_iic.o(.bss..L_MergedGlobals)
    gray_right                               0x20000093   Data           8  hardware_iic.o(.bss..L_MergedGlobals)
    FsmYellow                                0x2000009c   Data           4  commander.o(.bss..L_MergedGlobals)
    delivery_count                           0x200000a0   Data           4  commander.o(.bss..L_MergedGlobals)
    yellow_end_flag                          0x200000a4   Data           4  commander.o(.bss..L_MergedGlobals)
    Motor1                                   0x200000e0   Data          88  main.o(.bss.Motor1)
    Motor2                                   0x20000138   Data          88  main.o(.bss.Motor2)
    Motor3                                   0x20000190   Data          88  main.o(.bss.Motor3)
    Motor4                                   0x200001e8   Data          88  main.o(.bss.Motor4)
    color_read                               0x20000240   Data           4  commander.o(.bss.color_read)
    hi2c2                                    0x20000244   Data          84  i2c.o(.bss.hi2c2)
    hi2c3                                    0x20000298   Data          84  i2c.o(.bss.hi2c3)
    htim2                                    0x200002ec   Data          72  tim.o(.bss.htim2)
    htim3                                    0x20000334   Data          72  tim.o(.bss.htim3)
    htim4                                    0x2000037c   Data          72  tim.o(.bss.htim4)
    htim5                                    0x200003c4   Data          72  tim.o(.bss.htim5)
    htim6                                    0x2000040c   Data          72  tim.o(.bss.htim6)
    huart1                                   0x20000454   Data          72  usart.o(.bss.huart1)
    huart2                                   0x2000049c   Data          72  usart.o(.bss.huart2)
    pulse_remaining                          0x200004e4   Data           4  steering gear control.o(.bss.pulse_remaining)
    uwTick                                   0x200004e8   Data           4  stm32f4xx_hal.o(.bss.uwTick)



==============================================================================

Memory Map of the image

  Image Entry point : 0x08000189

  Load Region LR_IROM1 (Base: 0x08000000, Size: 0x00004c20, Max: 0x00100000, ABSOLUTE)

    Execution Region ER_IROM1 (Exec base: 0x08000000, Load base: 0x08000000, Size: 0x00004c0c, Max: 0x00100000, ABSOLUTE)

    Exec Addr    Load Addr    Size         Type   Attr      Idx    E Section Name        Object

    0x08000000   0x08000000   0x00000188   Data   RO            3    RESET               startup_stm32f407xx.o
    0x08000188   0x08000188   0x00000008   Code   RO         1467  * !!!main             c_w.l(__main.o)
    0x08000190   0x08000190   0x00000034   Code   RO         1729    !!!scatter          c_w.l(__scatter.o)
    0x080001c4   0x080001c4   0x0000001a   Code   RO         1731    !!handler_copy      c_w.l(__scatter_copy.o)
    0x080001de   0x080001de   0x00000002   PAD
    0x080001e0   0x080001e0   0x0000001c   Code   RO         1733    !!handler_zi        c_w.l(__scatter_zi.o)
    0x080001fc   0x080001fc   0x00000002   Code   RO         1664    .ARM.Collect$$libinit$$00000000  c_w.l(libinit.o)
    0x080001fe   0x080001fe   0x00000004   Code   RO         1535    .ARM.Collect$$libinit$$00000001  c_w.l(libinit2.o)
    0x08000202   0x08000202   0x00000000   Code   RO         1538    .ARM.Collect$$libinit$$00000004  c_w.l(libinit2.o)
    0x08000202   0x08000202   0x00000000   Code   RO         1540    .ARM.Collect$$libinit$$00000006  c_w.l(libinit2.o)
    0x08000202   0x08000202   0x00000008   Code   RO         1541    .ARM.Collect$$libinit$$00000007  c_w.l(libinit2.o)
    0x0800020a   0x0800020a   0x00000000   Code   RO         1543    .ARM.Collect$$libinit$$0000000C  c_w.l(libinit2.o)
    0x0800020a   0x0800020a   0x00000000   Code   RO         1545    .ARM.Collect$$libinit$$0000000E  c_w.l(libinit2.o)
    0x0800020a   0x0800020a   0x00000000   Code   RO         1547    .ARM.Collect$$libinit$$00000010  c_w.l(libinit2.o)
    0x0800020a   0x0800020a   0x00000000   Code   RO         1550    .ARM.Collect$$libinit$$00000013  c_w.l(libinit2.o)
    0x0800020a   0x0800020a   0x00000000   Code   RO         1552    .ARM.Collect$$libinit$$00000015  c_w.l(libinit2.o)
    0x0800020a   0x0800020a   0x00000000   Code   RO         1554    .ARM.Collect$$libinit$$00000017  c_w.l(libinit2.o)
    0x0800020a   0x0800020a   0x00000000   Code   RO         1556    .ARM.Collect$$libinit$$00000019  c_w.l(libinit2.o)
    0x0800020a   0x0800020a   0x00000000   Code   RO         1558    .ARM.Collect$$libinit$$0000001B  c_w.l(libinit2.o)
    0x0800020a   0x0800020a   0x00000000   Code   RO         1560    .ARM.Collect$$libinit$$0000001D  c_w.l(libinit2.o)
    0x0800020a   0x0800020a   0x00000000   Code   RO         1562    .ARM.Collect$$libinit$$0000001F  c_w.l(libinit2.o)
    0x0800020a   0x0800020a   0x00000000   Code   RO         1564    .ARM.Collect$$libinit$$00000021  c_w.l(libinit2.o)
    0x0800020a   0x0800020a   0x00000000   Code   RO         1566    .ARM.Collect$$libinit$$00000023  c_w.l(libinit2.o)
    0x0800020a   0x0800020a   0x00000000   Code   RO         1568    .ARM.Collect$$libinit$$00000025  c_w.l(libinit2.o)
    0x0800020a   0x0800020a   0x00000000   Code   RO         1570    .ARM.Collect$$libinit$$00000027  c_w.l(libinit2.o)
    0x0800020a   0x0800020a   0x00000000   Code   RO         1574    .ARM.Collect$$libinit$$0000002E  c_w.l(libinit2.o)
    0x0800020a   0x0800020a   0x00000000   Code   RO         1576    .ARM.Collect$$libinit$$00000030  c_w.l(libinit2.o)
    0x0800020a   0x0800020a   0x00000000   Code   RO         1578    .ARM.Collect$$libinit$$00000032  c_w.l(libinit2.o)
    0x0800020a   0x0800020a   0x00000000   Code   RO         1580    .ARM.Collect$$libinit$$00000034  c_w.l(libinit2.o)
    0x0800020a   0x0800020a   0x00000002   Code   RO         1581    .ARM.Collect$$libinit$$00000035  c_w.l(libinit2.o)
    0x0800020c   0x0800020c   0x00000002   Code   RO         1726    .ARM.Collect$$libshutdown$$00000000  c_w.l(libshutdown.o)
    0x0800020e   0x0800020e   0x00000000   Code   RO         1682    .ARM.Collect$$libshutdown$$00000002  c_w.l(libshutdown2.o)
    0x0800020e   0x0800020e   0x00000000   Code   RO         1684    .ARM.Collect$$libshutdown$$00000004  c_w.l(libshutdown2.o)
    0x0800020e   0x0800020e   0x00000000   Code   RO         1687    .ARM.Collect$$libshutdown$$00000007  c_w.l(libshutdown2.o)
    0x0800020e   0x0800020e   0x00000000   Code   RO         1690    .ARM.Collect$$libshutdown$$0000000A  c_w.l(libshutdown2.o)
    0x0800020e   0x0800020e   0x00000000   Code   RO         1692    .ARM.Collect$$libshutdown$$0000000C  c_w.l(libshutdown2.o)
    0x0800020e   0x0800020e   0x00000000   Code   RO         1695    .ARM.Collect$$libshutdown$$0000000F  c_w.l(libshutdown2.o)
    0x0800020e   0x0800020e   0x00000002   Code   RO         1696    .ARM.Collect$$libshutdown$$00000010  c_w.l(libshutdown2.o)
    0x08000210   0x08000210   0x00000000   Code   RO         1495    .ARM.Collect$$rtentry$$00000000  c_w.l(__rtentry.o)
    0x08000210   0x08000210   0x00000000   Code   RO         1599    .ARM.Collect$$rtentry$$00000002  c_w.l(__rtentry2.o)
    0x08000210   0x08000210   0x00000006   Code   RO         1611    .ARM.Collect$$rtentry$$00000004  c_w.l(__rtentry4.o)
    0x08000216   0x08000216   0x00000000   Code   RO         1601    .ARM.Collect$$rtentry$$00000009  c_w.l(__rtentry2.o)
    0x08000216   0x08000216   0x00000004   Code   RO         1602    .ARM.Collect$$rtentry$$0000000A  c_w.l(__rtentry2.o)
    0x0800021a   0x0800021a   0x00000000   Code   RO         1604    .ARM.Collect$$rtentry$$0000000C  c_w.l(__rtentry2.o)
    0x0800021a   0x0800021a   0x00000008   Code   RO         1605    .ARM.Collect$$rtentry$$0000000D  c_w.l(__rtentry2.o)
    0x08000222   0x08000222   0x00000002   Code   RO         1669    .ARM.Collect$$rtexit$$00000000  c_w.l(rtexit.o)
    0x08000224   0x08000224   0x00000000   Code   RO         1702    .ARM.Collect$$rtexit$$00000002  c_w.l(rtexit2.o)
    0x08000224   0x08000224   0x00000004   Code   RO         1703    .ARM.Collect$$rtexit$$00000003  c_w.l(rtexit2.o)
    0x08000228   0x08000228   0x00000006   Code   RO         1704    .ARM.Collect$$rtexit$$00000004  c_w.l(rtexit2.o)
    0x0800022e   0x0800022e   0x00000002   PAD
    0x08000230   0x08000230   0x00000040   Code   RO            4    .text               startup_stm32f407xx.o
    0x08000270   0x08000270   0x0000005e   Code   RO         1405    .text               c_w.l(h1_alloc.o)
    0x080002ce   0x080002ce   0x000000c4   Code   RO         1407    .text               c_w.l(h1_realloc.o)
    0x08000392   0x08000392   0x000000f0   Code   RO         1463    .text               c_w.l(lludivv7m.o)
    0x08000482   0x08000482   0x00000006   Code   RO         1465    .text               c_w.l(heapauxi.o)
    0x08000488   0x08000488   0x00000008   Code   RO         1503    .text               c_w.l(rt_heap_descriptor_intlibspace.o)
    0x08000490   0x08000490   0x00000004   Code   RO         1505    .text               c_w.l(hguard.o)
    0x08000494   0x08000494   0x0000008a   Code   RO         1507    .text               c_w.l(init_alloc.o)
    0x0800051e   0x0800051e   0x0000000e   Code   RO         1513    .text               c_w.l(h1_init.o)
    0x0800052c   0x0800052c   0x0000004e   Code   RO         1515    .text               c_w.l(h1_free.o)
    0x0800057a   0x0800057a   0x00000064   Code   RO         1529    .text               c_w.l(rt_memcpy_w.o)
    0x080005de   0x080005de   0x00000002   PAD
    0x080005e0   0x080005e0   0x00000008   Code   RO         1595    .text               c_w.l(libspace.o)
    0x080005e8   0x080005e8   0x00000000   Code   RO         1617    .text               c_w.l(maybetermalloc1.o)
    0x080005e8   0x080005e8   0x00000034   Code   RO         1619    .text               c_w.l(h1_extend.o)
    0x0800061c   0x0800061c   0x0000000e   Code   RO         1623    .text               c_w.l(defsig_rtmem_outer.o)
    0x0800062a   0x0800062a   0x00000002   Code   RO         1636    .text               c_w.l(use_no_semi.o)
    0x0800062c   0x0800062c   0x00000000   Code   RO         1638    .text               c_w.l(indicate_semi.o)
    0x0800062c   0x0800062c   0x0000004a   Code   RO         1639    .text               c_w.l(sys_stackheap_outer.o)
    0x08000676   0x08000676   0x00000012   Code   RO         1645    .text               c_w.l(exit.o)
    0x08000688   0x08000688   0x0000000a   Code   RO         1647    .text               c_w.l(defsig_exit.o)
    0x08000692   0x08000692   0x00000002   PAD
    0x08000694   0x08000694   0x00000050   Code   RO         1653    .text               c_w.l(defsig_rtmem_inner.o)
    0x080006e4   0x080006e4   0x0000000c   Code   RO         1665    .text               c_w.l(sys_exit.o)
    0x080006f0   0x080006f0   0x00000032   Code   RO         1677    .text               c_w.l(defsig_general.o)
    0x08000722   0x08000722   0x0000000e   Code   RO         1697    .text               c_w.l(sys_wrch.o)
    0x08000730   0x08000730   0x00000094   Code   RO         1355    .text.Back_beginA1_StateFunc  commander.o
    0x080007c4   0x080007c4   0x000000b4   Code   RO         1363    .text.Back_beginA2_StateFunc  commander.o
    0x08000878   0x08000878   0x00000090   Code   RO         1371    .text.Back_beginA3_StateFunc  commander.o
    0x08000908   0x08000908   0x000000a4   Code   RO         1357    .text.Back_endA1_StateFunc  commander.o
    0x080009ac   0x080009ac   0x000000a4   Code   RO         1365    .text.Back_endA2_StateFunc  commander.o
    0x08000a50   0x08000a50   0x000000a4   Code   RO         1373    .text.Back_endA3_StateFunc  commander.o
    0x08000af4   0x08000af4   0x00000006   Code   RO         1347    .text.Begin_StateFunc  commander.o
    0x08000afa   0x08000afa   0x00000002   PAD
    0x08000afc   0x08000afc   0x00000002   Code   RO          111    .text.BusFault_Handler  stm32f4xx_it.o
    0x08000afe   0x08000afe   0x00000002   PAD
    0x08000b00   0x08000b00   0x00000060   Code   RO         1349    .text.CarryA_StateFunc  commander.o
    0x08000b60   0x08000b60   0x00000016   Code   RO         1375    .text.ConditionA1   commander.o
    0x08000b76   0x08000b76   0x00000002   PAD
    0x08000b78   0x08000b78   0x00000028   Code   RO         1377    .text.ConditionA2   commander.o
    0x08000ba0   0x08000ba0   0x00000026   Code   RO         1379    .text.ConditionA3   commander.o
    0x08000bc6   0x08000bc6   0x00000002   PAD
    0x08000bc8   0x08000bc8   0x00000028   Code   RO         1381    .text.ConditionA4   commander.o
    0x08000bf0   0x08000bf0   0x00000028   Code   RO         1383    .text.ConditionA5   commander.o
    0x08000c18   0x08000c18   0x00000002   Code   RO          117    .text.DebugMon_Handler  stm32f4xx_it.o
    0x08000c1a   0x08000c1a   0x00000002   PAD
    0x08000c1c   0x08000c1c   0x00000064   Code   RO         1351    .text.Delivery_beginA1_StateFunc  commander.o
    0x08000c80   0x08000c80   0x00000006   Code   RO         1359    .text.Delivery_beginA2_StateFunc  commander.o
    0x08000c86   0x08000c86   0x00000002   PAD
    0x08000c88   0x08000c88   0x00000006   Code   RO         1367    .text.Delivery_beginA3_StateFunc  commander.o
    0x08000c8e   0x08000c8e   0x00000002   PAD
    0x08000c90   0x08000c90   0x00000078   Code   RO         1353    .text.Delivery_endA1_StateFunc  commander.o
    0x08000d08   0x08000d08   0x00000078   Code   RO         1361    .text.Delivery_endA2_StateFunc  commander.o
    0x08000d80   0x08000d80   0x00000078   Code   RO         1369    .text.Delivery_endA3_StateFunc  commander.o
    0x08000df8   0x08000df8   0x00000006   Code   RO           15    .text.Error_Handler  main.o
    0x08000dfe   0x08000dfe   0x00000002   PAD
    0x08000e00   0x08000e00   0x000001b0   Code   RO         1315    .text.Get_Black_Line_Position  motor.o
    0x08000fb0   0x08000fb0   0x00000028   Code   RO          597    .text.HAL_Delay     stm32f4xx_hal.o
    0x08000fd8   0x08000fd8   0x000001a6   Code   RO          392    .text.HAL_GPIO_Init  stm32f4xx_hal_gpio.o
    0x0800117e   0x0800117e   0x00000002   PAD
    0x08001180   0x08001180   0x0000000a   Code   RO          398    .text.HAL_GPIO_WritePin  stm32f4xx_hal_gpio.o
    0x0800118a   0x0800118a   0x00000002   PAD
    0x0800118c   0x0800118c   0x0000000c   Code   RO          589    .text.HAL_GetTick   stm32f4xx_hal.o
    0x08001198   0x08001198   0x00000176   Code   RO          143    .text.HAL_I2C_Init  stm32f4xx_hal_i2c.o
    0x0800130e   0x0800130e   0x00000002   PAD
    0x08001310   0x08001310   0x0000025c   Code   RO          191    .text.HAL_I2C_Mem_Read  stm32f4xx_hal_i2c.o
    0x0800156c   0x0800156c   0x00000118   Code   RO           42    .text.HAL_I2C_MspInit  i2c.o
    0x08001684   0x08001684   0x0000001a   Code   RO          587    .text.HAL_IncTick   stm32f4xx_hal.o
    0x0800169e   0x0800169e   0x00000002   PAD
    0x080016a0   0x080016a0   0x00000036   Code   RO          577    .text.HAL_Init      stm32f4xx_hal.o
    0x080016d6   0x080016d6   0x00000002   PAD
    0x080016d8   0x080016d8   0x00000048   Code   RO          579    .text.HAL_InitTick  stm32f4xx_hal.o
    0x08001720   0x08001720   0x00000038   Code   RO          135    .text.HAL_MspInit   stm32f4xx_hal_msp.o
    0x08001758   0x08001758   0x00000026   Code   RO          529    .text.HAL_NVIC_EnableIRQ  stm32f4xx_hal_cortex.o
    0x0800177e   0x0800177e   0x00000002   PAD
    0x08001780   0x08001780   0x00000056   Code   RO          527    .text.HAL_NVIC_SetPriority  stm32f4xx_hal_cortex.o
    0x080017d6   0x080017d6   0x00000002   PAD
    0x080017d8   0x080017d8   0x00000020   Code   RO          525    .text.HAL_NVIC_SetPriorityGrouping  stm32f4xx_hal_cortex.o
    0x080017f8   0x080017f8   0x00000160   Code   RO          286    .text.HAL_RCC_ClockConfig  stm32f4xx_hal_rcc.o
    0x08001958   0x08001958   0x00000026   Code   RO          298    .text.HAL_RCC_GetPCLK1Freq  stm32f4xx_hal_rcc.o
    0x0800197e   0x0800197e   0x00000002   PAD
    0x08001980   0x08001980   0x00000026   Code   RO          300    .text.HAL_RCC_GetPCLK2Freq  stm32f4xx_hal_rcc.o
    0x080019a6   0x080019a6   0x00000002   PAD
    0x080019a8   0x080019a8   0x0000006a   Code   RO          288    .text.HAL_RCC_GetSysClockFreq  stm32f4xx_hal_rcc.o
    0x08001a12   0x08001a12   0x00000002   PAD
    0x08001a14   0x08001a14   0x00000374   Code   RO          284    .text.HAL_RCC_OscConfig  stm32f4xx_hal_rcc.o
    0x08001d88   0x08001d88   0x0000002c   Code   RO          537    .text.HAL_SYSTICK_Config  stm32f4xx_hal_cortex.o
    0x08001db4   0x08001db4   0x00000002   Code   RO          972    .text.HAL_TIMEx_BreakCallback  stm32f4xx_hal_tim_ex.o
    0x08001db6   0x08001db6   0x00000002   PAD
    0x08001db8   0x08001db8   0x00000002   Code   RO          968    .text.HAL_TIMEx_CommutCallback  stm32f4xx_hal_tim_ex.o
    0x08001dba   0x08001dba   0x00000002   PAD
    0x08001dbc   0x08001dbc   0x000000b6   Code   RO          962    .text.HAL_TIMEx_MasterConfigSynchronization  stm32f4xx_hal_tim_ex.o
    0x08001e72   0x08001e72   0x00000002   PAD
    0x08001e74   0x08001e74   0x0000005a   Code   RO          667    .text.HAL_TIM_Base_Init  stm32f4xx_hal_tim.o
    0x08001ece   0x08001ece   0x00000002   PAD
    0x08001ed0   0x08001ed0   0x000000de   Code   RO           68    .text.HAL_TIM_Base_MspInit  tim.o
    0x08001fae   0x08001fae   0x00000002   PAD
    0x08001fb0   0x08001fb0   0x000000aa   Code   RO          681    .text.HAL_TIM_Base_Start_IT  stm32f4xx_hal_tim.o
    0x0800205a   0x0800205a   0x00000002   PAD
    0x0800205c   0x0800205c   0x0000019c   Code   RO          847    .text.HAL_TIM_ConfigClockSource  stm32f4xx_hal_tim.o
    0x080021f8   0x080021f8   0x00000002   Code   RO          803    .text.HAL_TIM_IC_CaptureCallback  stm32f4xx_hal_tim.o
    0x080021fa   0x080021fa   0x00000002   PAD
    0x080021fc   0x080021fc   0x0000014e   Code   RO          801    .text.HAL_TIM_IRQHandler  stm32f4xx_hal_tim.o
    0x0800234a   0x0800234a   0x00000002   PAD
    0x0800234c   0x0800234c   0x00000002   Code   RO          805    .text.HAL_TIM_OC_DelayElapsedCallback  stm32f4xx_hal_tim.o
    0x0800234e   0x0800234e   0x00000002   PAD
    0x08002350   0x08002350   0x00000222   Code   RO          821    .text.HAL_TIM_PWM_ConfigChannel  stm32f4xx_hal_tim.o
    0x08002572   0x08002572   0x00000002   PAD
    0x08002574   0x08002574   0x0000005a   Code   RO          721    .text.HAL_TIM_PWM_Init  stm32f4xx_hal_tim.o
    0x080025ce   0x080025ce   0x00000002   PAD
    0x080025d0   0x080025d0   0x00000002   Code   RO          723    .text.HAL_TIM_PWM_MspInit  stm32f4xx_hal_tim.o
    0x080025d2   0x080025d2   0x00000002   PAD
    0x080025d4   0x080025d4   0x00000002   Code   RO          807    .text.HAL_TIM_PWM_PulseFinishedCallback  stm32f4xx_hal_tim.o
    0x080025d6   0x080025d6   0x00000002   PAD
    0x080025d8   0x080025d8   0x00000112   Code   RO          729    .text.HAL_TIM_PWM_Start  stm32f4xx_hal_tim.o
    0x080026ea   0x080026ea   0x00000002   PAD
    0x080026ec   0x080026ec   0x00000002   Code   RO          809    .text.HAL_TIM_PeriodElapsedCallback  stm32f4xx_hal_tim.o
    0x080026ee   0x080026ee   0x00000002   PAD
    0x080026f0   0x080026f0   0x00000002   Code   RO          811    .text.HAL_TIM_TriggerCallback  stm32f4xx_hal_tim.o
    0x080026f2   0x080026f2   0x00000002   PAD
    0x080026f4   0x080026f4   0x00000060   Code   RO          986    .text.HAL_UART_Init  stm32f4xx_hal_uart.o
    0x08002754   0x08002754   0x000000c0   Code   RO           89    .text.HAL_UART_MspInit  usart.o
    0x08002814   0x08002814   0x00000178   Code   RO         1002    .text.HAL_UART_Transmit  stm32f4xx_hal_uart.o
    0x0800298c   0x0800298c   0x00000002   Code   RO          107    .text.HardFault_Handler  stm32f4xx_it.o
    0x0800298e   0x0800298e   0x00000002   PAD
    0x08002990   0x08002990   0x00000118   Code   RO          193    .text.I2C_RequestMemoryRead  stm32f4xx_hal_i2c.o
    0x08002aa8   0x08002aa8   0x000001d2   Code   RO          153    .text.I2C_WaitOnFlagUntilTimeout  stm32f4xx_hal_i2c.o
    0x08002c7a   0x08002c7a   0x00000002   PAD
    0x08002c7c   0x08002c7c   0x000000e0   Code   RO          271    .text.I2C_WaitOnMasterAddressFlagUntilTimeout  stm32f4xx_hal_i2c.o
    0x08002d5c   0x08002d5c   0x00000090   Code   RO          161    .text.I2C_WaitOnRXNEFlagUntilTimeout  stm32f4xx_hal_i2c.o
    0x08002dec   0x08002dec   0x000000be   Code   RO          155    .text.I2C_WaitOnTXEFlagUntilTimeout  stm32f4xx_hal_i2c.o
    0x08002eaa   0x08002eaa   0x00000002   PAD
    0x08002eac   0x08002eac   0x000000cc   Code   RO         1317    .text.LineTracking  motor.o
    0x08002f78   0x08002f78   0x0000009e   Code   RO           29    .text.MX_GPIO_Init  gpio.o
    0x08003016   0x08003016   0x00000002   PAD
    0x08003018   0x08003018   0x0000003e   Code   RO           38    .text.MX_I2C2_Init  i2c.o
    0x08003056   0x08003056   0x00000002   PAD
    0x08003058   0x08003058   0x0000003e   Code   RO           40    .text.MX_I2C3_Init  i2c.o
    0x08003096   0x08003096   0x00000002   PAD
    0x08003098   0x08003098   0x00000164   Code   RO           56    .text.MX_TIM2_Init  tim.o
    0x080031fc   0x080031fc   0x0000015e   Code   RO           60    .text.MX_TIM3_Init  tim.o
    0x0800335a   0x0800335a   0x00000002   PAD
    0x0800335c   0x0800335c   0x00000072   Code   RO           62    .text.MX_TIM4_Init  tim.o
    0x080033ce   0x080033ce   0x00000002   PAD
    0x080033d0   0x080033d0   0x0000015e   Code   RO           64    .text.MX_TIM5_Init  tim.o
    0x0800352e   0x0800352e   0x00000002   PAD
    0x08003530   0x08003530   0x00000050   Code   RO           66    .text.MX_TIM6_Init  tim.o
    0x08003580   0x08003580   0x0000003c   Code   RO           85    .text.MX_USART1_UART_Init  usart.o
    0x080035bc   0x080035bc   0x0000003c   Code   RO           87    .text.MX_USART2_UART_Init  usart.o
    0x080035f8   0x080035f8   0x00000002   Code   RO          109    .text.MemManage_Handler  stm32f4xx_it.o
    0x080035fa   0x080035fa   0x00000002   PAD
    0x080035fc   0x080035fc   0x00000080   Code   RO         1333    .text.Motorangle    motor.o
    0x0800367c   0x0800367c   0x0000006c   Code   RO         1327    .text.Move_Backward_Position  motor.o
    0x080036e8   0x080036e8   0x0000006c   Code   RO         1325    .text.Move_Forward_Position  motor.o
    0x08003754   0x08003754   0x00000074   Code   RO         1331    .text.Move_Left_Position  motor.o
    0x080037c8   0x080037c8   0x00000074   Code   RO         1329    .text.Move_Right_Position  motor.o
    0x0800383c   0x0800383c   0x00000002   Code   RO          105    .text.NMI_Handler   stm32f4xx_it.o
    0x0800383e   0x0800383e   0x00000002   PAD
    0x08003840   0x08003840   0x00000002   Code   RO          119    .text.PendSV_Handler  stm32f4xx_it.o
    0x08003842   0x08003842   0x00000002   PAD
    0x08003844   0x08003844   0x00000012   Code   RO         1284    .text.Pump_Close    steering gear control.o
    0x08003856   0x08003856   0x00000002   PAD
    0x08003858   0x08003858   0x00000012   Code   RO         1282    .text.Pump_Open     steering gear control.o
    0x0800386a   0x0800386a   0x00000002   PAD
    0x0800386c   0x0800386c   0x00000046   Code   RO         1225    .text.Read_RGB_HSL  hardware_iic.o
    0x080038b2   0x080038b2   0x00000002   PAD
    0x080038b4   0x080038b4   0x00000002   Code   RO          115    .text.SVC_Handler   stm32f4xx_it.o
    0x080038b6   0x080038b6   0x00000002   PAD
    0x080038b8   0x080038b8   0x000000b8   Code   RO         1229    .text.Sensor_All_Update  hardware_iic.o
    0x08003970   0x08003970   0x00000062   Code   RO         1298    .text.Sigancatch    steering gear control.o
    0x080039d2   0x080039d2   0x00000006   PAD
    0x080039d8   0x080039d8   0x00000068   Code   RO         1296    .text.Siganmove     steering gear control.o
    0x08003a40   0x08003a40   0x00000012   Code   RO         1290    .text.Solenoid_Close  steering gear control.o
    0x08003a52   0x08003a52   0x00000002   PAD
    0x08003a54   0x08003a54   0x00000012   Code   RO         1288    .text.Solenoid_Open  steering gear control.o
    0x08003a66   0x08003a66   0x00000002   PAD
    0x08003a68   0x08003a68   0x00000016   Code   RO         1171    .text.Step_ZDT_Init  zdtstepmotor.o
    0x08003a7e   0x08003a7e   0x00000002   PAD
    0x08003a80   0x08003a80   0x00000058   Code   RO         1323    .text.Stop          motor.o
    0x08003ad8   0x08003ad8   0x00000004   Code   RO          121    .text.SysTick_Handler  stm32f4xx_it.o
    0x08003adc   0x08003adc   0x000000ac   Code   RO           13    .text.SystemClock_Config  main.o
    0x08003b88   0x08003b88   0x00000012   Code   RO         1108    .text.SystemInit    system_stm32f4xx.o
    0x08003b9a   0x08003b9a   0x00000002   PAD
    0x08003b9c   0x08003b9c   0x000000b6   Code   RO          123    .text.TIM4_IRQHandler  stm32f4xx_it.o
    0x08003c52   0x08003c52   0x00000002   PAD
    0x08003c54   0x08003c54   0x00000142   Code   RO          671    .text.TIM_Base_SetConfig  stm32f4xx_hal_tim.o
    0x08003d96   0x08003d96   0x00000002   PAD
    0x08003d98   0x08003d98   0x000000ee   Code   RO          990    .text.UART_SetConfig  stm32f4xx_hal_uart.o
    0x08003e86   0x08003e86   0x00000002   PAD
    0x08003e88   0x08003e88   0x00000002   Code   RO          113    .text.UsageFault_Handler  stm32f4xx_it.o
    0x08003e8a   0x08003e8a   0x00000002   PAD
    0x08003e8c   0x08003e8c   0x00000028   Code   RO         1292    .text.Yuntai_set_Angle  steering gear control.o
    0x08003eb4   0x08003eb4   0x00000024   Code   RO         1149    .text.fsm_Add_Transition  fsm.o
    0x08003ed8   0x08003ed8   0x00000012   Code   RO         1143    .text.fsm_Create    fsm.o
    0x08003eea   0x08003eea   0x00000002   PAD
    0x08003eec   0x08003eec   0x00000040   Code   RO         1147    .text.fsm_Create_And_Add_State  fsm.o
    0x08003f2c   0x08003f2c   0x00000042   Code   RO         1153    .text.fsm_Execute   fsm.o
    0x08003f6e   0x08003f6e   0x00000002   PAD
    0x08003f70   0x08003f70   0x00000004   Code   RO         1151    .text.fsm_Set_Initial_State  fsm.o
    0x08003f74   0x08003f74   0x00000114   Code   RO           11    .text.main          main.o
    0x08004088   0x08004088   0x00000010   Code   RO         1385    .text.motion_StateManager_Execute  commander.o
    0x08004098   0x08004098   0x000002b4   Code   RO         1345    .text.motion_StateManager_Init  commander.o
    0x0800434c   0x0800434c   0x00000004   PAD
    0x08004350   0x08004350   0x0000011c   Code   RO         1175    .text.set_speed_pos_target  zdtstepmotor.o
    0x0800446c   0x0800446c   0x00000004   PAD
    0x08004470   0x08004470   0x000000dc   Code   RO         1173    .text.set_speed_target  zdtstepmotor.o
    0x0800454c   0x0800454c   0x000002b4   Code   RO         1472    x$fpl$ddiv          fz_wm.l(ddiv.o)
    0x08004800   0x08004800   0x0000005e   Code   RO         1475    x$fpl$dfix          fz_wm.l(dfix.o)
    0x0800485e   0x0800485e   0x00000002   PAD
    0x08004860   0x08004860   0x0000005a   Code   RO         1479    x$fpl$dfixu         fz_wm.l(dfixu.o)
    0x080048ba   0x080048ba   0x00000002   PAD
    0x080048bc   0x080048bc   0x00000154   Code   RO         1489    x$fpl$dmul          fz_wm.l(dmul.o)
    0x08004a10   0x08004a10   0x0000009c   Code   RO         1582    x$fpl$dnaninf       fz_wm.l(dnaninf.o)
    0x08004aac   0x08004aac   0x0000000c   Code   RO         1584    x$fpl$dretinf       fz_wm.l(dretinf.o)
    0x08004ab8   0x08004ab8   0x00000056   Code   RO         1491    x$fpl$f2d           fz_wm.l(f2d.o)
    0x08004b0e   0x08004b0e   0x0000008c   Code   RO         1586    x$fpl$fnaninf       fz_wm.l(fnaninf.o)
    0x08004b9a   0x08004b9a   0x0000001a   Code   RO         1634    x$fpl$fpinit        fz_wm.l(fpinit.o)
    0x08004bb4   0x08004bb4   0x00000000   Code   RO         1590    x$fpl$usenofp       fz_wm.l(usenofp.o)
    0x08004bb4   0x08004bb4   0x00000010   Data   RO         1113    .rodata.AHBPrescTable  system_stm32f4xx.o
    0x08004bc4   0x08004bc4   0x00000008   Data   RO         1114    .rodata.APBPrescTable  system_stm32f4xx.o
    0x08004bcc   0x08004bcc   0x00000020   Data   RO         1388    .rodata.str1.1      commander.o
    0x08004bec   0x08004bec   0x00000020   Data   RO         1728    Region$$Table       anon$$obj.o


    Execution Region RW_IRAM1 (Exec base: 0x20000000, Load base: 0x08004c10, Size: 0x00000af0, Max: 0x0001c000, ABSOLUTE)

    Exec Addr    Load Addr    Size         Type   Attr      Idx    E Section Name        Object

    0x20000000   0x08004c10   0x00000008   Data   RW          632    .data..L_MergedGlobals  stm32f4xx_hal.o
    0x20000008   0x08004c18   0x00000004   Data   RW          125    .data.Sigan_Motor_Speed  stm32f4xx_it.o
    0x2000000c   0x08004c1c   0x00000004   Data   RW         1112    .data.SystemCoreClock  system_stm32f4xx.o
    0x20000010        -       0x00000060   Zero   RW         1596    .bss                c_w.l(libspace.o)
    0x20000070        -       0x00000014   Zero   RW          126    .bss..L_MergedGlobals  stm32f4xx_it.o
    0x20000084        -       0x00000017   Zero   RW         1231    .bss..L_MergedGlobals  hardware_iic.o
    0x2000009b   0x08004c20   0x00000001   PAD
    0x2000009c        -       0x00000044   Zero   RW         1389    .bss..L_MergedGlobals  commander.o
    0x200000e0        -       0x00000058   Zero   RW           17    .bss.Motor1         main.o
    0x20000138        -       0x00000058   Zero   RW           18    .bss.Motor2         main.o
    0x20000190        -       0x00000058   Zero   RW           19    .bss.Motor3         main.o
    0x200001e8        -       0x00000058   Zero   RW           20    .bss.Motor4         main.o
    0x20000240        -       0x00000004   Zero   RW         1387    .bss.color_read     commander.o
    0x20000244        -       0x00000054   Zero   RW           46    .bss.hi2c2          i2c.o
    0x20000298        -       0x00000054   Zero   RW           47    .bss.hi2c3          i2c.o
    0x200002ec        -       0x00000048   Zero   RW           72    .bss.htim2          tim.o
    0x20000334        -       0x00000048   Zero   RW           73    .bss.htim3          tim.o
    0x2000037c        -       0x00000048   Zero   RW           74    .bss.htim4          tim.o
    0x200003c4        -       0x00000048   Zero   RW           75    .bss.htim5          tim.o
    0x2000040c        -       0x00000048   Zero   RW           76    .bss.htim6          tim.o
    0x20000454        -       0x00000048   Zero   RW           93    .bss.huart1         usart.o
    0x2000049c        -       0x00000048   Zero   RW           94    .bss.huart2         usart.o
    0x200004e4        -       0x00000004   Zero   RW         1300    .bss.pulse_remaining  steering gear control.o
    0x200004e8        -       0x00000004   Zero   RW          631    .bss.uwTick         stm32f4xx_hal.o
    0x200004ec   0x08004c20   0x00000004   PAD
    0x200004f0        -       0x00000200   Zero   RW            2    HEAP                startup_stm32f407xx.o
    0x200006f0        -       0x00000400   Zero   RW            1    STACK               startup_stm32f407xx.o


    Execution Region RW_IRAM2 (Exec base: 0x2001c000, Load base: 0x08004c20, Size: 0x00000000, Max: 0x00004000, ABSOLUTE)

    **** No section assigned to this execution region ****


==============================================================================

Image component sizes


      Code (inc. data)   RO Data    RW Data    ZI Data      Debug   Object Name

      2426        308         32          0         72       5952   commander.o
       188          0          0          0          0       2846   fsm.o
       158          0          0          0          0       2183   gpio.o
       254          0          0          0         23       8894   hardware_iic.o
       404          0          0          0        168       5537   i2c.o
       454          4          0          0        352       7034   main.o
      1300         52          0          0          0       8467   motor.o
        64         26        392          0       1536        848   startup_stm32f407xx.o
       314          8          0          0          4       2594   steering gear control.o
       204          0          0          8          4       7293   stm32f4xx_hal.o
       200          0          0          0          0      10814   stm32f4xx_hal_cortex.o
       432          0          0          0          0       5255   stm32f4xx_hal_gpio.o
      2282          0          0          0          0      42363   stm32f4xx_hal_i2c.o
        56          0          0          0          0       1453   stm32f4xx_hal_msp.o
      1418          0          0          0          0       7385   stm32f4xx_hal_rcc.o
      2250          4          0          0          0      55167   stm32f4xx_hal_tim.o
       186          0          0          0          0      21187   stm32f4xx_hal_tim_ex.o
       710          0          0          0          0      32141   stm32f4xx_hal_uart.o
       202          0          0          4         20       5583   stm32f4xx_it.o
        18          0         24          4          0       2585   system_stm32f4xx.o
      1472          6          0          0        360      10062   tim.o
       312          0          0          0        144       5294   usart.o
       526         32          0          0          0       6555   zdtstepmotor.o

    ----------------------------------------------------------------------
     15964        448        480         16       2688     257492   Object Totals
         0          0         32          0          0          0   (incl. Generated)
       134          8          0          0          5          0   (incl. Padding)

    ----------------------------------------------------------------------

      Code (inc. data)   RO Data    RW Data    ZI Data      Debug   Library Member Name

         8          0          0          0          0         68   __main.o
         0          0          0          0          0          0   __rtentry.o
        12          0          0          0          0          0   __rtentry2.o
         6          0          0          0          0          0   __rtentry4.o
        52          8          0          0          0          0   __scatter.o
        26          0          0          0          0          0   __scatter_copy.o
        28          0          0          0          0          0   __scatter_zi.o
        10          0          0          0          0         68   defsig_exit.o
        50          0          0          0          0         88   defsig_general.o
        80         58          0          0          0         76   defsig_rtmem_inner.o
        14          0          0          0          0         80   defsig_rtmem_outer.o
        18          0          0          0          0         80   exit.o
        94          0          0          0          0         80   h1_alloc.o
        52          0          0          0          0         68   h1_extend.o
        78          0          0          0          0         80   h1_free.o
        14          0          0          0          0         84   h1_init.o
       196          0          0          0          0         92   h1_realloc.o
         6          0          0          0          0        152   heapauxi.o
         4          0          0          0          0        136   hguard.o
         0          0          0          0          0          0   indicate_semi.o
       138          0          0          0          0        168   init_alloc.o
         2          0          0          0          0          0   libinit.o
        14          0          0          0          0          0   libinit2.o
         2          0          0          0          0          0   libshutdown.o
         2          0          0          0          0          0   libshutdown2.o
         8          4          0          0         96         68   libspace.o
       240          0          0          0          0        100   lludivv7m.o
         0          0          0          0          0          0   maybetermalloc1.o
         8          4          0          0          0         68   rt_heap_descriptor_intlibspace.o
       100          0          0          0          0         80   rt_memcpy_w.o
         2          0          0          0          0          0   rtexit.o
        10          0          0          0          0          0   rtexit2.o
        12          4          0          0          0         68   sys_exit.o
        74          0          0          0          0         80   sys_stackheap_outer.o
        14          0          0          0          0         76   sys_wrch.o
         2          0          0          0          0         68   use_no_semi.o
       692        140          0          0          0        264   ddiv.o
        94          4          0          0          0        140   dfix.o
        90          4          0          0          0        140   dfixu.o
       340         12          0          0          0        152   dmul.o
       156          4          0          0          0        140   dnaninf.o
        12          0          0          0          0        116   dretinf.o
        86          4          0          0          0        132   f2d.o
       140          4          0          0          0        132   fnaninf.o
        26          0          0          0          0        116   fpinit.o
         0          0          0          0          0          0   usenofp.o

    ----------------------------------------------------------------------
      3024        250          0          0         96       3260   Library Totals
        12          0          0          0          0          0   (incl. Padding)

    ----------------------------------------------------------------------

      Code (inc. data)   RO Data    RW Data    ZI Data      Debug   Library Name

      1376         78          0          0         96       1928   c_w.l
      1636        172          0          0          0       1332   fz_wm.l

    ----------------------------------------------------------------------
      3024        250          0          0         96       3260   Library Totals

    ----------------------------------------------------------------------

==============================================================================


      Code (inc. data)   RO Data    RW Data    ZI Data      Debug   

     18988        698        480         16       2784     258544   Grand Totals
     18988        698        480         16       2784     258544   ELF Image Totals
     18988        698        480         16          0          0   ROM Totals

==============================================================================

    Total RO  Size (Code + RO Data)                19468 (  19.01kB)
    Total RW  Size (RW Data + ZI Data)              2800 (   2.73kB)
    Total ROM Size (Code + RO Data + RW Data)      19484 (  19.03kB)

==============================================================================

