Component: Arm Compiler for Embedded 6.21 Tool: armlink [5ec1fa00]

==============================================================================

Section Cross References

    startup_stm32f407xx.o(RESET) refers to startup_stm32f407xx.o(STACK) for __initial_sp
    startup_stm32f407xx.o(RESET) refers to startup_stm32f407xx.o(.text) for Reset_Handler
    startup_stm32f407xx.o(RESET) refers to stm32f4xx_it.o(.text.NMI_Handler) for NMI_Handler
    startup_stm32f407xx.o(RESET) refers to stm32f4xx_it.o(.text.HardFault_Handler) for HardFault_Handler
    startup_stm32f407xx.o(RESET) refers to stm32f4xx_it.o(.text.MemManage_Handler) for MemManage_Handler
    startup_stm32f407xx.o(RESET) refers to stm32f4xx_it.o(.text.BusFault_Handler) for BusFault_Handler
    startup_stm32f407xx.o(RESET) refers to stm32f4xx_it.o(.text.UsageFault_Handler) for UsageFault_Handler
    startup_stm32f407xx.o(RESET) refers to port.o(.text.SVC_Handler) for SVC_Handler
    startup_stm32f407xx.o(RESET) refers to stm32f4xx_it.o(.text.DebugMon_Handler) for DebugMon_Handler
    startup_stm32f407xx.o(RESET) refers to port.o(.text.PendSV_Handler) for PendSV_Handler
    startup_stm32f407xx.o(RESET) refers to stm32f4xx_it.o(.text.SysTick_Handler) for SysTick_Handler
    startup_stm32f407xx.o(RESET) refers to stm32f4xx_it.o(.text.TIM4_IRQHandler) for TIM4_IRQHandler
    startup_stm32f407xx.o(.text) refers to system_stm32f4xx.o(.text.SystemInit) for SystemInit
    startup_stm32f407xx.o(.text) refers to entry.o(.ARM.Collect$$$$00000000) for __main
    maintask.o(.text.main_task_create) refers to usart.o(.bss.huart1) for huart1
    maintask.o(.text.main_task_create) refers to main.o(.bss.Motor1) for Motor1
    maintask.o(.text.main_task_create) refers to zdtstepmotor.o(.text.Step_ZDT_Init) for Step_ZDT_Init
    maintask.o(.text.main_task_create) refers to tasks.o(.text.vTaskDelay) for vTaskDelay
    maintask.o(.text.main_task_create) refers to main.o(.bss.Motor2) for Motor2
    maintask.o(.text.main_task_create) refers to main.o(.bss.Motor3) for Motor3
    maintask.o(.text.main_task_create) refers to main.o(.bss.Motor4) for Motor4
    maintask.o(.text.main_task_create) refers to commander.o(.text.motion_StateManager_Init) for motion_StateManager_Init
    maintask.o(.text.main_task_create) refers to steering gear control.o(.text.Yuntai_set_Angle) for Yuntai_set_Angle
    maintask.o(.text.main_task_create) refers to steering gear control.o(.text.Pump_Close) for Pump_Close
    maintask.o(.text.main_task_create) refers to steering gear control.o(.text.Solenoid_Close) for Solenoid_Close
    maintask.o(.text.main_task_create) refers to maintask.o(.bss..L_MergedGlobals) for .L_MergedGlobals
    maintask.o(.text.main_task_create) refers to maintask.o(.text.motion_process_task) for motion_process_task
    maintask.o(.text.main_task_create) refers to tasks.o(.text.xTaskCreate) for xTaskCreate
    maintask.o(.text.main_task_create) refers to maintask.o(.text.sensor_process_task) for sensor_process_task
    maintask.o(.ARM.exidx.text.main_task_create) refers to maintask.o(.text.main_task_create) for [Anonymous Symbol]
    maintask.o(.text.motion_process_task) refers to commander.o(.text.motion_StateManager_Execute) for motion_StateManager_Execute
    maintask.o(.text.motion_process_task) refers to tasks.o(.text.vTaskDelay) for vTaskDelay
    maintask.o(.ARM.exidx.text.motion_process_task) refers to maintask.o(.text.motion_process_task) for [Anonymous Symbol]
    maintask.o(.text.sensor_process_task) refers to hardware_iic.o(.text.Read_RGB_HSL) for Read_RGB_HSL
    maintask.o(.text.sensor_process_task) refers to tasks.o(.text.vTaskDelay) for vTaskDelay
    maintask.o(.text.sensor_process_task) refers to hardware_iic.o(.text.Update_Color_Flag) for Update_Color_Flag
    maintask.o(.text.sensor_process_task) refers to hardware_iic.o(.text.Read_All_GRAY_Digital) for Read_All_GRAY_Digital
    maintask.o(.ARM.exidx.text.sensor_process_task) refers to maintask.o(.text.sensor_process_task) for [Anonymous Symbol]
    main.o(.text.main) refers to stm32f4xx_hal.o(.text.HAL_Init) for HAL_Init
    main.o(.text.main) refers to main.o(.text.SystemClock_Config) for SystemClock_Config
    main.o(.text.main) refers to gpio.o(.text.MX_GPIO_Init) for MX_GPIO_Init
    main.o(.text.main) refers to i2c.o(.text.MX_I2C3_Init) for MX_I2C3_Init
    main.o(.text.main) refers to usart.o(.text.MX_USART2_UART_Init) for MX_USART2_UART_Init
    main.o(.text.main) refers to i2c.o(.text.MX_I2C2_Init) for MX_I2C2_Init
    main.o(.text.main) refers to tim.o(.text.MX_TIM2_Init) for MX_TIM2_Init
    main.o(.text.main) refers to tim.o(.text.MX_TIM3_Init) for MX_TIM3_Init
    main.o(.text.main) refers to tim.o(.text.MX_TIM5_Init) for MX_TIM5_Init
    main.o(.text.main) refers to tim.o(.text.MX_TIM4_Init) for MX_TIM4_Init
    main.o(.text.main) refers to tim.o(.text.MX_TIM6_Init) for MX_TIM6_Init
    main.o(.text.main) refers to usart.o(.text.MX_USART1_UART_Init) for MX_USART1_UART_Init
[...]
    [Anonymous Symbol]                       0x0800726c   Section        0  port.o(.text.vPortEnableVFP)
    [Anonymous Symbol]                       0x08007280   Section        0  port.o(.text.vPortEnterCritical)
    [Anonymous Symbol]                       0x080072c8   Section        0  port.o(.text.vPortExitCritical)
    [Anonymous Symbol]                       0x080072f8   Section        0  heap_4.o(.text.vPortFree)
    [Anonymous Symbol]                       0x080073cc   Section        0  port.o(.text.vPortSetupTimerInterrupt)
    [Anonymous Symbol]                       0x08007400   Section        0  tasks.o(.text.vTaskDelay)
    [Anonymous Symbol]                       0x080074a0   Section        0  tasks.o(.text.vTaskStartScheduler)
    [Anonymous Symbol]                       0x0800756c   Section        0  tasks.o(.text.vTaskSuspendAll)
    [Anonymous Symbol]                       0x0800757c   Section        0  tasks.o(.text.vTaskSwitchContext)
    [Anonymous Symbol]                       0x080075ec   Section        0  port.o(.text.xPortStartScheduler)
    [Anonymous Symbol]                       0x08007774   Section        0  port.o(.text.xPortSysTickHandler)
    [Anonymous Symbol]                       0x080077a4   Section        0  tasks.o(.text.xTaskCreate)
    [Anonymous Symbol]                       0x08007804   Section        0  tasks.o(.text.xTaskCreateStatic)
    [Anonymous Symbol]                       0x0800787c   Section        0  tasks.o(.text.xTaskGetSchedulerState)
    [Anonymous Symbol]                       0x0800789c   Section        0  tasks.o(.text.xTaskIncrementTick)
    [Anonymous Symbol]                       0x080079a4   Section        0  tasks.o(.text.xTaskResumeAll)
    i.__free$realloc                         0x08007a90   Section        0  mallocr.o(i.__free$realloc)
    i.__malloc$realloc                       0x08007aec   Section        0  mallocr.o(i.__malloc$realloc)
    i.__scatterload_copy                     0x08007b3c   Section       14  handlers.o(i.__scatterload_copy)
    i.__scatterload_null                     0x08007b4a   Section        2  handlers.o(i.__scatterload_null)
    i.__scatterload_zeroinit                 0x08007b4c   Section       14  handlers.o(i.__scatterload_zeroinit)
    internal_alloc                           0x08007b5d   Thumb Code    76  mallocr.o(i.internal_alloc)
    i.internal_alloc                         0x08007b5c   Section        0  mallocr.o(i.internal_alloc)
    i.realloc                                0x08007bac   Section        0  mallocr.o(i.realloc)
    [Anonymous Symbol]                       0x08007c30   Section        0  freertos.o(.rodata.str1.1)
    .L.str.5                                 0x08007c3c   Data          11  commander.o(.rodata.str1.1)
    [Anonymous Symbol]                       0x08007c3c   Section        0  commander.o(.rodata.str1.1)
    .L.str.3                                 0x08007c47   Data          15  commander.o(.rodata.str1.1)
    .L.str.4                                 0x08007c56   Data          13  commander.o(.rodata.str1.1)
    .L.str.2                                 0x08007c63   Data          17  commander.o(.rodata.str1.1)
    .L.str.18                                0x08007c74   Data          11  commander.o(.rodata.str1.1)
    .L.str.16                                0x08007c7f   Data          15  commander.o(.rodata.str1.1)
    .L.str.17                                0x08007c8e   Data          13  commander.o(.rodata.str1.1)
    .L.str.15                                0x08007c9b   Data          17  commander.o(.rodata.str1.1)
    .L.str.29                                0x08007cac   Data          15  commander.o(.rodata.str1.1)
    .L.str.28                                0x08007cbb   Data          17  commander.o(.rodata.str1.1)
    .L.str.9                                 0x08007ccc   Data          11  commander.o(.rodata.str1.1)
    .L.str.7                                 0x08007cd7   Data          15  commander.o(.rodata.str1.1)
    .L.str.8                                 0x08007ce6   Data          13  commander.o(.rodata.str1.1)
    .L.str.6                                 0x08007cf3   Data          17  commander.o(.rodata.str1.1)
    .L.str.22                                0x08007d04   Data          11  commander.o(.rodata.str1.1)
    .L.str.20                                0x08007d0f   Data          15  commander.o(.rodata.str1.1)
    .L.str.21                                0x08007d1e   Data          13  commander.o(.rodata.str1.1)
    .L.str.19                                0x08007d2b   Data          17  commander.o(.rodata.str1.1)
    .L.str.13                                0x08007d3c   Data          11  commander.o(.rodata.str1.1)
    .L.str.11                                0x08007d47   Data          15  commander.o(.rodata.str1.1)
    .L.str.12                                0x08007d56   Data          13  commander.o(.rodata.str1.1)
    .L.str.10                                0x08007d63   Data          17  commander.o(.rodata.str1.1)
    .L.str.26                                0x08007d74   Data          11  commander.o(.rodata.str1.1)
    .L.str.24                                0x08007d7f   Data          15  commander.o(.rodata.str1.1)
    .L.str.25                                0x08007d8e   Data          13  commander.o(.rodata.str1.1)
    .L.str.23                                0x08007d9b   Data          17  commander.o(.rodata.str1.1)
    .L.str.1                                 0x08007dac   Data           7  commander.o(.rodata.str1.1)
    .L.str.14                                0x08007db3   Data           7  commander.o(.rodata.str1.1)
    .L.str.27                                0x08007dba   Data           7  commander.o(.rodata.str1.1)
    .L.str                                   0x08007dc1   Data           6  commander.o(.rodata.str1.1)
    .data                                    0x20000000   Section        4  mvars.o(.data)
    .data                                    0x20000004   Section        4  mvars.o(.data)
    .L_MergedGlobals                         0x20000008   Data           8  stm32f4xx_hal.o(.data..L_MergedGlobals)
    [Anonymous Symbol]                       0x20000008   Section        0  stm32f4xx_hal.o(.data..L_MergedGlobals)
    uxCriticalNesting                        0x20000018   Data           4  port.o(.data.uxCriticalNesting)
    [Anonymous Symbol]                       0x20000018   Section        0  port.o(.data.uxCriticalNesting)
    .L_MergedGlobals                         0x20000020   Data           8  maintask.o(.bss..L_MergedGlobals)
    [Anonymous Symbol]                       0x20000020   Section        0  maintask.o(.bss..L_MergedGlobals)
    .L_MergedGlobals                         0x20000028   Data          20  stm32f4xx_it.o(.bss..L_MergedGlobals)
    [Anonymous Symbol]                       0x20000028   Section        0  stm32f4xx_it.o(.bss..L_MergedGlobals)
    .L_MergedGlobals                         0x2000003c   Data          23  hardware_iic.o(.bss..L_MergedGlobals)
    [Anonymous Symbol]                       0x2000003c   Section        0  hardware_iic.o(.bss..L_MergedGlobals)
    .L_MergedGlobals                         0x20000054   Data         124  commander.o(.bss..L_MergedGlobals)
    [Anonymous Symbol]                       0x20000054   Section        0  commander.o(.bss..L_MergedGlobals)
    Begin                                    0x20000078   Data           4  commander.o(.bss..L_MergedGlobals)
    CarryA                                   0x2000007c   Data           4  commander.o(.bss..L_MergedGlobals)
    Delivery_beginA1                         0x20000080   Data           4  commander.o(.bss..L_MergedGlobals)
    Delivery_endA1                           0x20000084   Data           4  commander.o(.bss..L_MergedGlobals)
    Back_beginA1                             0x20000088   Data           4  commander.o(.bss..L_MergedGlobals)
    Back_endA1                               0x2000008c   Data           4  commander.o(.bss..L_MergedGlobals)
    Delivery_beginA2                         0x20000090   Data           4  commander.o(.bss..L_MergedGlobals)
    Delivery_endA2                           0x20000094   Data           4  commander.o(.bss..L_MergedGlobals)
    Back_beginA2                             0x20000098   Data           4  commander.o(.bss..L_MergedGlobals)
    Back_endA2                               0x2000009c   Data           4  commander.o(.bss..L_MergedGlobals)
    Delivery_beginA3                         0x200000a0   Data           4  commander.o(.bss..L_MergedGlobals)
    Delivery_endA3                           0x200000a4   Data           4  commander.o(.bss..L_MergedGlobals)
    Back_beginA3                             0x200000a8   Data           4  commander.o(.bss..L_MergedGlobals)
    Back_endA3                               0x200000ac   Data           4  commander.o(.bss..L_MergedGlobals)
    CarryB                                   0x200000b0   Data           4  commander.o(.bss..L_MergedGlobals)
    Delivery_beginB1                         0x200000b4   Data           4  commander.o(.bss..L_MergedGlobals)
    Delivery_endB1                           0x200000b8   Data           4  commander.o(.bss..L_MergedGlobals)
    Back_beginB1                             0x200000bc   Data           4  commander.o(.bss..L_MergedGlobals)
    Back_endB1                               0x200000c0   Data           4  commander.o(.bss..L_MergedGlobals)
    Delivery_beginB2                         0x200000c4   Data           4  commander.o(.bss..L_MergedGlobals)
    Delivery_endB2                           0x200000c8   Data           4  commander.o(.bss..L_MergedGlobals)
    Back_beginB2                             0x200000cc   Data           4  commander.o(.bss..L_MergedGlobals)
    .L_MergedGlobals                         0x200000d0   Data         120  tasks.o(.bss..L_MergedGlobals)
    [Anonymous Symbol]                       0x200000d0   Section        0  tasks.o(.bss..L_MergedGlobals)
    uxTopReadyPriority                       0x200000d4   Data           4  tasks.o(.bss..L_MergedGlobals)
    uxTaskNumber                             0x200000d8   Data           4  tasks.o(.bss..L_MergedGlobals)
    uxDeletedTasksWaitingCleanUp             0x200000dc   Data           4  tasks.o(.bss..L_MergedGlobals)
    uxCurrentNumberOfTasks                   0x200000e0   Data           4  tasks.o(.bss..L_MergedGlobals)
    xSchedulerRunning                        0x200000e4   Data           4  tasks.o(.bss..L_MergedGlobals)
    uxSchedulerSuspended                     0x200000e8   Data           4  tasks.o(.bss..L_MergedGlobals)
    xIdleTaskHandle                          0x200000ec   Data           4  tasks.o(.bss..L_MergedGlobals)
    xNextTaskUnblockTime                     0x200000f0   Data           4  tasks.o(.bss..L_MergedGlobals)
    xTickCount                               0x200000f4   Data           4  tasks.o(.bss..L_MergedGlobals)
    xYieldPending                            0x200000f8   Data           4  tasks.o(.bss..L_MergedGlobals)
    xPendedTicks                             0x200000fc   Data           4  tasks.o(.bss..L_MergedGlobals)
    pxDelayedTaskList                        0x20000100   Data           4  tasks.o(.bss..L_MergedGlobals)
    pxOverflowDelayedTaskList                0x20000104   Data           4  tasks.o(.bss..L_MergedGlobals)
    xNumOfOverflows                          0x20000108   Data           4  tasks.o(.bss..L_MergedGlobals)
    xTasksWaitingTermination                 0x2000010c   Data          20  tasks.o(.bss..L_MergedGlobals)
    xSuspendedTaskList                       0x20000120   Data          20  tasks.o(.bss..L_MergedGlobals)
    xPendingReadyList                        0x20000134   Data          20  tasks.o(.bss..L_MergedGlobals)
    .L_MergedGlobals                         0x20000148   Data          32  heap_4.o(.bss..L_MergedGlobals)
    xBlockAllocatedBit                       0x20000148   Data           1  heap_4.o(.bss..L_MergedGlobals)
    [Anonymous Symbol]                       0x20000148   Section        0  heap_4.o(.bss..L_MergedGlobals)
    pxEnd                                    0x2000014c   Data           4  heap_4.o(.bss..L_MergedGlobals)
    xFreeBytesRemaining                      0x20000150   Data           4  heap_4.o(.bss..L_MergedGlobals)
    xMinimumEverFreeBytesRemaining           0x20000154   Data           4  heap_4.o(.bss..L_MergedGlobals)
    xNumberOfSuccessfulAllocations           0x20000158   Data           4  heap_4.o(.bss..L_MergedGlobals)
    xNumberOfSuccessfulFrees                 0x2000015c   Data           4  heap_4.o(.bss..L_MergedGlobals)
    xStart                                   0x20000160   Data           8  heap_4.o(.bss..L_MergedGlobals)
    .L_MergedGlobals                         0x20000168   Data           8  port.o(.bss..L_MergedGlobals)
    ucMaxSysCallPriority                     0x20000168   Data           1  port.o(.bss..L_MergedGlobals)
    [Anonymous Symbol]                       0x20000168   Section        0  port.o(.bss..L_MergedGlobals)
    ulMaxPRIGROUPValue                       0x2000016c   Data           4  port.o(.bss..L_MergedGlobals)
    .L_MergedGlobals.2                       0x20000170   Data          40  tasks.o(.bss..L_MergedGlobals.2)
    xDelayedTaskList1                        0x20000170   Data          20  tasks.o(.bss..L_MergedGlobals.2)
    [Anonymous Symbol]                       0x20000170   Section        0  tasks.o(.bss..L_MergedGlobals.2)
    xDelayedTaskList2                        0x20000184   Data          20  tasks.o(.bss..L_MergedGlobals.2)
    .L_MergedGlobals.41                      0x20000198   Data          76  commander.o(.bss..L_MergedGlobals.41)
    Back_endB2                               0x20000198   Data           4  commander.o(.bss..L_MergedGlobals.41)
    [Anonymous Symbol]                       0x20000198   Section        0  commander.o(.bss..L_MergedGlobals.41)
    Delivery_beginB3                         0x2000019c   Data           4  commander.o(.bss..L_MergedGlobals.41)
    Delivery_endB3                           0x200001a0   Data           4  commander.o(.bss..L_MergedGlobals.41)
    Back_beginB3                             0x200001a4   Data           4  commander.o(.bss..L_MergedGlobals.41)
    Back_endB3                               0x200001a8   Data           4  commander.o(.bss..L_MergedGlobals.41)
    CarryC                                   0x200001ac   Data           4  commander.o(.bss..L_MergedGlobals.41)
    Delivery_beginC1                         0x200001b0   Data           4  commander.o(.bss..L_MergedGlobals.41)
    Delivery_endC1                           0x200001b4   Data           4  commander.o(.bss..L_MergedGlobals.41)
    Back_beginC1                             0x200001b8   Data           4  commander.o(.bss..L_MergedGlobals.41)
    Back_endC1                               0x200001bc   Data           4  commander.o(.bss..L_MergedGlobals.41)
    Delivery_beginC2                         0x200001c0   Data           4  commander.o(.bss..L_MergedGlobals.41)
    Delivery_endC2                           0x200001c4   Data           4  commander.o(.bss..L_MergedGlobals.41)
    Back_beginC2                             0x200001c8   Data           4  commander.o(.bss..L_MergedGlobals.41)
    Back_endC2                               0x200001cc   Data           4  commander.o(.bss..L_MergedGlobals.41)
    Delivery_beginC3                         0x200001d0   Data           4  commander.o(.bss..L_MergedGlobals.41)
    Delivery_endC3                           0x200001d4   Data           4  commander.o(.bss..L_MergedGlobals.41)
    Back_beginC3                             0x200001d8   Data           4  commander.o(.bss..L_MergedGlobals.41)
    Back_endC3                               0x200001dc   Data           4  commander.o(.bss..L_MergedGlobals.41)
    Stop_mode                                0x200001e0   Data           4  commander.o(.bss..L_MergedGlobals.41)
    pxReadyTasksLists                        0x200005ec   Data         140  tasks.o(.bss.pxReadyTasksLists)
    [Anonymous Symbol]                       0x200005ec   Section        0  tasks.o(.bss.pxReadyTasksLists)
    ucHeap                                   0x20000678   Data       15360  heap_4.o(.bss.ucHeap)
    [Anonymous Symbol]                       0x20000678   Section        0  heap_4.o(.bss.ucHeap)
    xIdleStack                               0x2000427c   Data         512  freertos.o(.bss.xIdleStack)
    [Anonymous Symbol]                       0x2000427c   Section        0  freertos.o(.bss.xIdleStack)
    xIdleTaskTCBBuffer                       0x2000447c   Data          84  freertos.o(.bss.xIdleTaskTCBBuffer)
    [Anonymous Symbol]                       0x2000447c   Section        0  freertos.o(.bss.xIdleTaskTCBBuffer)
    HEAP                                     0x200044d0   Section     8192  startup_stm32f407xx.o(HEAP)
    STACK                                    0x200064d0   Section     2048  startup_stm32f407xx.o(STACK)

    Global Symbols

    Symbol Name                              Value     Ov Type        Size  Object(Section)

    BuildAttributes$$THM_ISAv4$E$P$D$K$B$S$7EM$VFPi3$EXTD16$VFPS$VFMA$PE$A:L22UL41UL21$X:L11$S22US41US21$IEEE1$IW$~IW$USESV6$~STKCKD$USESV7$~SHL$OTIME$ROPI$EBA8$MICROLIB$REQ8$PRES8$EABIv2 0x00000000   Number         0  anon$$obj.o ABSOLUTE
    __cpp_initialize__aeabi_                  - Undefined Weak Reference
    __cxa_finalize                            - Undefined Weak Reference
    __decompress                              - Undefined Weak Reference
    _clock_init                               - Undefined Weak Reference
    _microlib_exit                            - Undefined Weak Reference
    __Vectors_Size                           0x00000188   Number         0  startup_stm32f407xx.o ABSOLUTE
    __Vectors                                0x08000000   Data           4  startup_stm32f407xx.o(RESET)
    __Vectors_End                            0x08000188   Data           0  startup_stm32f407xx.o(RESET)
    __main                                   0x08000189   Thumb Code     0  entry.o(.ARM.Collect$$$$00000000)
    _main_stk                                0x08000189   Thumb Code     0  entry2.o(.ARM.Collect$$$$00000001)
    _main_scatterload                        0x0800018d   Thumb Code     0  entry5.o(.ARM.Collect$$$$00000004)
    __main_after_scatterload                 0x08000191   Thumb Code     0  entry5.o(.ARM.Collect$$$$00000004)
    _main_clock                              0x08000191   Thumb Code     0  entry7b.o(.ARM.Collect$$$$00000008)
    _main_cpp_init                           0x08000191   Thumb Code     0  entry8b.o(.ARM.Collect$$$$0000000A)
    _main_init                               0x08000191   Thumb Code     0  entry9a.o(.ARM.Collect$$$$0000000B)
    __rt_final_cpp                           0x08000199   Thumb Code     0  entry10a.o(.ARM.Collect$$$$0000000D)
    __rt_final_exit                          0x08000199   Thumb Code     0  entry11a.o(.ARM.Collect$$$$0000000F)
    Reset_Handler                            0x0800019d   Thumb Code     8  startup_stm32f407xx.o(.text)
    ADC_IRQHandler                           0x080001b7   Thumb Code     0  startup_stm32f407xx.o(.text)
    CAN1_RX0_IRQHandler                      0x080001b7   Thumb Code     0  startup_stm32f407xx.o(.text)
    CAN1_RX1_IRQHandler                      0x080001b7   Thumb Code     0  startup_stm32f407xx.o(.text)
    CAN1_SCE_IRQHandler                      0x080001b7   Thumb Code     0  startup_stm32f407xx.o(.text)
    CAN1_TX_IRQHandler                       0x080001b7   Thumb Code     0  startup_stm32f407xx.o(.text)
    CAN2_RX0_IRQHandler                      0x080001b7   Thumb Code     0  startup_stm32f407xx.o(.text)
    CAN2_RX1_IRQHandler                      0x080001b7   Thumb Code     0  startup_stm32f407xx.o(.text)
    CAN2_SCE_IRQHandler                      0x080001b7   Thumb Code     0  startup_stm32f407xx.o(.text)
    CAN2_TX_IRQHandler                       0x080001b7   Thumb Code     0  startup_stm32f407xx.o(.text)
    DCMI_IRQHandler                          0x080001b7   Thumb Code     0  startup_stm32f407xx.o(.text)
    DMA1_Stream0_IRQHandler                  0x080001b7   Thumb Code     0  startup_stm32f407xx.o(.text)
    DMA1_Stream1_IRQHandler                  0x080001b7   Thumb Code     0  startup_stm32f407xx.o(.text)
    DMA1_Stream2_IRQHandler                  0x080001b7   Thumb Code     0  startup_stm32f407xx.o(.text)
    DMA1_Stream3_IRQHandler                  0x080001b7   Thumb Code     0  startup_stm32f407xx.o(.text)
    DMA1_Stream4_IRQHandler                  0x080001b7   Thumb Code     0  startup_stm32f407xx.o(.text)
    DMA1_Stream5_IRQHandler                  0x080001b7   Thumb Code     0  startup_stm32f407xx.o(.text)
    DMA1_Stream6_IRQHandler                  0x080001b7   Thumb Code     0  startup_stm32f407xx.o(.text)
    DMA1_Stream7_IRQHandler                  0x080001b7   Thumb Code     0  startup_stm32f407xx.o(.text)
    DMA2_Stream0_IRQHandler                  0x080001b7   Thumb Code     0  startup_stm32f407xx.o(.text)
    DMA2_Stream1_IRQHandler                  0x080001b7   Thumb Code     0  startup_stm32f407xx.o(.text)
    DMA2_Stream2_IRQHandler                  0x080001b7   Thumb Code     0  startup_stm32f407xx.o(.text)
    DMA2_Stream3_IRQHandler                  0x080001b7   Thumb Code     0  startup_stm32f407xx.o(.text)
    DMA2_Stream4_IRQHandler                  0x080001b7   Thumb Code     0  startup_stm32f407xx.o(.text)
    DMA2_Stream5_IRQHandler                  0x080001b7   Thumb Code     0  startup_stm32f407xx.o(.text)
    DMA2_Stream6_IRQHandler                  0x080001b7   Thumb Code     0  startup_stm32f407xx.o(.text)
    DMA2_Stream7_IRQHandler                  0x080001b7   Thumb Code     0  startup_stm32f407xx.o(.text)
    ETH_IRQHandler                           0x080001b7   Thumb Code     0  startup_stm32f407xx.o(.text)
    ETH_WKUP_IRQHandler                      0x080001b7   Thumb Code     0  startup_stm32f407xx.o(.text)
    EXTI0_IRQHandler                         0x080001b7   Thumb Code     0  startup_stm32f407xx.o(.text)
    EXTI15_10_IRQHandler                     0x080001b7   Thumb Code     0  startup_stm32f407xx.o(.text)
    EXTI1_IRQHandler                         0x080001b7   Thumb Code     0  startup_stm32f407xx.o(.text)
    EXTI2_IRQHandler                         0x080001b7   Thumb Code     0  startup_stm32f407xx.o(.text)
    EXTI3_IRQHandler                         0x080001b7   Thumb Code     0  startup_stm32f407xx.o(.text)
    EXTI4_IRQHandler                         0x080001b7   Thumb Code     0  startup_stm32f407xx.o(.text)
    EXTI9_5_IRQHandler                       0x080001b7   Thumb Code     0  startup_stm32f407xx.o(.text)
    FLASH_IRQHandler                         0x080001b7   Thumb Code     0  startup_stm32f407xx.o(.text)
    FMC_IRQHandler                           0x080001b7   Thumb Code     0  startup_stm32f407xx.o(.text)
    FPU_IRQHandler                           0x080001b7   Thumb Code     0  startup_stm32f407xx.o(.text)
    HASH_RNG_IRQHandler                      0x080001b7   Thumb Code     0  startup_stm32f407xx.o(.text)
    I2C1_ER_IRQHandler                       0x080001b7   Thumb Code     0  startup_stm32f407xx.o(.text)
    I2C1_EV_IRQHandler                       0x080001b7   Thumb Code     0  startup_stm32f407xx.o(.text)
    I2C2_ER_IRQHandler                       0x080001b7   Thumb Code     0  startup_stm32f407xx.o(.text)
    I2C2_EV_IRQHandler                       0x080001b7   Thumb Code     0  startup_stm32f407xx.o(.text)
    I2C3_ER_IRQHandler                       0x080001b7   Thumb Code     0  startup_stm32f407xx.o(.text)
    I2C3_EV_IRQHandler                       0x080001b7   Thumb Code     0  startup_stm32f407xx.o(.text)
    OTG_FS_IRQHandler                        0x080001b7   Thumb Code     0  startup_stm32f407xx.o(.text)
    OTG_FS_WKUP_IRQHandler                   0x080001b7   Thumb Code     0  startup_stm32f407xx.o(.text)
    OTG_HS_EP1_IN_IRQHandler                 0x080001b7   Thumb Code     0  startup_stm32f407xx.o(.text)
    OTG_HS_EP1_OUT_IRQHandler                0x080001b7   Thumb Code     0  startup_stm32f407xx.o(.text)
    OTG_HS_IRQHandler                        0x080001b7   Thumb Code     0  startup_stm32f407xx.o(.text)
    OTG_HS_WKUP_IRQHandler                   0x080001b7   Thumb Code     0  startup_stm32f407xx.o(.text)
    PVD_IRQHandler                           0x080001b7   Thumb Code     0  startup_stm32f407xx.o(.text)
    RCC_IRQHandler                           0x080001b7   Thumb Code     0  startup_stm32f407xx.o(.text)
    RTC_Alarm_IRQHandler                     0x080001b7   Thumb Code     0  startup_stm32f407xx.o(.text)
    RTC_WKUP_IRQHandler                      0x080001b7   Thumb Code     0  startup_stm32f407xx.o(.text)
    SDIO_IRQHandler                          0x080001b7   Thumb Code     0  startup_stm32f407xx.o(.text)
    SPI1_IRQHandler                          0x080001b7   Thumb Code     0  startup_stm32f407xx.o(.text)
    SPI2_IRQHandler                          0x080001b7   Thumb Code     0  startup_stm32f407xx.o(.text)
    SPI3_IRQHandler                          0x080001b7   Thumb Code     0  startup_stm32f407xx.o(.text)
    TAMP_STAMP_IRQHandler                    0x080001b7   Thumb Code     0  startup_stm32f407xx.o(.text)
    TIM1_BRK_TIM9_IRQHandler                 0x080001b7   Thumb Code     0  startup_stm32f407xx.o(.text)
    TIM1_CC_IRQHandler                       0x080001b7   Thumb Code     0  startup_stm32f407xx.o(.text)
    TIM1_TRG_COM_TIM11_IRQHandler            0x080001b7   Thumb Code     0  startup_stm32f407xx.o(.text)
    TIM1_UP_TIM10_IRQHandler                 0x080001b7   Thumb Code     0  startup_stm32f407xx.o(.text)
    TIM2_IRQHandler                          0x080001b7   Thumb Code     0  startup_stm32f407xx.o(.text)
    TIM3_IRQHandler                          0x080001b7   Thumb Code     0  startup_stm32f407xx.o(.text)
    TIM5_IRQHandler                          0x080001b7   Thumb Code     0  startup_stm32f407xx.o(.text)
    TIM6_DAC_IRQHandler                      0x080001b7   Thumb Code     0  startup_stm32f407xx.o(.text)
    TIM7_IRQHandler                          0x080001b7   Thumb Code     0  startup_stm32f407xx.o(.text)
    TIM8_BRK_TIM12_IRQHandler                0x080001b7   Thumb Code     0  startup_stm32f407xx.o(.text)
    TIM8_CC_IRQHandler                       0x080001b7   Thumb Code     0  startup_stm32f407xx.o(.text)
    TIM8_TRG_COM_TIM14_IRQHandler            0x080001b7   Thumb Code     0  startup_stm32f407xx.o(.text)
    TIM8_UP_TIM13_IRQHandler                 0x080001b7   Thumb Code     0  startup_stm32f407xx.o(.text)
    UART4_IRQHandler                         0x080001b7   Thumb Code     0  startup_stm32f407xx.o(.text)
    UART5_IRQHandler                         0x080001b7   Thumb Code     0  startup_stm32f407xx.o(.text)
    USART1_IRQHandler                        0x080001b7   Thumb Code     0  startup_stm32f407xx.o(.text)
    USART2_IRQHandler                        0x080001b7   Thumb Code     0  startup_stm32f407xx.o(.text)
    USART3_IRQHandler                        0x080001b7   Thumb Code     0  startup_stm32f407xx.o(.text)
    USART6_IRQHandler                        0x080001b7   Thumb Code     0  startup_stm32f407xx.o(.text)
    WWDG_IRQHandler                          0x080001b7   Thumb Code     0  startup_stm32f407xx.o(.text)
    __aeabi_uldivmod                         0x080001c1   Thumb Code    98  uldiv.o(.text)
    __aeabi_memcpy                           0x08000223   Thumb Code    36  memcpya.o(.text)
    __aeabi_memcpy4                          0x08000223   Thumb Code     0  memcpya.o(.text)
    __aeabi_memcpy8                          0x08000223   Thumb Code     0  memcpya.o(.text)
    __aeabi_dmul                             0x08000247   Thumb Code   228  dmul.o(.text)
    __aeabi_ddiv                             0x0800032b   Thumb Code   222  ddiv.o(.text)
    __aeabi_d2iz                             0x08000409   Thumb Code    62  dfixi.o(.text)
    __aeabi_d2uiz                            0x08000447   Thumb Code    50  dfixui.o(.text)
    __aeabi_f2d                              0x08000479   Thumb Code    38  f2d.o(.text)
    __aeabi_llsl                             0x0800049f   Thumb Code    30  llshl.o(.text)
    _ll_shift_l                              0x0800049f   Thumb Code     0  llshl.o(.text)
    __aeabi_llsr                             0x080004bd   Thumb Code    32  llushr.o(.text)
    _ll_ushift_r                             0x080004bd   Thumb Code     0  llushr.o(.text)
    __I$use$fp                               0x080004dd   Thumb Code     0  iusefp.o(.text)
    _double_round                            0x080004dd   Thumb Code    30  depilogue.o(.text)
    _double_epilogue                         0x080004fb   Thumb Code   156  depilogue.o(.text)
    __scatterload                            0x08000599   Thumb Code    38  init.o(.text)
    __scatterload_rt2                        0x08000599   Thumb Code     0  init.o(.text)
    Back_beginA1_StateFunc                   0x080005c9   Thumb Code   196  commander.o(.text.Back_beginA1_StateFunc)
    Back_beginA2_StateFunc                   0x0800069d   Thumb Code   264  commander.o(.text.Back_beginA2_StateFunc)
    Back_beginA3_StateFunc                   0x080007ad   Thumb Code   372  commander.o(.text.Back_beginA3_StateFunc)
    Back_beginB1_StateFunc                   0x08000931   Thumb Code   208  commander.o(.text.Back_beginB1_StateFunc)
    Back_beginB2_StateFunc                   0x08000a0d   Thumb Code   316  commander.o(.text.Back_beginB2_StateFunc)
    Back_beginB3_StateFunc                   0x08000b59   Thumb Code   420  commander.o(.text.Back_beginB3_StateFunc)
    Back_beginC1_StateFunc                   0x08000d11   Thumb Code   320  commander.o(.text.Back_beginC1_StateFunc)
    Back_beginC2_StateFunc                   0x08000e61   Thumb Code   328  commander.o(.text.Back_beginC2_StateFunc)
    Back_beginC3_StateFunc                   0x08000fc1   Thumb Code   420  commander.o(.text.Back_beginC3_StateFunc)
    Back_endA1_StateFunc                     0x0800117d   Thumb Code   280  commander.o(.text.Back_endA1_StateFunc)
    Back_endA2_StateFunc                     0x080012ad   Thumb Code   236  commander.o(.text.Back_endA2_StateFunc)
    Back_endA3_StateFunc                     0x080013a9   Thumb Code   236  commander.o(.text.Back_endA3_StateFunc)
    Back_endB1_StateFunc                     0x080014a5   Thumb Code   260  commander.o(.text.Back_endB1_StateFunc)
    Back_endB2_StateFunc                     0x080015b5   Thumb Code   300  commander.o(.text.Back_endB2_StateFunc)
    Back_endB3_StateFunc                     0x080016ed   Thumb Code   300  commander.o(.text.Back_endB3_StateFunc)
    Back_endC1_StateFunc                     0x08001825   Thumb Code   272  commander.o(.text.Back_endC1_StateFunc)
    Back_endC2_StateFunc                     0x08001945   Thumb Code   272  commander.o(.text.Back_endC2_StateFunc)
    Back_endC3_StateFunc                     0x08001a65   Thumb Code   272  commander.o(.text.Back_endC3_StateFunc)
    Begin_StateFunc                          0x08001b85   Thumb Code   104  commander.o(.text.Begin_StateFunc)
    BusFault_Handler                         0x08001bed   Thumb Code     2  stm32f4xx_it.o(.text.BusFault_Handler)
    CarryA_StateFunc                         0x08001bf1   Thumb Code   144  commander.o(.text.CarryA_StateFunc)
    CarryB_StateFunc                         0x08001c91   Thumb Code    88  commander.o(.text.CarryB_StateFunc)
    CarryC_StateFunc                         0x08001ced   Thumb Code   176  commander.o(.text.CarryC_StateFunc)
    ConditionA1                              0x08001da9   Thumb Code    20  commander.o(.text.ConditionA1)
    ConditionA2                              0x08001dbd   Thumb Code    30  commander.o(.text.ConditionA2)
    ConditionA3                              0x08001ddd   Thumb Code    26  commander.o(.text.ConditionA3)
    ConditionA4                              0x08001df9   Thumb Code    30  commander.o(.text.ConditionA4)
    ConditionA5                              0x08001e19   Thumb Code    30  commander.o(.text.ConditionA5)
    ConditionA6                              0x08001e39   Thumb Code    30  commander.o(.text.ConditionA6)
    ConditionB3                              0x08001e59   Thumb Code    26  commander.o(.text.ConditionB3)
    ConditionB6                              0x08001e75   Thumb Code    30  commander.o(.text.ConditionB6)
    ConditionC3                              0x08001e95   Thumb Code    26  commander.o(.text.ConditionC3)
    ConditionC6                              0x08001eb1   Thumb Code    20  commander.o(.text.ConditionC6)
    DebugMon_Handler                         0x08001ec5   Thumb Code     2  stm32f4xx_it.o(.text.DebugMon_Handler)
    Delivery_beginA1_StateFunc               0x08001ec9   Thumb Code   164  commander.o(.text.Delivery_beginA1_StateFunc)
    Delivery_beginA2_StateFunc               0x08001f7d   Thumb Code   200  commander.o(.text.Delivery_beginA2_StateFunc)
    Delivery_beginA3_StateFunc               0x08002051   Thumb Code   284  commander.o(.text.Delivery_beginA3_StateFunc)
    Delivery_beginB1_StateFunc               0x0800217d   Thumb Code   132  commander.o(.text.Delivery_beginB1_StateFunc)
    Delivery_beginB2_StateFunc               0x0800220d   Thumb Code   248  commander.o(.text.Delivery_beginB2_StateFunc)
    Delivery_beginB3_StateFunc               0x08002319   Thumb Code   336  commander.o(.text.Delivery_beginB3_StateFunc)
    Delivery_beginC1_StateFunc               0x08002481   Thumb Code   180  commander.o(.text.Delivery_beginC1_StateFunc)
    Delivery_beginC2_StateFunc               0x0800253d   Thumb Code   192  commander.o(.text.Delivery_beginC2_StateFunc)
    Delivery_beginC3_StateFunc               0x08002609   Thumb Code   216  commander.o(.text.Delivery_beginC3_StateFunc)
    Delivery_endA1_StateFunc                 0x080026e9   Thumb Code   168  commander.o(.text.Delivery_endA1_StateFunc)
    Delivery_endA2_StateFunc                 0x08002795   Thumb Code   168  commander.o(.text.Delivery_endA2_StateFunc)
    Delivery_endA3_StateFunc                 0x08002841   Thumb Code   152  commander.o(.text.Delivery_endA3_StateFunc)
    Delivery_endB1_StateFunc                 0x080028dd   Thumb Code   152  commander.o(.text.Delivery_endB1_StateFunc)
    Delivery_endB2_StateFunc                 0x08002979   Thumb Code   152  commander.o(.text.Delivery_endB2_StateFunc)
    Delivery_endB3_StateFunc                 0x08002a15   Thumb Code   152  commander.o(.text.Delivery_endB3_StateFunc)
    Delivery_endC1_StateFunc                 0x08002ab1   Thumb Code   152  commander.o(.text.Delivery_endC1_StateFunc)
    Delivery_endC2_StateFunc                 0x08002b4d   Thumb Code   152  commander.o(.text.Delivery_endC2_StateFunc)
    Delivery_endC3_StateFunc                 0x08002be9   Thumb Code   172  commander.o(.text.Delivery_endC3_StateFunc)
    Error_Handler                            0x08002c99   Thumb Code     6  main.o(.text.Error_Handler)
    Get_Black_Line_Position                  0x08002ca1   Thumb Code   356  motor.o(.text.Get_Black_Line_Position)
    HAL_Delay                                0x08002e09   Thumb Code    40  stm32f4xx_hal.o(.text.HAL_Delay)
    HAL_GPIO_Init                            0x08002e31   Thumb Code   414  stm32f4xx_hal_gpio.o(.text.HAL_GPIO_Init)
    HAL_GPIO_WritePin                        0x08002fd1   Thumb Code    10  stm32f4xx_hal_gpio.o(.text.HAL_GPIO_WritePin)
    HAL_GetTick                              0x08002fdd   Thumb Code    12  stm32f4xx_hal.o(.text.HAL_GetTick)
    HAL_I2C_Init                             0x08002fe9   Thumb Code   356  stm32f4xx_hal_i2c.o(.text.HAL_I2C_Init)
    HAL_I2C_Mem_Read                         0x0800314d   Thumb Code   600  stm32f4xx_hal_i2c.o(.text.HAL_I2C_Mem_Read)
    HAL_I2C_MspInit                          0x080033a5   Thumb Code   272  i2c.o(.text.HAL_I2C_MspInit)
    HAL_IncTick                              0x080034b5   Thumb Code    26  stm32f4xx_hal.o(.text.HAL_IncTick)
    HAL_Init                                 0x080034d1   Thumb Code    54  stm32f4xx_hal.o(.text.HAL_Init)
    HAL_InitTick                             0x08003509   Thumb Code    72  stm32f4xx_hal.o(.text.HAL_InitTick)
    HAL_MspInit                              0x08003551   Thumb Code   132  stm32f4xx_hal_msp.o(.text.HAL_MspInit)
    HAL_NVIC_EnableIRQ                       0x080035d5   Thumb Code    34  stm32f4xx_hal_cortex.o(.text.HAL_NVIC_EnableIRQ)
    HAL_NVIC_SetPriority                     0x080035f9   Thumb Code    86  stm32f4xx_hal_cortex.o(.text.HAL_NVIC_SetPriority)
    HAL_NVIC_SetPriorityGrouping             0x08003651   Thumb Code    32  stm32f4xx_hal_cortex.o(.text.HAL_NVIC_SetPriorityGrouping)
    HAL_RCC_ClockConfig                      0x08003671   Thumb Code   356  stm32f4xx_hal_rcc.o(.text.HAL_RCC_ClockConfig)
    HAL_RCC_GetPCLK1Freq                     0x080037d5   Thumb Code    38  stm32f4xx_hal_rcc.o(.text.HAL_RCC_GetPCLK1Freq)
    HAL_RCC_GetPCLK2Freq                     0x080037fd   Thumb Code    38  stm32f4xx_hal_rcc.o(.text.HAL_RCC_GetPCLK2Freq)
    HAL_RCC_GetSysClockFreq                  0x08003825   Thumb Code   106  stm32f4xx_hal_rcc.o(.text.HAL_RCC_GetSysClockFreq)
    HAL_RCC_OscConfig                        0x08003891   Thumb Code   944  stm32f4xx_hal_rcc.o(.text.HAL_RCC_OscConfig)
    HAL_SYSTICK_Config                       0x08003c41   Thumb Code    44  stm32f4xx_hal_cortex.o(.text.HAL_SYSTICK_Config)
    HAL_TIMEx_BreakCallback                  0x08003c6d   Thumb Code     2  stm32f4xx_hal_tim_ex.o(.text.HAL_TIMEx_BreakCallback)
    HAL_TIMEx_CommutCallback                 0x08003c71   Thumb Code     2  stm32f4xx_hal_tim_ex.o(.text.HAL_TIMEx_CommutCallback)
    HAL_TIMEx_MasterConfigSynchronization    0x08003c75   Thumb Code   186  stm32f4xx_hal_tim_ex.o(.text.HAL_TIMEx_MasterConfigSynchronization)
    HAL_TIM_Base_Init                        0x08003d31   Thumb Code    90  stm32f4xx_hal_tim.o(.text.HAL_TIM_Base_Init)
    HAL_TIM_Base_MspInit                     0x08003d8d   Thumb Code   202  tim.o(.text.HAL_TIM_Base_MspInit)
    HAL_TIM_Base_Start_IT                    0x08003e59   Thumb Code   170  stm32f4xx_hal_tim.o(.text.HAL_TIM_Base_Start_IT)
    HAL_TIM_ConfigClockSource                0x08003f05   Thumb Code   416  stm32f4xx_hal_tim.o(.text.HAL_TIM_ConfigClockSource)
    HAL_TIM_IC_CaptureCallback               0x080040a5   Thumb Code     2  stm32f4xx_hal_tim.o(.text.HAL_TIM_IC_CaptureCallback)
    HAL_TIM_IRQHandler                       0x080040a9   Thumb Code   334  stm32f4xx_hal_tim.o(.text.HAL_TIM_IRQHandler)
    HAL_TIM_OC_DelayElapsedCallback          0x080041f9   Thumb Code     2  stm32f4xx_hal_tim.o(.text.HAL_TIM_OC_DelayElapsedCallback)
    HAL_TIM_PWM_ConfigChannel                0x080041fd   Thumb Code   548  stm32f4xx_hal_tim.o(.text.HAL_TIM_PWM_ConfigChannel)
    HAL_TIM_PWM_Init                         0x08004421   Thumb Code    90  stm32f4xx_hal_tim.o(.text.HAL_TIM_PWM_Init)
    HAL_TIM_PWM_MspInit                      0x0800447d   Thumb Code     2  stm32f4xx_hal_tim.o(.text.HAL_TIM_PWM_MspInit)
    HAL_TIM_PWM_PulseFinishedCallback        0x08004481   Thumb Code     2  stm32f4xx_hal_tim.o(.text.HAL_TIM_PWM_PulseFinishedCallback)
    HAL_TIM_PWM_Start                        0x08004485   Thumb Code   286  stm32f4xx_hal_tim.o(.text.HAL_TIM_PWM_Start)
    HAL_TIM_PeriodElapsedCallback            0x080045a5   Thumb Code     2  stm32f4xx_hal_tim.o(.text.HAL_TIM_PeriodElapsedCallback)
    HAL_TIM_TriggerCallback                  0x080045a9   Thumb Code     2  stm32f4xx_hal_tim.o(.text.HAL_TIM_TriggerCallback)
    HAL_UART_Init                            0x080045ad   Thumb Code    96  stm32f4xx_hal_uart.o(.text.HAL_UART_Init)
    HAL_UART_MspInit                         0x0800460d   Thumb Code   192  usart.o(.text.HAL_UART_MspInit)
    HAL_UART_Transmit                        0x080046cd   Thumb Code   376  stm32f4xx_hal_uart.o(.text.HAL_UART_Transmit)
    HardFault_Handler                        0x08004845   Thumb Code     2  stm32f4xx_it.o(.text.HardFault_Handler)
    LineTracking                             0x08004d4d   Thumb Code   196  motor.o(.text.LineTracking)
    MX_FREERTOS_Init                         0x08004e19   Thumb Code    52  freertos.o(.text.MX_FREERTOS_Init)
    MX_GPIO_Init                             0x08004e69   Thumb Code   158  gpio.o(.text.MX_GPIO_Init)
    MX_I2C2_Init                             0x08004f09   Thumb Code    62  i2c.o(.text.MX_I2C2_Init)
    MX_I2C3_Init                             0x08004f49   Thumb Code    62  i2c.o(.text.MX_I2C3_Init)
    MX_TIM2_Init                             0x08004f89   Thumb Code   356  tim.o(.text.MX_TIM2_Init)
    MX_TIM3_Init                             0x080050ed   Thumb Code   350  tim.o(.text.MX_TIM3_Init)
    MX_TIM4_Init                             0x0800524d   Thumb Code   114  tim.o(.text.MX_TIM4_Init)
    MX_TIM5_Init                             0x080052c1   Thumb Code   350  tim.o(.text.MX_TIM5_Init)
    MX_TIM6_Init                             0x08005421   Thumb Code    80  tim.o(.text.MX_TIM6_Init)
    MX_USART1_UART_Init                      0x08005471   Thumb Code    60  usart.o(.text.MX_USART1_UART_Init)
    MX_USART2_UART_Init                      0x080054ad   Thumb Code    60  usart.o(.text.MX_USART2_UART_Init)
    MemManage_Handler                        0x080054e9   Thumb Code     2  stm32f4xx_it.o(.text.MemManage_Handler)
    Motorangle                               0x080054ed   Thumb Code   116  motor.o(.text.Motorangle)
    Move_Backward_Position                   0x0800556d   Thumb Code   104  motor.o(.text.Move_Backward_Position)
    Move_Forward_Position                    0x080055d9   Thumb Code   104  motor.o(.text.Move_Forward_Position)
    Move_Left_Position                       0x08005645   Thumb Code   108  motor.o(.text.Move_Left_Position)
    Move_Right_Position                      0x080056b9   Thumb Code   108  motor.o(.text.Move_Right_Position)
    NMI_Handler                              0x0800572d   Thumb Code     2  stm32f4xx_it.o(.text.NMI_Handler)
    PendSV_Handler                           0x08005731   Thumb Code   100  port.o(.text.PendSV_Handler)
    Pump_Close                               0x08005795   Thumb Code    18  steering gear control.o(.text.Pump_Close)
    Pump_Open                                0x080057a9   Thumb Code    18  steering gear control.o(.text.Pump_Open)
    Read_All_GRAY_Digital                    0x080057bd   Thumb Code   178  hardware_iic.o(.text.Read_All_GRAY_Digital)
    Read_RGB_HSL                             0x08005871   Thumb Code    70  hardware_iic.o(.text.Read_RGB_HSL)
    SVC_Handler                              0x080058c1   Thumb Code    36  port.o(.text.SVC_Handler)
    Sigancatch                               0x080058e5   Thumb Code   272  steering gear control.o(.text.Sigancatch)
    Siganmove                                0x080059f9   Thumb Code    96  steering gear control.o(.text.Siganmove)
    Solenoid_Close                           0x08005a61   Thumb Code    18  steering gear control.o(.text.Solenoid_Close)
    Solenoid_Open                            0x08005a75   Thumb Code    18  steering gear control.o(.text.Solenoid_Open)
    StartDefaultTask                         0x08005a89   Thumb Code     8  freertos.o(.text.StartDefaultTask)
    Step_ZDT_Init                            0x08005a91   Thumb Code    22  zdtstepmotor.o(.text.Step_ZDT_Init)
    Stop                                     0x08005aa9   Thumb Code    84  motor.o(.text.Stop)
    Stop_mode_StateFunc                      0x08005b01   Thumb Code    18  commander.o(.text.Stop_mode_StateFunc)
    SysTick_Handler                          0x08005b15   Thumb Code    24  stm32f4xx_it.o(.text.SysTick_Handler)
    SystemClock_Config                       0x08005b2d   Thumb Code   172  main.o(.text.SystemClock_Config)
    SystemInit                               0x08005bd9   Thumb Code    18  system_stm32f4xx.o(.text.SystemInit)
    TIM4_IRQHandler                          0x08005bed   Thumb Code   182  stm32f4xx_it.o(.text.TIM4_IRQHandler)
    TIM_Base_SetConfig                       0x08005ca5   Thumb Code   322  stm32f4xx_hal_tim.o(.text.TIM_Base_SetConfig)
    Update_Color_Flag                        0x08005ed9   Thumb Code    68  hardware_iic.o(.text.Update_Color_Flag)
    UsageFault_Handler                       0x08005f1d   Thumb Code     2  stm32f4xx_it.o(.text.UsageFault_Handler)
    Yuntai_set_Angle                         0x08005f21   Thumb Code    36  steering gear control.o(.text.Yuntai_set_Angle)
    fsm_Add_Transition                       0x08005f45   Thumb Code    36  fsm.o(.text.fsm_Add_Transition)
    fsm_Create                               0x08005f69   Thumb Code    18  fsm.o(.text.fsm_Create)
    fsm_Create_And_Add_State                 0x08005f7d   Thumb Code    66  fsm.o(.text.fsm_Create_And_Add_State)
    fsm_Execute                              0x08005fc1   Thumb Code    66  fsm.o(.text.fsm_Execute)
    fsm_Set_Initial_State                    0x08006005   Thumb Code     4  fsm.o(.text.fsm_Set_Initial_State)
    main                                     0x08006009   Thumb Code   138  main.o(.text.main)
    main_task_create                         0x08006095   Thumb Code   244  maintask.o(.text.main_task_create)
    motion_StateManager_Execute              0x080061ad   Thumb Code    16  commander.o(.text.motion_StateManager_Execute)
    motion_StateManager_Init                 0x080061bd   Thumb Code  1768  commander.o(.text.motion_StateManager_Init)
    motion_process_task                      0x0800694d   Thumb Code    12  maintask.o(.text.motion_process_task)
    niMotorangle                             0x08006959   Thumb Code   116  motor.o(.text.niMotorangle)
    osDelay                                  0x080069d9   Thumb Code    16  cmsis_os.o(.text.osDelay)
    osKernelStart                            0x080069e9   Thumb Code    10  cmsis_os.o(.text.osKernelStart)
    osThreadCreate                           0x080069f5   Thumb Code    92  cmsis_os.o(.text.osThreadCreate)
    pvPortMalloc                             0x08006d55   Thumb Code   500  heap_4.o(.text.pvPortMalloc)
    pxPortInitialiseStack                    0x08006f49   Thumb Code    36  port.o(.text.pxPortInitialiseStack)
    sensor_process_task                      0x08006f6d   Thumb Code    32  maintask.o(.text.sensor_process_task)
    set_speed_pos_target                     0x08006f91   Thumb Code   264  zdtstepmotor.o(.text.set_speed_pos_target)
    set_speed_target                         0x080070b1   Thumb Code   208  zdtstepmotor.o(.text.set_speed_target)
    uxListRemove                             0x0800718d   Thumb Code    36  list.o(.text.uxListRemove)
    vApplicationGetIdleTaskMemory            0x080071b1   Thumb Code    26  freertos.o(.text.vApplicationGetIdleTaskMemory)
    vListInitialise                          0x080071cd   Thumb Code    22  list.o(.text.vListInitialise)
    vListInitialiseItem                      0x080071e5   Thumb Code     6  list.o(.text.vListInitialiseItem)
    vListInsert                              0x080071ed   Thumb Code    98  list.o(.text.vListInsert)
    vListInsertEnd                           0x08007251   Thumb Code    28  list.o(.text.vListInsertEnd)
    vPortEnterCritical                       0x08007281   Thumb Code    70  port.o(.text.vPortEnterCritical)
    vPortExitCritical                        0x080072c9   Thumb Code    46  port.o(.text.vPortExitCritical)
    vPortFree                                0x080072f9   Thumb Code   212  heap_4.o(.text.vPortFree)
    vPortSetupTimerInterrupt                 0x080073cd   Thumb Code    52  port.o(.text.vPortSetupTimerInterrupt)
    vTaskDelay                               0x08007401   Thumb Code   158  tasks.o(.text.vTaskDelay)
    vTaskStartScheduler                      0x080074a1   Thumb Code   196  tasks.o(.text.vTaskStartScheduler)
    vTaskSuspendAll                          0x0800756d   Thumb Code    16  tasks.o(.text.vTaskSuspendAll)
    vTaskSwitchContext                       0x0800757d   Thumb Code   110  tasks.o(.text.vTaskSwitchContext)
    xPortStartScheduler                      0x080075ed   Thumb Code   392  port.o(.text.xPortStartScheduler)
    xPortSysTickHandler                      0x08007775   Thumb Code    46  port.o(.text.xPortSysTickHandler)
    xTaskCreate                              0x080077a5   Thumb Code    96  tasks.o(.text.xTaskCreate)
    xTaskCreateStatic                        0x08007805   Thumb Code   118  tasks.o(.text.xTaskCreateStatic)
    xTaskGetSchedulerState                   0x0800787d   Thumb Code    30  tasks.o(.text.xTaskGetSchedulerState)
    xTaskIncrementTick                       0x0800789d   Thumb Code   262  tasks.o(.text.xTaskIncrementTick)
    xTaskResumeAll                           0x080079a5   Thumb Code   234  tasks.o(.text.xTaskResumeAll)
    __free$realloc                           0x08007a91   Thumb Code    88  mallocr.o(i.__free$realloc)
    malloc                                   0x08007aed   Thumb Code    64  mallocr.o(i.__malloc$realloc)
    __scatterload_copy                       0x08007b3d   Thumb Code    14  handlers.o(i.__scatterload_copy)
    __scatterload_null                       0x08007b4b   Thumb Code     2  handlers.o(i.__scatterload_null)
    __scatterload_zeroinit                   0x08007b4d   Thumb Code    14  handlers.o(i.__scatterload_zeroinit)
    realloc                                  0x08007bad   Thumb Code   102  mallocr.o(i.realloc)
    AHBPrescTable                            0x08007c18   Data          16  system_stm32f4xx.o(.rodata.AHBPrescTable)
    APBPrescTable                            0x08007c28   Data           8  system_stm32f4xx.o(.rodata.APBPrescTable)
    Region$$Table$$Base                      0x08007dc8   Number         0  anon$$obj.o(Region$$Table)
    Region$$Table$$Limit                     0x08007de8   Number         0  anon$$obj.o(Region$$Table)
    __microlib_freelist                      0x20000000   Data           4  mvars.o(.data)
    __microlib_freelist_initialised          0x20000004   Data           4  mvars.o(.data)
    uwTickFreq                               0x20000008   Data           1  stm32f4xx_hal.o(.data..L_MergedGlobals)
    uwTickPrio                               0x2000000c   Data           4  stm32f4xx_hal.o(.data..L_MergedGlobals)
    Sigan_Motor_Speed                        0x20000010   Data           4  stm32f4xx_it.o(.data.Sigan_Motor_Speed)
    SystemCoreClock                          0x20000014   Data           4  system_stm32f4xx.o(.data.SystemCoreClock)
    motion_process_task_handle               0x20000020   Data           4  maintask.o(.bss..L_MergedGlobals)
    sensor_process_task_handle               0x20000024   Data           4  maintask.o(.bss..L_MergedGlobals)
    Sigan_Motor_State                        0x20000028   Data           4  stm32f4xx_it.o(.bss..L_MergedGlobals)
    Sigan_Motor_Temp_Count                   0x2000002c   Data           4  stm32f4xx_it.o(.bss..L_MergedGlobals)
    SiganActive                              0x20000030   Data           4  stm32f4xx_it.o(.bss..L_MergedGlobals)
    SiganDir                                 0x20000034   Data           4  stm32f4xx_it.o(.bss..L_MergedGlobals)
    Siganbusy                                0x20000038   Data           4  stm32f4xx_it.o(.bss..L_MergedGlobals)
    color_flag                               0x2000003c   Data           1  hardware_iic.o(.bss..L_MergedGlobals)
    RGBwithHSL                               0x2000003d   Data           6  hardware_iic.o(.bss..L_MergedGlobals)
    gray_front                               0x20000043   Data           8  hardware_iic.o(.bss..L_MergedGlobals)
    gray_right                               0x2000004b   Data           8  hardware_iic.o(.bss..L_MergedGlobals)
    FsmYellow                                0x20000054   Data           4  commander.o(.bss..L_MergedGlobals)
    color_read                               0x20000058   Data           4  commander.o(.bss..L_MergedGlobals)
    delivery_count                           0x2000005c   Data           4  commander.o(.bss..L_MergedGlobals)
    yellow_end_flag                          0x20000060   Data           4  commander.o(.bss..L_MergedGlobals)
    finish_flag                              0x20000064   Data           4  commander.o(.bss..L_MergedGlobals)
    cross_flag                               0x20000068   Data           4  commander.o(.bss..L_MergedGlobals)
    cross_ready                              0x2000006c   Data           4  commander.o(.bss..L_MergedGlobals)
    blue_end_flag                            0x20000070   Data           4  commander.o(.bss..L_MergedGlobals)
    red_end_flag                             0x20000074   Data           4  commander.o(.bss..L_MergedGlobals)
    pxCurrentTCB                             0x200000d0   Data           4  tasks.o(.bss..L_MergedGlobals)
    Motor1                                   0x200001e4   Data          88  main.o(.bss.Motor1)
    Motor2                                   0x2000023c   Data          88  main.o(.bss.Motor2)
    Motor3                                   0x20000294   Data          88  main.o(.bss.Motor3)
    Motor4                                   0x200002ec   Data          88  main.o(.bss.Motor4)
    defaultTaskHandle                        0x20000344   Data           4  freertos.o(.bss.defaultTaskHandle)
    hi2c2                                    0x20000348   Data          84  i2c.o(.bss.hi2c2)
    hi2c3                                    0x2000039c   Data          84  i2c.o(.bss.hi2c3)
    htim2                                    0x200003f0   Data          72  tim.o(.bss.htim2)
    htim3                                    0x20000438   Data          72  tim.o(.bss.htim3)
    htim4                                    0x20000480   Data          72  tim.o(.bss.htim4)
    htim5                                    0x200004c8   Data          72  tim.o(.bss.htim5)
    htim6                                    0x20000510   Data          72  tim.o(.bss.htim6)
    huart1                                   0x20000558   Data          72  usart.o(.bss.huart1)
    huart2                                   0x200005a0   Data          72  usart.o(.bss.huart2)
    pulse_remaining                          0x200005e8   Data           4  steering gear control.o(.bss.pulse_remaining)
    uwTick                                   0x20004278   Data           4  stm32f4xx_hal.o(.bss.uwTick)
    __heap_base                              0x200044d0   Data           0  startup_stm32f407xx.o(HEAP)
    __heap_limit                             0x200064d0   Data           0  startup_stm32f407xx.o(HEAP)
    __initial_sp                             0x20006cd0   Data           0  startup_stm32f407xx.o(STACK)



==============================================================================

Memory Map of the image

  Image Entry point : 0x08000189

  Load Region LR_IROM1 (Base: 0x08000000, Size: 0x00007e08, Max: 0x00100000, ABSOLUTE)

    Execution Region ER_IROM1 (Exec base: 0x08000000, Load base: 0x08000000, Size: 0x00007de8, Max: 0x00100000, ABSOLUTE)

    Exec Addr    Load Addr    Size         Type   Attr      Idx    E Section Name        Object

    0x08000000   0x08000000   0x00000188   Data   RO            3    RESET               startup_stm32f407xx.o
    0x08000188   0x08000188   0x00000000   Code   RO         1920  * .ARM.Collect$$$$00000000  mc_w.l(entry.o)
    0x08000188   0x08000188   0x00000004   Code   RO         1975    .ARM.Collect$$$$00000001  mc_w.l(entry2.o)
    0x0800018c   0x0800018c   0x00000004   Code   RO         1978    .ARM.Collect$$$$00000004  mc_w.l(entry5.o)
    0x08000190   0x08000190   0x00000000   Code   RO         1980    .ARM.Collect$$$$00000008  mc_w.l(entry7b.o)
    0x08000190   0x08000190   0x00000000   Code   RO         1982    .ARM.Collect$$$$0000000A  mc_w.l(entry8b.o)
    0x08000190   0x08000190   0x00000008   Code   RO         1983    .ARM.Collect$$$$0000000B  mc_w.l(entry9a.o)
    0x08000198   0x08000198   0x00000000   Code   RO         1985    .ARM.Collect$$$$0000000D  mc_w.l(entry10a.o)
    0x08000198   0x08000198   0x00000000   Code   RO         1987    .ARM.Collect$$$$0000000F  mc_w.l(entry11a.o)
    0x08000198   0x08000198   0x00000004   Code   RO         1976    .ARM.Collect$$$$00002712  mc_w.l(entry2.o)
    0x0800019c   0x0800019c   0x00000024   Code   RO            4    .text               startup_stm32f407xx.o
    0x080001c0   0x080001c0   0x00000062   Code   RO         1923    .text               mc_w.l(uldiv.o)
    0x08000222   0x08000222   0x00000024   Code   RO         1925    .text               mc_w.l(memcpya.o)
    0x08000246   0x08000246   0x000000e4   Code   RO         1961    .text               mf_w.l(dmul.o)
    0x0800032a   0x0800032a   0x000000de   Code   RO         1963    .text               mf_w.l(ddiv.o)
    0x08000408   0x08000408   0x0000003e   Code   RO         1967    .text               mf_w.l(dfixi.o)
    0x08000446   0x08000446   0x00000032   Code   RO         1969    .text               mf_w.l(dfixui.o)
    0x08000478   0x08000478   0x00000026   Code   RO         1971    .text               mf_w.l(f2d.o)
    0x0800049e   0x0800049e   0x0000001e   Code   RO         1989    .text               mc_w.l(llshl.o)
    0x080004bc   0x080004bc   0x00000020   Code   RO         1991    .text               mc_w.l(llushr.o)
    0x080004dc   0x080004dc   0x00000000   Code   RO         1995    .text               mc_w.l(iusefp.o)
    0x080004dc   0x080004dc   0x000000ba   Code   RO         1998    .text               mf_w.l(depilogue.o)
    0x08000596   0x08000596   0x00000002   PAD
    0x08000598   0x08000598   0x00000030   Code   RO         2000    .text               mc_w.l(init.o)
    0x080005c8   0x080005c8   0x000000d4   Code   RO         1393    .text.Back_beginA1_StateFunc  commander.o
    0x0800069c   0x0800069c   0x00000110   Code   RO         1401    .text.Back_beginA2_StateFunc  commander.o
    0x080007ac   0x080007ac   0x00000184   Code   RO         1409    .text.Back_beginA3_StateFunc  commander.o
    0x08000930   0x08000930   0x000000dc   Code   RO         1419    .text.Back_beginB1_StateFunc  commander.o
    0x08000a0c   0x08000a0c   0x0000014c   Code   RO         1427    .text.Back_beginB2_StateFunc  commander.o
    0x08000b58   0x08000b58   0x000001b8   Code   RO         1435    .text.Back_beginB3_StateFunc  commander.o
    0x08000d10   0x08000d10   0x00000150   Code   RO         1445    .text.Back_beginC1_StateFunc  commander.o
    0x08000e60   0x08000e60   0x00000160   Code   RO         1453    .text.Back_beginC2_StateFunc  commander.o
    0x08000fc0   0x08000fc0   0x000001bc   Code   RO         1461    .text.Back_beginC3_StateFunc  commander.o
    0x0800117c   0x0800117c   0x00000130   Code   RO         1395    .text.Back_endA1_StateFunc  commander.o
    0x080012ac   0x080012ac   0x000000fc   Code   RO         1403    .text.Back_endA2_StateFunc  commander.o
    0x080013a8   0x080013a8   0x000000fc   Code   RO         1411    .text.Back_endA3_StateFunc  commander.o
    0x080014a4   0x080014a4   0x00000110   Code   RO         1421    .text.Back_endB1_StateFunc  commander.o
    0x080015b4   0x080015b4   0x00000138   Code   RO         1429    .text.Back_endB2_StateFunc  commander.o
    0x080016ec   0x080016ec   0x00000138   Code   RO         1437    .text.Back_endB3_StateFunc  commander.o
    0x08001824   0x08001824   0x00000120   Code   RO         1447    .text.Back_endC1_StateFunc  commander.o
    0x08001944   0x08001944   0x00000120   Code   RO         1455    .text.Back_endC2_StateFunc  commander.o
    0x08001a64   0x08001a64   0x00000120   Code   RO         1463    .text.Back_endC3_StateFunc  commander.o
    0x08001b84   0x08001b84   0x00000068   Code   RO         1385    .text.Begin_StateFunc  commander.o
    0x08001bec   0x08001bec   0x00000002   Code   RO          147    .text.BusFault_Handler  stm32f4xx_it.o
    0x08001bee   0x08001bee   0x00000002   PAD
    0x08001bf0   0x08001bf0   0x000000a0   Code   RO         1387    .text.CarryA_StateFunc  commander.o
    0x08001c90   0x08001c90   0x0000005c   Code   RO         1413    .text.CarryB_StateFunc  commander.o
    0x08001cec   0x08001cec   0x000000bc   Code   RO         1439    .text.CarryC_StateFunc  commander.o
    0x08001da8   0x08001da8   0x00000014   Code   RO         1467    .text.ConditionA1   commander.o
    0x08001dbc   0x08001dbc   0x0000001e   Code   RO         1469    .text.ConditionA2   commander.o
    0x08001dda   0x08001dda   0x00000002   PAD
    0x08001ddc   0x08001ddc   0x0000001a   Code   RO         1471    .text.ConditionA3   commander.o
    0x08001df6   0x08001df6   0x00000002   PAD
    0x08001df8   0x08001df8   0x0000001e   Code   RO         1473    .text.ConditionA4   commander.o
    0x08001e16   0x08001e16   0x00000002   PAD
    0x08001e18   0x08001e18   0x0000001e   Code   RO         1475    .text.ConditionA5   commander.o
    0x08001e36   0x08001e36   0x00000002   PAD
    0x08001e38   0x08001e38   0x0000001e   Code   RO         1477    .text.ConditionA6   commander.o
    0x08001e56   0x08001e56   0x00000002   PAD
    0x08001e58   0x08001e58   0x0000001a   Code   RO         1479    .text.ConditionB3   commander.o
    0x08001e72   0x08001e72   0x00000002   PAD
    0x08001e74   0x08001e74   0x0000001e   Code   RO         1481    .text.ConditionB6   commander.o
    0x08001e92   0x08001e92   0x00000002   PAD
    0x08001e94   0x08001e94   0x0000001a   Code   RO         1483    .text.ConditionC3   commander.o
    0x08001eae   0x08001eae   0x00000002   PAD
    0x08001eb0   0x08001eb0   0x00000014   Code   RO         1485    .text.ConditionC6   commander.o
    0x08001ec4   0x08001ec4   0x00000002   Code   RO          151    .text.DebugMon_Handler  stm32f4xx_it.o
    0x08001ec6   0x08001ec6   0x00000002   PAD
    0x08001ec8   0x08001ec8   0x000000b4   Code   RO         1389    .text.Delivery_beginA1_StateFunc  commander.o
    0x08001f7c   0x08001f7c   0x000000d4   Code   RO         1397    .text.Delivery_beginA2_StateFunc  commander.o
    0x08002050   0x08002050   0x0000012c   Code   RO         1405    .text.Delivery_beginA3_StateFunc  commander.o
    0x0800217c   0x0800217c   0x00000090   Code   RO         1415    .text.Delivery_beginB1_StateFunc  commander.o
    0x0800220c   0x0800220c   0x0000010c   Code   RO         1423    .text.Delivery_beginB2_StateFunc  commander.o
    0x08002318   0x08002318   0x00000168   Code   RO         1431    .text.Delivery_beginB3_StateFunc  commander.o
    0x08002480   0x08002480   0x000000bc   Code   RO         1441    .text.Delivery_beginC1_StateFunc  commander.o
    0x0800253c   0x0800253c   0x000000cc   Code   RO         1449    .text.Delivery_beginC2_StateFunc  commander.o
    0x08002608   0x08002608   0x000000e0   Code   RO         1457    .text.Delivery_beginC3_StateFunc  commander.o
    0x080026e8   0x080026e8   0x000000ac   Code   RO         1391    .text.Delivery_endA1_StateFunc  commander.o
    0x08002794   0x08002794   0x000000ac   Code   RO         1399    .text.Delivery_endA2_StateFunc  commander.o
    0x08002840   0x08002840   0x0000009c   Code   RO         1407    .text.Delivery_endA3_StateFunc  commander.o
    0x080028dc   0x080028dc   0x0000009c   Code   RO         1417    .text.Delivery_endB1_StateFunc  commander.o
    0x08002978   0x08002978   0x0000009c   Code   RO         1425    .text.Delivery_endB2_StateFunc  commander.o
    0x08002a14   0x08002a14   0x0000009c   Code   RO         1433    .text.Delivery_endB3_StateFunc  commander.o
    0x08002ab0   0x08002ab0   0x0000009c   Code   RO         1443    .text.Delivery_endC1_StateFunc  commander.o
    0x08002b4c   0x08002b4c   0x0000009c   Code   RO         1451    .text.Delivery_endC2_StateFunc  commander.o
    0x08002be8   0x08002be8   0x000000b0   Code   RO         1459    .text.Delivery_endC3_StateFunc  commander.o
    0x08002c98   0x08002c98   0x00000006   Code   RO           29    .text.Error_Handler  main.o
    0x08002c9e   0x08002c9e   0x00000002   PAD
    0x08002ca0   0x08002ca0   0x00000168   Code   RO         1351    .text.Get_Black_Line_Position  motor.o
    0x08002e08   0x08002e08   0x00000028   Code   RO          494    .text.HAL_Delay     stm32f4xx_hal.o
    0x08002e30   0x08002e30   0x0000019e   Code   RO          289    .text.HAL_GPIO_Init  stm32f4xx_hal_gpio.o
    0x08002fce   0x08002fce   0x00000002   PAD
    0x08002fd0   0x08002fd0   0x0000000a   Code   RO          295    .text.HAL_GPIO_WritePin  stm32f4xx_hal_gpio.o
    0x08002fda   0x08002fda   0x00000002   PAD
    0x08002fdc   0x08002fdc   0x0000000c   Code   RO          486    .text.HAL_GetTick   stm32f4xx_hal.o
    0x08002fe8   0x08002fe8   0x00000164   Code   RO          564    .text.HAL_I2C_Init  stm32f4xx_hal_i2c.o
    0x0800314c   0x0800314c   0x00000258   Code   RO          612    .text.HAL_I2C_Mem_Read  stm32f4xx_hal_i2c.o
    0x080033a4   0x080033a4   0x00000110   Code   RO           76    .text.HAL_I2C_MspInit  i2c.o
    0x080034b4   0x080034b4   0x0000001a   Code   RO          484    .text.HAL_IncTick   stm32f4xx_hal.o
    0x080034ce   0x080034ce   0x00000002   PAD
    0x080034d0   0x080034d0   0x00000036   Code   RO          474    .text.HAL_Init      stm32f4xx_hal.o
    0x08003506   0x08003506   0x00000002   PAD
    0x08003508   0x08003508   0x00000048   Code   RO          476    .text.HAL_InitTick  stm32f4xx_hal.o
    0x08003550   0x08003550   0x00000084   Code   RO          170    .text.HAL_MspInit   stm32f4xx_hal_msp.o
    0x080035d4   0x080035d4   0x00000022   Code   RO          426    .text.HAL_NVIC_EnableIRQ  stm32f4xx_hal_cortex.o
    0x080035f6   0x080035f6   0x00000002   PAD
    0x080035f8   0x080035f8   0x00000056   Code   RO          424    .text.HAL_NVIC_SetPriority  stm32f4xx_hal_cortex.o
    0x0800364e   0x0800364e   0x00000002   PAD
    0x08003650   0x08003650   0x00000020   Code   RO          422    .text.HAL_NVIC_SetPriorityGrouping  stm32f4xx_hal_cortex.o
    0x08003670   0x08003670   0x00000164   Code   RO          183    .text.HAL_RCC_ClockConfig  stm32f4xx_hal_rcc.o
    0x080037d4   0x080037d4   0x00000026   Code   RO          195    .text.HAL_RCC_GetPCLK1Freq  stm32f4xx_hal_rcc.o
    0x080037fa   0x080037fa   0x00000002   PAD
    0x080037fc   0x080037fc   0x00000026   Code   RO          197    .text.HAL_RCC_GetPCLK2Freq  stm32f4xx_hal_rcc.o
    0x08003822   0x08003822   0x00000002   PAD
    0x08003824   0x08003824   0x0000006a   Code   RO          185    .text.HAL_RCC_GetSysClockFreq  stm32f4xx_hal_rcc.o
    0x0800388e   0x0800388e   0x00000002   PAD
    0x08003890   0x08003890   0x000003b0   Code   RO          181    .text.HAL_RCC_OscConfig  stm32f4xx_hal_rcc.o
    0x08003c40   0x08003c40   0x0000002c   Code   RO          434    .text.HAL_SYSTICK_Config  stm32f4xx_hal_cortex.o
    0x08003c6c   0x08003c6c   0x00000002   Code   RO         1008    .text.HAL_TIMEx_BreakCallback  stm32f4xx_hal_tim_ex.o
    0x08003c6e   0x08003c6e   0x00000002   PAD
    0x08003c70   0x08003c70   0x00000002   Code   RO         1004    .text.HAL_TIMEx_CommutCallback  stm32f4xx_hal_tim_ex.o
    0x08003c72   0x08003c72   0x00000002   PAD
    0x08003c74   0x08003c74   0x000000ba   Code   RO          998    .text.HAL_TIMEx_MasterConfigSynchronization  stm32f4xx_hal_tim_ex.o
    0x08003d2e   0x08003d2e   0x00000002   PAD
    0x08003d30   0x08003d30   0x0000005a   Code   RO          703    .text.HAL_TIM_Base_Init  stm32f4xx_hal_tim.o
    0x08003d8a   0x08003d8a   0x00000002   PAD
    0x08003d8c   0x08003d8c   0x000000ca   Code   RO          102    .text.HAL_TIM_Base_MspInit  tim.o
    0x08003e56   0x08003e56   0x00000002   PAD
    0x08003e58   0x08003e58   0x000000aa   Code   RO          717    .text.HAL_TIM_Base_Start_IT  stm32f4xx_hal_tim.o
    0x08003f02   0x08003f02   0x00000002   PAD
    0x08003f04   0x08003f04   0x000001a0   Code   RO          883    .text.HAL_TIM_ConfigClockSource  stm32f4xx_hal_tim.o
    0x080040a4   0x080040a4   0x00000002   Code   RO          839    .text.HAL_TIM_IC_CaptureCallback  stm32f4xx_hal_tim.o
    0x080040a6   0x080040a6   0x00000002   PAD
    0x080040a8   0x080040a8   0x0000014e   Code   RO          837    .text.HAL_TIM_IRQHandler  stm32f4xx_hal_tim.o
    0x080041f6   0x080041f6   0x00000002   PAD
    0x080041f8   0x080041f8   0x00000002   Code   RO          841    .text.HAL_TIM_OC_DelayElapsedCallback  stm32f4xx_hal_tim.o
    0x080041fa   0x080041fa   0x00000002   PAD
    0x080041fc   0x080041fc   0x00000224   Code   RO          857    .text.HAL_TIM_PWM_ConfigChannel  stm32f4xx_hal_tim.o
    0x08004420   0x08004420   0x0000005a   Code   RO          757    .text.HAL_TIM_PWM_Init  stm32f4xx_hal_tim.o
    0x0800447a   0x0800447a   0x00000002   PAD
    0x0800447c   0x0800447c   0x00000002   Code   RO          759    .text.HAL_TIM_PWM_MspInit  stm32f4xx_hal_tim.o
    0x0800447e   0x0800447e   0x00000002   PAD
    0x08004480   0x08004480   0x00000002   Code   RO          843    .text.HAL_TIM_PWM_PulseFinishedCallback  stm32f4xx_hal_tim.o
    0x08004482   0x08004482   0x00000002   PAD
    0x08004484   0x08004484   0x0000011e   Code   RO          765    .text.HAL_TIM_PWM_Start  stm32f4xx_hal_tim.o
    0x080045a2   0x080045a2   0x00000002   PAD
    0x080045a4   0x080045a4   0x00000002   Code   RO          845    .text.HAL_TIM_PeriodElapsedCallback  stm32f4xx_hal_tim.o
    0x080045a6   0x080045a6   0x00000002   PAD
    0x080045a8   0x080045a8   0x00000002   Code   RO          847    .text.HAL_TIM_TriggerCallback  stm32f4xx_hal_tim.o
    0x080045aa   0x080045aa   0x00000002   PAD
    0x080045ac   0x080045ac   0x00000060   Code   RO         1022    .text.HAL_UART_Init  stm32f4xx_hal_uart.o
    0x0800460c   0x0800460c   0x000000c0   Code   RO          123    .text.HAL_UART_MspInit  usart.o
    0x080046cc   0x080046cc   0x00000178   Code   RO         1038    .text.HAL_UART_Transmit  stm32f4xx_hal_uart.o
    0x08004844   0x08004844   0x00000002   Code   RO          143    .text.HardFault_Handler  stm32f4xx_it.o
    0x08004846   0x08004846   0x00000002   PAD
    0x08004848   0x08004848   0x00000112   Code   RO          614    .text.I2C_RequestMemoryRead  stm32f4xx_hal_i2c.o
    0x0800495a   0x0800495a   0x00000002   PAD
    0x0800495c   0x0800495c   0x000001ca   Code   RO          574    .text.I2C_WaitOnFlagUntilTimeout  stm32f4xx_hal_i2c.o
    0x08004b26   0x08004b26   0x00000002   PAD
    0x08004b28   0x08004b28   0x000000d6   Code   RO          692    .text.I2C_WaitOnMasterAddressFlagUntilTimeout  stm32f4xx_hal_i2c.o
    0x08004bfe   0x08004bfe   0x00000002   PAD
    0x08004c00   0x08004c00   0x00000090   Code   RO          582    .text.I2C_WaitOnRXNEFlagUntilTimeout  stm32f4xx_hal_i2c.o
    0x08004c90   0x08004c90   0x000000ba   Code   RO          576    .text.I2C_WaitOnTXEFlagUntilTimeout  stm32f4xx_hal_i2c.o
    0x08004d4a   0x08004d4a   0x00000002   PAD
    0x08004d4c   0x08004d4c   0x000000cc   Code   RO         1353    .text.LineTracking  motor.o
    0x08004e18   0x08004e18   0x00000050   Code   RO           56    .text.MX_FREERTOS_Init  freertos.o
    0x08004e68   0x08004e68   0x0000009e   Code   RO           44    .text.MX_GPIO_Init  gpio.o
    0x08004f06   0x08004f06   0x00000002   PAD
    0x08004f08   0x08004f08   0x0000003e   Code   RO           72    .text.MX_I2C2_Init  i2c.o
    0x08004f46   0x08004f46   0x00000002   PAD
    0x08004f48   0x08004f48   0x0000003e   Code   RO           74    .text.MX_I2C3_Init  i2c.o
    0x08004f86   0x08004f86   0x00000002   PAD
    0x08004f88   0x08004f88   0x00000164   Code   RO           90    .text.MX_TIM2_Init  tim.o
    0x080050ec   0x080050ec   0x0000015e   Code   RO           94    .text.MX_TIM3_Init  tim.o
    0x0800524a   0x0800524a   0x00000002   PAD
    0x0800524c   0x0800524c   0x00000072   Code   RO           96    .text.MX_TIM4_Init  tim.o
    0x080052be   0x080052be   0x00000002   PAD
    0x080052c0   0x080052c0   0x0000015e   Code   RO           98    .text.MX_TIM5_Init  tim.o
    0x0800541e   0x0800541e   0x00000002   PAD
    0x08005420   0x08005420   0x00000050   Code   RO          100    .text.MX_TIM6_Init  tim.o
    0x08005470   0x08005470   0x0000003c   Code   RO          119    .text.MX_USART1_UART_Init  usart.o
    0x080054ac   0x080054ac   0x0000003c   Code   RO          121    .text.MX_USART2_UART_Init  usart.o
    0x080054e8   0x080054e8   0x00000002   Code   RO          145    .text.MemManage_Handler  stm32f4xx_it.o
    0x080054ea   0x080054ea   0x00000002   PAD
    0x080054ec   0x080054ec   0x00000080   Code   RO         1369    .text.Motorangle    motor.o
    0x0800556c   0x0800556c   0x0000006c   Code   RO         1363    .text.Move_Backward_Position  motor.o
    0x080055d8   0x080055d8   0x0000006c   Code   RO         1361    .text.Move_Forward_Position  motor.o
    0x08005644   0x08005644   0x00000074   Code   RO         1367    .text.Move_Left_Position  motor.o
    0x080056b8   0x080056b8   0x00000074   Code   RO         1365    .text.Move_Right_Position  motor.o
    0x0800572c   0x0800572c   0x00000002   Code   RO          141    .text.NMI_Handler   stm32f4xx_it.o
    0x0800572e   0x0800572e   0x00000002   PAD
    0x08005730   0x08005730   0x00000064   Code   RO         1905    .text.PendSV_Handler  port.o
    0x08005794   0x08005794   0x00000012   Code   RO         1320    .text.Pump_Close    steering gear control.o
    0x080057a6   0x080057a6   0x00000002   PAD
    0x080057a8   0x080057a8   0x00000012   Code   RO         1318    .text.Pump_Open     steering gear control.o
    0x080057ba   0x080057ba   0x00000002   PAD
    0x080057bc   0x080057bc   0x000000b2   Code   RO         1259    .text.Read_All_GRAY_Digital  hardware_iic.o
    0x0800586e   0x0800586e   0x00000002   PAD
    0x08005870   0x08005870   0x00000046   Code   RO         1261    .text.Read_RGB_HSL  hardware_iic.o
    0x080058b6   0x080058b6   0x0000000a   PAD
    0x080058c0   0x080058c0   0x00000024   Code   RO         1889    .text.SVC_Handler   port.o
    0x080058e4   0x080058e4   0x00000110   Code   RO         1334    .text.Sigancatch    steering gear control.o
    0x080059f4   0x080059f4   0x00000004   PAD
    0x080059f8   0x080059f8   0x00000068   Code   RO         1332    .text.Siganmove     steering gear control.o
    0x08005a60   0x08005a60   0x00000012   Code   RO         1326    .text.Solenoid_Close  steering gear control.o
    0x08005a72   0x08005a72   0x00000002   PAD
    0x08005a74   0x08005a74   0x00000012   Code   RO         1324    .text.Solenoid_Open  steering gear control.o
    0x08005a86   0x08005a86   0x00000002   PAD
    0x08005a88   0x08005a88   0x00000008   Code   RO           58    .text.StartDefaultTask  freertos.o
    0x08005a90   0x08005a90   0x00000016   Code   RO         1207    .text.Step_ZDT_Init  zdtstepmotor.o
    0x08005aa6   0x08005aa6   0x00000002   PAD
    0x08005aa8   0x08005aa8   0x00000058   Code   RO         1359    .text.Stop          motor.o
    0x08005b00   0x08005b00   0x00000012   Code   RO         1465    .text.Stop_mode_StateFunc  commander.o
    0x08005b12   0x08005b12   0x00000002   PAD
    0x08005b14   0x08005b14   0x00000018   Code   RO          153    .text.SysTick_Handler  stm32f4xx_it.o
    0x08005b2c   0x08005b2c   0x000000ac   Code   RO           27    .text.SystemClock_Config  main.o
    0x08005bd8   0x08005bd8   0x00000012   Code   RO         1144    .text.SystemInit    system_stm32f4xx.o
    0x08005bea   0x08005bea   0x00000002   PAD
    0x08005bec   0x08005bec   0x000000b6   Code   RO          155    .text.TIM4_IRQHandler  stm32f4xx_it.o
    0x08005ca2   0x08005ca2   0x00000002   PAD
    0x08005ca4   0x08005ca4   0x00000142   Code   RO          707    .text.TIM_Base_SetConfig  stm32f4xx_hal_tim.o
    0x08005de6   0x08005de6   0x00000002   PAD
    0x08005de8   0x08005de8   0x000000ee   Code   RO         1026    .text.UART_SetConfig  stm32f4xx_hal_uart.o
    0x08005ed6   0x08005ed6   0x00000002   PAD
    0x08005ed8   0x08005ed8   0x00000044   Code   RO         1263    .text.Update_Color_Flag  hardware_iic.o
    0x08005f1c   0x08005f1c   0x00000002   Code   RO          149    .text.UsageFault_Handler  stm32f4xx_it.o
    0x08005f1e   0x08005f1e   0x00000002   PAD
    0x08005f20   0x08005f20   0x00000024   Code   RO         1328    .text.Yuntai_set_Angle  steering gear control.o
    0x08005f44   0x08005f44   0x00000024   Code   RO         1185    .text.fsm_Add_Transition  fsm.o
    0x08005f68   0x08005f68   0x00000012   Code   RO         1179    .text.fsm_Create    fsm.o
    0x08005f7a   0x08005f7a   0x00000002   PAD
    0x08005f7c   0x08005f7c   0x00000042   Code   RO         1183    .text.fsm_Create_And_Add_State  fsm.o
    0x08005fbe   0x08005fbe   0x00000002   PAD
    0x08005fc0   0x08005fc0   0x00000042   Code   RO         1189    .text.fsm_Execute   fsm.o
    0x08006002   0x08006002   0x00000002   PAD
    0x08006004   0x08006004   0x00000004   Code   RO         1187    .text.fsm_Set_Initial_State  fsm.o
    0x08006008   0x08006008   0x0000008a   Code   RO           25    .text.main          main.o
    0x08006092   0x08006092   0x00000002   PAD
    0x08006094   0x08006094   0x00000118   Code   RO           11    .text.main_task_create  maintask.o
    0x080061ac   0x080061ac   0x00000010   Code   RO         1487    .text.motion_StateManager_Execute  commander.o
    0x080061bc   0x080061bc   0x00000790   Code   RO         1383    .text.motion_StateManager_Init  commander.o
    0x0800694c   0x0800694c   0x0000000c   Code   RO           13    .text.motion_process_task  maintask.o
    0x08006958   0x08006958   0x00000080   Code   RO         1371    .text.niMotorangle  motor.o
    0x080069d8   0x080069d8   0x00000010   Code   RO         1767    .text.osDelay       cmsis_os.o
    0x080069e8   0x080069e8   0x0000000a   Code   RO         1749    .text.osKernelStart  cmsis_os.o
    0x080069f2   0x080069f2   0x00000002   PAD
    0x080069f4   0x080069f4   0x0000005c   Code   RO         1755    .text.osThreadCreate  cmsis_os.o
    0x08006a50   0x08006a50   0x000000fc   Code   RO         1647    .text.prvAddNewTaskToReadyList  tasks.o
    0x08006b4c   0x08006b4c   0x00000086   Code   RO         1677    .text.prvIdleTask   tasks.o
    0x08006bd2   0x08006bd2   0x00000002   PAD
    0x08006bd4   0x08006bd4   0x00000118   Code   RO         1645    .text.prvInitialiseNewTask  tasks.o
    0x08006cec   0x08006cec   0x00000028   Code   RO         1897    .text.prvPortStartFirstTask  port.o
    0x08006d14   0x08006d14   0x0000003e   Code   RO         1887    .text.prvTaskExitError  port.o
    0x08006d52   0x08006d52   0x00000002   PAD
    0x08006d54   0x08006d54   0x000001f4   Code   RO         1863    .text.pvPortMalloc  heap_4.o
    0x08006f48   0x08006f48   0x00000024   Code   RO         1885    .text.pxPortInitialiseStack  port.o
    0x08006f6c   0x08006f6c   0x00000020   Code   RO           15    .text.sensor_process_task  maintask.o
    0x08006f8c   0x08006f8c   0x00000004   PAD
    0x08006f90   0x08006f90   0x0000011c   Code   RO         1211    .text.set_speed_pos_target  zdtstepmotor.o
    0x080070ac   0x080070ac   0x00000004   PAD
    0x080070b0   0x080070b0   0x000000dc   Code   RO         1209    .text.set_speed_target  zdtstepmotor.o
    0x0800718c   0x0800718c   0x00000024   Code   RO         1536    .text.uxListRemove  list.o
    0x080071b0   0x080071b0   0x0000001a   Code   RO           54    .text.vApplicationGetIdleTaskMemory  freertos.o
    0x080071ca   0x080071ca   0x00000002   PAD
    0x080071cc   0x080071cc   0x00000016   Code   RO         1528    .text.vListInitialise  list.o
    0x080071e2   0x080071e2   0x00000002   PAD
    0x080071e4   0x080071e4   0x00000006   Code   RO         1530    .text.vListInitialiseItem  list.o
    0x080071ea   0x080071ea   0x00000002   PAD
    0x080071ec   0x080071ec   0x00000062   Code   RO         1534    .text.vListInsert   list.o
    0x0800724e   0x0800724e   0x00000002   PAD
    0x08007250   0x08007250   0x0000001c   Code   RO         1532    .text.vListInsertEnd  list.o
    0x0800726c   0x0800726c   0x00000014   Code   RO         1895    .text.vPortEnableVFP  port.o
    0x08007280   0x08007280   0x00000046   Code   RO         1901    .text.vPortEnterCritical  port.o
    0x080072c6   0x080072c6   0x00000002   PAD
    0x080072c8   0x080072c8   0x0000002e   Code   RO         1903    .text.vPortExitCritical  port.o
    0x080072f6   0x080072f6   0x00000002   PAD
    0x080072f8   0x080072f8   0x000000d4   Code   RO         1865    .text.vPortFree     heap_4.o
    0x080073cc   0x080073cc   0x00000034   Code   RO         1893    .text.vPortSetupTimerInterrupt  port.o
    0x08007400   0x08007400   0x0000009e   Code   RO         1653    .text.vTaskDelay    tasks.o
    0x0800749e   0x0800749e   0x00000002   PAD
    0x080074a0   0x080074a0   0x000000cc   Code   RO         1675    .text.vTaskStartScheduler  tasks.o
    0x0800756c   0x0800756c   0x00000010   Code   RO         1655    .text.vTaskSuspendAll  tasks.o
    0x0800757c   0x0800757c   0x0000006e   Code   RO         1669    .text.vTaskSwitchContext  tasks.o
    0x080075ea   0x080075ea   0x00000002   PAD
    0x080075ec   0x080075ec   0x00000188   Code   RO         1891    .text.xPortStartScheduler  port.o
    0x08007774   0x08007774   0x0000002e   Code   RO         1907    .text.xPortSysTickHandler  port.o
    0x080077a2   0x080077a2   0x00000002   PAD
    0x080077a4   0x080077a4   0x00000060   Code   RO         1649    .text.xTaskCreate   tasks.o
    0x08007804   0x08007804   0x00000076   Code   RO         1643    .text.xTaskCreateStatic  tasks.o
    0x0800787a   0x0800787a   0x00000002   PAD
    0x0800787c   0x0800787c   0x0000001e   Code   RO         1711    .text.xTaskGetSchedulerState  tasks.o
    0x0800789a   0x0800789a   0x00000002   PAD
    0x0800789c   0x0800789c   0x00000106   Code   RO         1681    .text.xTaskIncrementTick  tasks.o
    0x080079a2   0x080079a2   0x00000002   PAD
    0x080079a4   0x080079a4   0x000000ea   Code   RO         1659    .text.xTaskResumeAll  tasks.o
    0x08007a8e   0x08007a8e   0x00000002   PAD
    0x08007a90   0x08007a90   0x0000005c   Code   RO         1935    i.__free$realloc    mc_w.l(mallocr.o)
    0x08007aec   0x08007aec   0x00000050   Code   RO         1936    i.__malloc$realloc  mc_w.l(mallocr.o)
    0x08007b3c   0x08007b3c   0x0000000e   Code   RO         2004    i.__scatterload_copy  mc_w.l(handlers.o)
    0x08007b4a   0x08007b4a   0x00000002   Code   RO         2005    i.__scatterload_null  mc_w.l(handlers.o)
    0x08007b4c   0x08007b4c   0x0000000e   Code   RO         2006    i.__scatterload_zeroinit  mc_w.l(handlers.o)
    0x08007b5a   0x08007b5a   0x00000002   PAD
    0x08007b5c   0x08007b5c   0x00000050   Code   RO         1937    i.internal_alloc    mc_w.l(mallocr.o)
    0x08007bac   0x08007bac   0x0000006c   Code   RO         1938    i.realloc           mc_w.l(mallocr.o)
    0x08007c18   0x08007c18   0x00000010   Data   RO         1149    .rodata.AHBPrescTable  system_stm32f4xx.o
    0x08007c28   0x08007c28   0x00000008   Data   RO         1150    .rodata.APBPrescTable  system_stm32f4xx.o
    0x08007c30   0x08007c30   0x0000000c   Data   RO           62    .rodata.str1.1      freertos.o
    0x08007c3c   0x08007c3c   0x0000018b   Data   RO         1489    .rodata.str1.1      commander.o
    0x08007dc7   0x08007dc7   0x00000001   PAD
    0x08007dc8   0x08007dc8   0x00000020   Data   RO         2003    Region$$Table       anon$$obj.o


    Execution Region RW_IRAM1 (Exec base: 0x20000000, Load base: 0x08007de8, Size: 0x00006cd0, Max: 0x0001c000, ABSOLUTE)

    Exec Addr    Load Addr    Size         Type   Attr      Idx    E Section Name        Object

    0x20000000   0x08007de8   0x00000004   Data   RW         1993    .data               mc_w.l(mvars.o)
    0x20000004   0x08007dec   0x00000004   Data   RW         1994    .data               mc_w.l(mvars.o)
    0x20000008   0x08007df0   0x00000008   Data   RW          529    .data..L_MergedGlobals  stm32f4xx_hal.o
    0x20000010   0x08007df8   0x00000004   Data   RW          157    .data.Sigan_Motor_Speed  stm32f4xx_it.o
    0x20000014   0x08007dfc   0x00000004   Data   RW         1148    .data.SystemCoreClock  system_stm32f4xx.o
    0x20000018   0x08007e00   0x00000004   Data   RW         1911    .data.uxCriticalNesting  port.o
    0x2000001c   0x08007e04   0x00000004   PAD
    0x20000020        -       0x00000008   Zero   RW           17    .bss..L_MergedGlobals  maintask.o
    0x20000028        -       0x00000014   Zero   RW          161    .bss..L_MergedGlobals  stm32f4xx_it.o
    0x2000003c        -       0x00000017   Zero   RW         1267    .bss..L_MergedGlobals  hardware_iic.o
    0x20000053   0x08007e04   0x00000001   PAD
    0x20000054        -       0x0000007c   Zero   RW         1490    .bss..L_MergedGlobals  commander.o
    0x200000d0        -       0x00000078   Zero   RW         1738    .bss..L_MergedGlobals  tasks.o
    0x20000148        -       0x00000020   Zero   RW         1876    .bss..L_MergedGlobals  heap_4.o
    0x20000168        -       0x00000008   Zero   RW         1912    .bss..L_MergedGlobals  port.o
    0x20000170        -       0x00000028   Zero   RW         1739    .bss..L_MergedGlobals.2  tasks.o
    0x20000198        -       0x0000004c   Zero   RW         1491    .bss..L_MergedGlobals.41  commander.o
    0x200001e4        -       0x00000058   Zero   RW           31    .bss.Motor1         main.o
    0x2000023c        -       0x00000058   Zero   RW           32    .bss.Motor2         main.o
    0x20000294        -       0x00000058   Zero   RW           33    .bss.Motor3         main.o
    0x200002ec        -       0x00000058   Zero   RW           34    .bss.Motor4         main.o
    0x20000344        -       0x00000004   Zero   RW           63    .bss.defaultTaskHandle  freertos.o
    0x20000348        -       0x00000054   Zero   RW           80    .bss.hi2c2          i2c.o
    0x2000039c        -       0x00000054   Zero   RW           81    .bss.hi2c3          i2c.o
    0x200003f0        -       0x00000048   Zero   RW          106    .bss.htim2          tim.o
    0x20000438        -       0x00000048   Zero   RW          107    .bss.htim3          tim.o
    0x20000480        -       0x00000048   Zero   RW          108    .bss.htim4          tim.o
    0x200004c8        -       0x00000048   Zero   RW          109    .bss.htim5          tim.o
    0x20000510        -       0x00000048   Zero   RW          110    .bss.htim6          tim.o
    0x20000558        -       0x00000048   Zero   RW          127    .bss.huart1         usart.o
    0x200005a0        -       0x00000048   Zero   RW          128    .bss.huart2         usart.o
    0x200005e8        -       0x00000004   Zero   RW         1336    .bss.pulse_remaining  steering gear control.o
    0x200005ec        -       0x0000008c   Zero   RW         1737    .bss.pxReadyTasksLists  tasks.o
    0x20000678        -       0x00003c00   Zero   RW         1875    .bss.ucHeap         heap_4.o
    0x20004278        -       0x00000004   Zero   RW          528    .bss.uwTick         stm32f4xx_hal.o
    0x2000427c        -       0x00000200   Zero   RW           61    .bss.xIdleStack     freertos.o
    0x2000447c        -       0x00000054   Zero   RW           60    .bss.xIdleTaskTCBBuffer  freertos.o
    0x200044d0        -       0x00002000   Zero   RW            2    HEAP                startup_stm32f407xx.o
    0x200064d0        -       0x00000800   Zero   RW            1    STACK               startup_stm32f407xx.o


    Execution Region RW_IRAM2 (Exec base: 0x2001c000, Load base: 0x08007e08, Size: 0x00000000, Max: 0x00004000, ABSOLUTE)

    **** No section assigned to this execution region ****


==============================================================================

Image component sizes


      Code (inc. data)   RO Data    RW Data    ZI Data      Debug   Object Name

       118          0          0          0          0      24942   cmsis_os.o
     11882        656        395          0        200      16395   commander.o
       114         28         12          0        600       3086   freertos.o
       190          0          0          0          0       2841   fsm.o
       158          0          0          0          0       2336   gpio.o
       316          0          0          0         23       8949   hardware_iic.o
       712          0          0          0      15392       5697   heap_4.o
       396          0          0          0        168       5547   i2c.o
       190          0          0          0          0       2308   list.o
       316          0          0          0        352       7760   main.o
       324         36          0          0          8       1933   maintask.o
      1356         64          0          0          0       8642   motor.o
       900         16          0          4          8       4335   port.o
        36          8        392          0      10240        820   startup_stm32f407xx.o
       484          8          0          0          4       2820   steering gear control.o
       204          0          0          8          4       7288   stm32f4xx_hal.o
       196          0          0          0          0      10742   stm32f4xx_hal_cortex.o
       424          0          0          0          0       5316   stm32f4xx_hal_gpio.o
      2232          0          0          0          0      43850   stm32f4xx_hal_i2c.o
       132          0          0          0          0       3532   stm32f4xx_hal_msp.o
      1482          0          0          0          0       7395   stm32f4xx_hal_rcc.o
      2268          6          0          0          0      55647   stm32f4xx_hal_tim.o
       190          0          0          0          0      21007   stm32f4xx_hal_tim_ex.o
       710          0          0          0          0      32370   stm32f4xx_hal_uart.o
       218          0          0          4         20       5908   stm32f4xx_it.o
        18          0         24          4          0       2572   system_stm32f4xx.o
      1894          8          0          0        300      28051   tasks.o
      1452          8          0          0        360      11374   tim.o
       312          0          0          0        144       5572   usart.o
       526         32          0          0          0       6833   zdtstepmotor.o

    ----------------------------------------------------------------------
     29932        874        856         20      27828     345868   Object Totals
         0          0         32          0          0          0   (incl. Generated)
       182          4          1          0          5          0   (incl. Padding)

    ----------------------------------------------------------------------

      Code (inc. data)   RO Data    RW Data    ZI Data      Debug   Library Member Name

         0          0          0          0          0          0   entry.o
         0          0          0          0          0          0   entry10a.o
         0          0          0          0          0          0   entry11a.o
         8          4          0          0          0          0   entry2.o
         4          0          0          0          0          0   entry5.o
         0          0          0          0          0          0   entry7b.o
         0          0          0          0          0          0   entry8b.o
         8          4          0          0          0          0   entry9a.o
        30          0          0          0          0          0   handlers.o
        48         10          0          0          0         68   init.o
         0          0          0          0          0          0   iusefp.o
        30          0          0          0          0         68   llshl.o
        32          0          0          0          0         68   llushr.o
       360         30          0          0          0        356   mallocr.o
        36          0          0          0          0         68   memcpya.o
         0          0          0          8          0          0   mvars.o
        98          0          0          0          0         92   uldiv.o
       222          0          0          0          0        100   ddiv.o
       186          0          0          0          0        176   depilogue.o
        62          0          0          0          0         80   dfixi.o
        50          0          0          0          0         76   dfixui.o
       228          0          0          0          0         96   dmul.o
        38          0          0          0          0         68   f2d.o

    ----------------------------------------------------------------------
      1444         48          0          8          0       1316   Library Totals
         4          0          0          0          0          0   (incl. Padding)

    ----------------------------------------------------------------------

      Code (inc. data)   RO Data    RW Data    ZI Data      Debug   Library Name

       654         48          0          8          0        720   mc_w.l
       786          0          0          0          0        596   mf_w.l

    ----------------------------------------------------------------------
      1444         48          0          8          0       1316   Library Totals

    ----------------------------------------------------------------------

==============================================================================


      Code (inc. data)   RO Data    RW Data    ZI Data      Debug   

     31376        922        856         28      27828     346204   Grand Totals
     31376        922        856         28      27828     346204   ELF Image Totals
     31376        922        856         28          0          0   ROM Totals

==============================================================================

    Total RO  Size (Code + RO Data)                32232 (  31.48kB)
    Total RW  Size (RW Data + ZI Data)             27856 (  27.20kB)
    Total ROM Size (Code + RO Data + RW Data)      32260 (  31.50kB)

==============================================================================

